Archive member included to satisfy reference by file (symbol)

c:/st/stm32cubeide_1.9.0/stm32cubeide/plugins/com.st.stm32cube.ide.mcu.externaltools.gnu-tools-for-stm32.10.3-2021.10.win32_1.0.0.202111181127/tools/bin/../lib/gcc/arm-none-eabi/10.3.1/../../../../arm-none-eabi/lib/thumb/v7e-m+fp/hard\libc_nano.a(lib_a-errno.o)
                              ./Core/Src/syscalls.o (__errno)
c:/st/stm32cubeide_1.9.0/stm32cubeide/plugins/com.st.stm32cube.ide.mcu.externaltools.gnu-tools-for-stm32.10.3-2021.10.win32_1.0.0.202111181127/tools/bin/../lib/gcc/arm-none-eabi/10.3.1/../../../../arm-none-eabi/lib/thumb/v7e-m+fp/hard\libc_nano.a(lib_a-exit.o)
                              c:/st/stm32cubeide_1.9.0/stm32cubeide/plugins/com.st.stm32cube.ide.mcu.externaltools.gnu-tools-for-stm32.10.3-2021.10.win32_1.0.0.202111181127/tools/bin/../lib/gcc/arm-none-eabi/10.3.1/../../../../arm-none-eabi/lib/thumb/v7e-m+fp/hard/crt0.o (exit)
c:/st/stm32cubeide_1.9.0/stm32cubeide/plugins/com.st.stm32cube.ide.mcu.externaltools.gnu-tools-for-stm32.10.3-2021.10.win32_1.0.0.202111181127/tools/bin/../lib/gcc/arm-none-eabi/10.3.1/../../../../arm-none-eabi/lib/thumb/v7e-m+fp/hard\libc_nano.a(lib_a-impure.o)
                              c:/st/stm32cubeide_1.9.0/stm32cubeide/plugins/com.st.stm32cube.ide.mcu.externaltools.gnu-tools-for-stm32.10.3-2021.10.win32_1.0.0.202111181127/tools/bin/../lib/gcc/arm-none-eabi/10.3.1/../../../../arm-none-eabi/lib/thumb/v7e-m+fp/hard\libc_nano.a(lib_a-exit.o) (_global_impure_ptr)
c:/st/stm32cubeide_1.9.0/stm32cubeide/plugins/com.st.stm32cube.ide.mcu.externaltools.gnu-tools-for-stm32.10.3-2021.10.win32_1.0.0.202111181127/tools/bin/../lib/gcc/arm-none-eabi/10.3.1/../../../../arm-none-eabi/lib/thumb/v7e-m+fp/hard\libc_nano.a(lib_a-init.o)
                              c:/st/stm32cubeide_1.9.0/stm32cubeide/plugins/com.st.stm32cube.ide.mcu.externaltools.gnu-tools-for-stm32.10.3-2021.10.win32_1.0.0.202111181127/tools/bin/../lib/gcc/arm-none-eabi/10.3.1/../../../../arm-none-eabi/lib/thumb/v7e-m+fp/hard/crt0.o (__libc_init_array)
c:/st/stm32cubeide_1.9.0/stm32cubeide/plugins/com.st.stm32cube.ide.mcu.externaltools.gnu-tools-for-stm32.10.3-2021.10.win32_1.0.0.202111181127/tools/bin/../lib/gcc/arm-none-eabi/10.3.1/../../../../arm-none-eabi/lib/thumb/v7e-m+fp/hard\libc_nano.a(lib_a-memset.o)
                              c:/st/stm32cubeide_1.9.0/stm32cubeide/plugins/com.st.stm32cube.ide.mcu.externaltools.gnu-tools-for-stm32.10.3-2021.10.win32_1.0.0.202111181127/tools/bin/../lib/gcc/arm-none-eabi/10.3.1/../../../../arm-none-eabi/lib/thumb/v7e-m+fp/hard/crt0.o (memset)
c:/st/stm32cubeide_1.9.0/stm32cubeide/plugins/com.st.stm32cube.ide.mcu.externaltools.gnu-tools-for-stm32.10.3-2021.10.win32_1.0.0.202111181127/tools/bin/../lib/gcc/arm-none-eabi/10.3.1/../../../../arm-none-eabi/lib/thumb/v7e-m+fp/hard\libc_nano.a(lib_a-printf.o)
                              ./Core/Src/main.o (printf)
c:/st/stm32cubeide_1.9.0/stm32cubeide/plugins/com.st.stm32cube.ide.mcu.externaltools.gnu-tools-for-stm32.10.3-2021.10.win32_1.0.0.202111181127/tools/bin/../lib/gcc/arm-none-eabi/10.3.1/../../../../arm-none-eabi/lib/thumb/v7e-m+fp/hard\libc_nano.a(lib_a-puts.o)
                              ./Core/Src/main.o (puts)
c:/st/stm32cubeide_1.9.0/stm32cubeide/plugins/com.st.stm32cube.ide.mcu.externaltools.gnu-tools-for-stm32.10.3-2021.10.win32_1.0.0.202111181127/tools/bin/../lib/gcc/arm-none-eabi/10.3.1/../../../../arm-none-eabi/lib/thumb/v7e-m+fp/hard\libc_nano.a(lib_a-wbuf.o)
                              c:/st/stm32cubeide_1.9.0/stm32cubeide/plugins/com.st.stm32cube.ide.mcu.externaltools.gnu-tools-for-stm32.10.3-2021.10.win32_1.0.0.202111181127/tools/bin/../lib/gcc/arm-none-eabi/10.3.1/../../../../arm-none-eabi/lib/thumb/v7e-m+fp/hard\libc_nano.a(lib_a-puts.o) (__swbuf_r)
c:/st/stm32cubeide_1.9.0/stm32cubeide/plugins/com.st.stm32cube.ide.mcu.externaltools.gnu-tools-for-stm32.10.3-2021.10.win32_1.0.0.202111181127/tools/bin/../lib/gcc/arm-none-eabi/10.3.1/../../../../arm-none-eabi/lib/thumb/v7e-m+fp/hard\libc_nano.a(lib_a-wsetup.o)
                              c:/st/stm32cubeide_1.9.0/stm32cubeide/plugins/com.st.stm32cube.ide.mcu.externaltools.gnu-tools-for-stm32.10.3-2021.10.win32_1.0.0.202111181127/tools/bin/../lib/gcc/arm-none-eabi/10.3.1/../../../../arm-none-eabi/lib/thumb/v7e-m+fp/hard\libc_nano.a(lib_a-puts.o) (__swsetup_r)
c:/st/stm32cubeide_1.9.0/stm32cubeide/plugins/com.st.stm32cube.ide.mcu.externaltools.gnu-tools-for-stm32.10.3-2021.10.win32_1.0.0.202111181127/tools/bin/../lib/gcc/arm-none-eabi/10.3.1/../../../../arm-none-eabi/lib/thumb/v7e-m+fp/hard\libc_nano.a(lib_a-fflush.o)
                              c:/st/stm32cubeide_1.9.0/stm32cubeide/plugins/com.st.stm32cube.ide.mcu.externaltools.gnu-tools-for-stm32.10.3-2021.10.win32_1.0.0.202111181127/tools/bin/../lib/gcc/arm-none-eabi/10.3.1/../../../../arm-none-eabi/lib/thumb/v7e-m+fp/hard\libc_nano.a(lib_a-wbuf.o) (_fflush_r)
[...]
Memory Configuration

Name             Origin             Length             Attributes
CCMRAM           0x0000000010000000 0x0000000000010000 xrw
RAM              0x0000000020000000 0x0000000000030000 xrw
FLASH            0x0000000008000000 0x0000000000200000 xr
*default*        0x0000000000000000 0xffffffffffffffff

Linker script and memory map

LOAD c:/st/stm32cubeide_1.9.0/stm32cubeide/plugins/com.st.stm32cube.ide.mcu.externaltools.gnu-tools-for-stm32.10.3-2021.10.win32_1.0.0.202111181127/tools/bin/../lib/gcc/arm-none-eabi/10.3.1/thumb/v7e-m+fp/hard/crti.o
LOAD c:/st/stm32cubeide_1.9.0/stm32cubeide/plugins/com.st.stm32cube.ide.mcu.externaltools.gnu-tools-for-stm32.10.3-2021.10.win32_1.0.0.202111181127/tools/bin/../lib/gcc/arm-none-eabi/10.3.1/thumb/v7e-m+fp/hard/crtbegin.o
LOAD c:/st/stm32cubeide_1.9.0/stm32cubeide/plugins/com.st.stm32cube.ide.mcu.externaltools.gnu-tools-for-stm32.10.3-2021.10.win32_1.0.0.202111181127/tools/bin/../lib/gcc/arm-none-eabi/10.3.1/../../../../arm-none-eabi/lib/thumb/v7e-m+fp/hard/crt0.o
LOAD ./Core/Src/gpio.o
LOAD ./Core/Src/icm20948.o
LOAD ./Core/Src/main.o
LOAD ./Core/Src/spi.o
LOAD ./Core/Src/stm32f4xx_hal_msp.o
LOAD ./Core/Src/stm32f4xx_it.o
LOAD ./Core/Src/syscalls.o
LOAD ./Core/Src/sysmem.o
LOAD ./Core/Src/system_stm32f4xx.o
LOAD ./Core/Src/usart.o
LOAD ./Core/Startup/startup_stm32f429zitx.o
LOAD ./Drivers/STM32F4xx_HAL_Driver/Src/stm32f4xx_hal.o
LOAD ./Drivers/STM32F4xx_HAL_Driver/Src/stm32f4xx_hal_cortex.o
LOAD ./Drivers/STM32F4xx_HAL_Driver/Src/stm32f4xx_hal_dma.o
LOAD ./Drivers/STM32F4xx_HAL_Driver/Src/stm32f4xx_hal_dma_ex.o
LOAD ./Drivers/STM32F4xx_HAL_Driver/Src/stm32f4xx_hal_exti.o
LOAD ./Drivers/STM32F4xx_HAL_Driver/Src/stm32f4xx_hal_flash.o
LOAD ./Drivers/STM32F4xx_HAL_Driver/Src/stm32f4xx_hal_flash_ex.o
LOAD ./Drivers/STM32F4xx_HAL_Driver/Src/stm32f4xx_hal_flash_ramfunc.o
LOAD ./Drivers/STM32F4xx_HAL_Driver/Src/stm32f4xx_hal_gpio.o
LOAD ./Drivers/STM32F4xx_HAL_Driver/Src/stm32f4xx_hal_pcd.o
LOAD ./Drivers/STM32F4xx_HAL_Driver/Src/stm32f4xx_hal_pcd_ex.o
LOAD ./Drivers/STM32F4xx_HAL_Driver/Src/stm32f4xx_hal_pwr.o
LOAD ./Drivers/STM32F4xx_HAL_Driver/Src/stm32f4xx_hal_pwr_ex.o
LOAD ./Drivers/STM32F4xx_HAL_Driver/Src/stm32f4xx_hal_rcc.o
LOAD ./Drivers/STM32F4xx_HAL_Driver/Src/stm32f4xx_hal_rcc_ex.o
LOAD ./Drivers/STM32F4xx_HAL_Driver/Src/stm32f4xx_hal_spi.o
LOAD ./Drivers/STM32F4xx_HAL_Driver/Src/stm32f4xx_hal_tim.o
LOAD ./Drivers/STM32F4xx_HAL_Driver/Src/stm32f4xx_hal_tim_ex.o
LOAD ./Drivers/STM32F4xx_HAL_Driver/Src/stm32f4xx_hal_uart.o
LOAD ./Drivers/STM32F4xx_HAL_Driver/Src/stm32f4xx_ll_usb.o
LOAD ./Middlewares/ST/STM32_USB_Device_Library/Class/CDC/Src/usbd_cdc.o
LOAD ./Middlewares/ST/STM32_USB_Device_Library/Core/Src/usbd_core.o
LOAD ./Middlewares/ST/STM32_USB_Device_Library/Core/Src/usbd_ctlreq.o
LOAD ./Middlewares/ST/STM32_USB_Device_Library/Core/Src/usbd_ioreq.o
LOAD ./USB_DEVICE/App/usb_device.o
LOAD ./USB_DEVICE/App/usbd_cdc_if.o
LOAD ./USB_DEVICE/App/usbd_desc.o
LOAD ./USB_DEVICE/Target/usbd_conf.o
START GROUP
LOAD c:/st/stm32cubeide_1.9.0/stm32cubeide/plugins/com.st.stm32cube.ide.mcu.externaltools.gnu-tools-for-stm32.10.3-2021.10.win32_1.0.0.202111181127/tools/bin/../lib/gcc/arm-none-eabi/10.3.1/../../../../arm-none-eabi/lib/thumb/v7e-m+fp/hard\libc_nano.a
LOAD c:/st/stm32cubeide_1.9.0/stm32cubeide/plugins/com.st.stm32cube.ide.mcu.externaltools.gnu-tools-for-stm32.10.3-2021.10.win32_1.0.0.202111181127/tools/bin/../lib/gcc/arm-none-eabi/10.3.1/../../../../arm-none-eabi/lib/thumb/v7e-m+fp/hard\libm.a
END GROUP
START GROUP
LOAD c:/st/stm32cubeide_1.9.0/stm32cubeide/plugins/com.st.stm32cube.ide.mcu.externaltools.gnu-tools-for-stm32.10.3-2021.10.win32_1.0.0.202111181127/tools/bin/../lib/gcc/arm-none-eabi/10.3.1/thumb/v7e-m+fp/hard\libgcc.a
LOAD c:/st/stm32cubeide_1.9.0/stm32cubeide/plugins/com.st.stm32cube.ide.mcu.externaltools.gnu-tools-for-stm32.10.3-2021.10.win32_1.0.0.202111181127/tools/bin/../lib/gcc/arm-none-eabi/10.3.1/../../../../arm-none-eabi/lib/thumb/v7e-m+fp/hard\libc_nano.a
END GROUP
START GROUP
LOAD c:/st/stm32cubeide_1.9.0/stm32cubeide/plugins/com.st.stm32cube.ide.mcu.externaltools.gnu-tools-for-stm32.10.3-2021.10.win32_1.0.0.202111181127/tools/bin/../lib/gcc/arm-none-eabi/10.3.1/thumb/v7e-m+fp/hard\libgcc.a
LOAD c:/st/stm32cubeide_1.9.0/stm32cubeide/plugins/com.st.stm32cube.ide.mcu.externaltools.gnu-tools-for-stm32.10.3-2021.10.win32_1.0.0.202111181127/tools/bin/../lib/gcc/arm-none-eabi/10.3.1/../../../../arm-none-eabi/lib/thumb/v7e-m+fp/hard\libc_nano.a
LOAD c:/st/stm32cubeide_1.9.0/stm32cubeide/plugins/com.st.stm32cube.ide.mcu.externaltools.gnu-tools-for-stm32.10.3-2021.10.win32_1.0.0.202111181127/tools/bin/../lib/gcc/arm-none-eabi/10.3.1/../../../../arm-none-eabi/lib/thumb/v7e-m+fp/hard\libnosys.a
END GROUP
START GROUP
LOAD c:/st/stm32cubeide_1.9.0/stm32cubeide/plugins/com.st.stm32cube.ide.mcu.externaltools.gnu-tools-for-stm32.10.3-2021.10.win32_1.0.0.202111181127/tools/bin/../lib/gcc/arm-none-eabi/10.3.1/thumb/v7e-m+fp/hard\libgcc.a
LOAD c:/st/stm32cubeide_1.9.0/stm32cubeide/plugins/com.st.stm32cube.ide.mcu.externaltools.gnu-tools-for-stm32.10.3-2021.10.win32_1.0.0.202111181127/tools/bin/../lib/gcc/arm-none-eabi/10.3.1/../../../../arm-none-eabi/lib/thumb/v7e-m+fp/hard\libc_nano.a
LOAD c:/st/stm32cubeide_1.9.0/stm32cubeide/plugins/com.st.stm32cube.ide.mcu.externaltools.gnu-tools-for-stm32.10.3-2021.10.win32_1.0.0.202111181127/tools/bin/../lib/gcc/arm-none-eabi/10.3.1/../../../../arm-none-eabi/lib/thumb/v7e-m+fp/hard\libnosys.a
END GROUP
LOAD c:/st/stm32cubeide_1.9.0/stm32cubeide/plugins/com.st.stm32cube.ide.mcu.externaltools.gnu-tools-for-stm32.10.3-2021.10.win32_1.0.0.202111181127/tools/bin/../lib/gcc/arm-none-eabi/10.3.1/thumb/v7e-m+fp/hard/crtend.o
LOAD c:/st/stm32cubeide_1.9.0/stm32cubeide/plugins/com.st.stm32cube.ide.mcu.externaltools.gnu-tools-for-stm32.10.3-2021.10.win32_1.0.0.202111181127/tools/bin/../lib/gcc/arm-none-eabi/10.3.1/thumb/v7e-m+fp/hard/crtn.o
                0x0000000020030000                _estack = (ORIGIN (RAM) + LENGTH (RAM))
                0x0000000000000200                _Min_Heap_Size = 0x200
                0x0000000000000400                _Min_Stack_Size = 0x400

.isr_vector     0x0000000008000000      0x1ac
                0x0000000008000000                . = ALIGN (0x4)
 *(.isr_vector)
 .isr_vector    0x0000000008000000      0x1ac ./Core/Startup/startup_stm32f429zitx.o
                0x0000000008000000                g_pfnVectors
                0x00000000080001ac                . = ALIGN (0x4)

.text           0x00000000080001b0     0xaa44
                0x00000000080001b0                . = ALIGN (0x4)
 *(.text)
 .text          0x00000000080001b0       0x40 c:/st/stm32cubeide_1.9.0/stm32cubeide/plugins/com.st.stm32cube.ide.mcu.externaltools.gnu-tools-for-stm32.10.3-2021.10.win32_1.0.0.202111181127/tools/bin/../lib/gcc/arm-none-eabi/10.3.1/thumb/v7e-m+fp/hard/crtbegin.o
 .text          0x00000000080001f0       0xa0 c:/st/stm32cubeide_1.9.0/stm32cubeide/plugins/com.st.stm32cube.ide.mcu.externaltools.gnu-tools-for-stm32.10.3-2021.10.win32_1.0.0.202111181127/tools/bin/../lib/gcc/arm-none-eabi/10.3.1/../../../../arm-none-eabi/lib/thumb/v7e-m+fp/hard\libc_nano.a(lib_a-memchr.o)
                0x00000000080001f0                memchr
 .text          0x0000000008000290      0x254 c:/st/stm32cubeide_1.9.0/stm32cubeide/plugins/com.st.stm32cube.ide.mcu.externaltools.gnu-tools-for-stm32.10.3-2021.10.win32_1.0.0.202111181127/tools/bin/../lib/gcc/arm-none-eabi/10.3.1/thumb/v7e-m+fp/hard\libgcc.a(_arm_muldf3.o)
                0x0000000008000290                __muldf3
                0x0000000008000290                __aeabi_dmul
 .text          0x00000000080004e4      0x378 c:/st/stm32cubeide_1.9.0/stm32cubeide/plugins/com.st.stm32cube.ide.mcu.externaltools.gnu-tools-for-stm32.10.3-2021.10.win32_1.0.0.202111181127/tools/bin/../lib/gcc/arm-none-eabi/10.3.1/thumb/v7e-m+fp/hard\libgcc.a(_arm_addsubdf3.o)
                0x00000000080004e4                __aeabi_drsub
                0x00000000080004ec                __aeabi_dsub
                0x00000000080004ec                __subdf3
                0x00000000080004f0                __aeabi_dadd
                0x00000000080004f0                __adddf3
                0x0000000008000768                __floatunsidf
                0x0000000008000768                __aeabi_ui2d
                0x0000000008000788                __floatsidf
                0x0000000008000788                __aeabi_i2d
                0x00000000080007ac                __aeabi_f2d
                0x00000000080007ac                __extendsfdf2
                0x00000000080007f0                __floatundidf
                0x00000000080007f0                __aeabi_ul2d
                0x0000000008000800                __floatdidf
                0x0000000008000800                __aeabi_l2d
 .text          0x000000000800085c       0xa0 c:/st/stm32cubeide_1.9.0/stm32cubeide/plugins/com.st.stm32cube.ide.mcu.externaltools.gnu-tools-for-stm32.10.3-2021.10.win32_1.0.0.202111181127/tools/bin/../lib/gcc/arm-none-eabi/10.3.1/thumb/v7e-m+fp/hard\libgcc.a(_arm_truncdfsf2.o)
                0x000000000800085c                __truncdfsf2
                0x000000000800085c                __aeabi_d2f
 .text          0x00000000080008fc       0x30 c:/st/stm32cubeide_1.9.0/stm32cubeide/plugins/com.st.stm32cube.ide.mcu.externaltools.gnu-tools-for-stm32.10.3-2021.10.win32_1.0.0.202111181127/tools/bin/../lib/gcc/arm-none-eabi/10.3.1/thumb/v7e-m+fp/hard\libgcc.a(_aeabi_uldivmod.o)
                0x00000000080008fc                __aeabi_uldivmod
 .text          0x000000000800092c      0x2d0 c:/st/stm32cubeide_1.9.0/stm32cubeide/plugins/com.st.stm32cube.ide.mcu.externaltools.gnu-tools-for-stm32.10.3-2021.10.win32_1.0.0.202111181127/tools/bin/../lib/gcc/arm-none-eabi/10.3.1/thumb/v7e-m+fp/hard\libgcc.a(_udivmoddi4.o)
                0x000000000800092c                __udivmoddi4
 .text          0x0000000008000bfc        0x4 c:/st/stm32cubeide_1.9.0/stm32cubeide/plugins/com.st.stm32cube.ide.mcu.externaltools.gnu-tools-for-stm32.10.3-2021.10.win32_1.0.0.202111181127/tools/bin/../lib/gcc/arm-none-eabi/10.3.1/thumb/v7e-m+fp/hard\libgcc.a(_dvmd_tls.o)
                0x0000000008000bfc                __aeabi_idiv0
                0x0000000008000bfc                __aeabi_ldiv0
 *(.text*)
 .text.MX_GPIO_Init
                0x0000000008000c00      0x4f8 ./Core/Src/gpio.o
                0x0000000008000c00                MX_GPIO_Init
 .text.icm20948_init
                0x00000000080010f8       0x5c ./Core/Src/icm20948.o
                0x00000000080010f8                icm20948_init
 .text.ak09916_init
                0x0000000008001154       0x32 ./Core/Src/icm20948.o
                0x0000000008001154                ak09916_init
 .text.icm20948_gyro_read
                0x0000000008001186       0x86 ./Core/Src/icm20948.o
                0x0000000008001186                icm20948_gyro_read
 .text.icm20948_accel_read
                0x000000000800120c       0x94 ./Core/Src/icm20948.o
                0x000000000800120c                icm20948_accel_read
 .text.ak09916_mag_read
                0x00000000080012a0       0xb6 ./Core/Src/icm20948.o
                0x00000000080012a0                ak09916_mag_read
 *fill*         0x0000000008001356        0x2 
 .text.ak09916_mag_read_uT
                0x0000000008001358       0xa8 ./Core/Src/icm20948.o
                0x0000000008001358                ak09916_mag_read_uT
 .text.icm20948_who_am_i
                0x0000000008001400       0x26 ./Core/Src/icm20948.o
                0x0000000008001400                icm20948_who_am_i
 .text.ak09916_who_am_i
                0x0000000008001426       0x24 ./Core/Src/icm20948.o
                0x0000000008001426                ak09916_who_am_i
 .text.icm20948_device_reset
                0x000000000800144a       0x18 ./Core/Src/icm20948.o
                0x000000000800144a                icm20948_device_reset
 .text.ak09916_soft_reset
                0x0000000008001462       0x16 ./Core/Src/icm20948.o
                0x0000000008001462                ak09916_soft_reset
 .text.icm20948_wakeup
                0x0000000008001478       0x34 ./Core/Src/icm20948.o
                0x0000000008001478                icm20948_wakeup
 .text.icm20948_spi_slave_enable
                0x00000000080014ac       0x2e ./Core/Src/icm20948.o
                0x00000000080014ac                icm20948_spi_slave_enable
 .text.icm20948_i2c_master_reset
                0x00000000080014da       0x2e ./Core/Src/icm20948.o
                0x00000000080014da                icm20948_i2c_master_reset
 .text.icm20948_i2c_master_enable
                0x0000000008001508       0x34 ./Core/Src/icm20948.o
                0x0000000008001508                icm20948_i2c_master_enable
 .text.icm20948_i2c_master_clk_frq
                0x000000000800153c       0x32 ./Core/Src/icm20948.o
                0x000000000800153c                icm20948_i2c_master_clk_frq
 .text.icm20948_clock_source
                0x000000000800156e       0x32 ./Core/Src/icm20948.o
                0x000000000800156e                icm20948_clock_source
 .text.icm20948_odr_align_enable
                0x00000000080015a0       0x12 ./Core/Src/icm20948.o
                0x00000000080015a0                icm20948_odr_align_enable
 .text.icm20948_gyro_low_pass_filter
                0x00000000080015b2       0x3a ./Core/Src/icm20948.o
                0x00000000080015b2                icm20948_gyro_low_pass_filter
 .text.icm20948_accel_low_pass_filter
                0x00000000080015ec       0x3a ./Core/Src/icm20948.o
                0x00000000080015ec                icm20948_accel_low_pass_filter
 .text.icm20948_gyro_sample_rate_divider
                0x0000000008001626       0x1e ./Core/Src/icm20948.o
                0x0000000008001626                icm20948_gyro_sample_rate_divider
 .text.icm20948_accel_sample_rate_divider
                0x0000000008001644       0x3c ./Core/Src/icm20948.o
                0x0000000008001644                icm20948_accel_sample_rate_divider
 .text.ak09916_operation_mode_setting
                0x0000000008001680       0x22 ./Core/Src/icm20948.o
                0x0000000008001680                ak09916_operation_mode_setting
 *fill*         0x00000000080016a2        0x2 
 .text.icm20948_gyro_calibration
                0x00000000080016a4      0x138 ./Core/Src/icm20948.o
                0x00000000080016a4                icm20948_gyro_calibration
 .text.icm20948_accel_calibration
                0x00000000080017dc      0x21c ./Core/Src/icm20948.o
                0x00000000080017dc                icm20948_accel_calibration
 .text.icm20948_gyro_full_scale_select
                0x00000000080019f8       0x94 ./Core/Src/icm20948.o
                0x00000000080019f8                icm20948_gyro_full_scale_select
 .text.icm20948_accel_full_scale_select
                0x0000000008001a8c       0x8c ./Core/Src/icm20948.o
                0x0000000008001a8c                icm20948_accel_full_scale_select
 .text.cs_high  0x0000000008001b18       0x18 ./Core/Src/icm20948.o
 .text.cs_low   0x0000000008001b30       0x18 ./Core/Src/icm20948.o
 .text.select_user_bank
                0x0000000008001b48       0x34 ./Core/Src/icm20948.o
 .text.read_single_icm20948_reg
                0x0000000008001b7c       0x58 ./Core/Src/icm20948.o
 .text.write_single_icm20948_reg
                0x0000000008001bd4       0x48 ./Core/Src/icm20948.o
 .text.read_multiple_icm20948_reg
                0x0000000008001c1c       0x60 ./Core/Src/icm20948.o
 .text.write_multiple_icm20948_reg
                0x0000000008001c7c       0x58 ./Core/Src/icm20948.o
 .text.read_single_ak09916_reg
                0x0000000008001cd4       0x42 ./Core/Src/icm20948.o
 .text.write_single_ak09916_reg
                0x0000000008001d16       0x44 ./Core/Src/icm20948.o
 .text.read_multiple_ak09916_reg
                0x0000000008001d5a       0x54 ./Core/Src/icm20948.o
 *fill*         0x0000000008001dae        0x2 
 .text.main     0x0000000008001db0       0xe8 ./Core/Src/main.o
                0x0000000008001db0                main
 .text.SystemClock_Config
                0x0000000008001e98       0xd4 ./Core/Src/main.o
                0x0000000008001e98                SystemClock_Config
 .text.Error_Handler
                0x0000000008001f6c        0xa ./Core/Src/main.o
                0x0000000008001f6c                Error_Handler
 *fill*         0x0000000008001f76        0x2 
 .text.MX_SPI3_Init
                0x0000000008001f78       0x6c ./Core/Src/spi.o
                0x0000000008001f78                MX_SPI3_Init
 .text.HAL_SPI_MspInit
                0x0000000008001fe4       0xd0 ./Core/Src/spi.o
                0x0000000008001fe4                HAL_SPI_MspInit
 .text.HAL_MspInit
                0x00000000080020b4       0x50 ./Core/Src/stm32f4xx_hal_msp.o
                0x00000000080020b4                HAL_MspInit
 .text.NMI_Handler
                0x0000000008002104        0x6 ./Core/Src/stm32f4xx_it.o
                0x0000000008002104                NMI_Handler
 .text.HardFault_Handler
                0x000000000800210a        0x6 ./Core/Src/stm32f4xx_it.o
                0x000000000800210a                HardFault_Handler
 .text.MemManage_Handler
                0x0000000008002110        0x6 ./Core/Src/stm32f4xx_it.o
                0x0000000008002110                MemManage_Handler
 .text.BusFault_Handler
                0x0000000008002116        0x6 ./Core/Src/stm32f4xx_it.o
                0x0000000008002116                BusFault_Handler
 .text.UsageFault_Handler
                0x000000000800211c        0x6 ./Core/Src/stm32f4xx_it.o
                0x000000000800211c                UsageFault_Handler
 .text.SVC_Handler
                0x0000000008002122        0xe ./Core/Src/stm32f4xx_it.o
                0x0000000008002122                SVC_Handler
 .text.DebugMon_Handler
                0x0000000008002130        0xe ./Core/Src/stm32f4xx_it.o
                0x0000000008002130                DebugMon_Handler
 .text.PendSV_Handler
                0x000000000800213e        0xe ./Core/Src/stm32f4xx_it.o
                0x000000000800213e                PendSV_Handler
 .text.SysTick_Handler
                0x000000000800214c        0xc ./Core/Src/stm32f4xx_it.o
                0x000000000800214c                SysTick_Handler
 .text.OTG_FS_IRQHandler
                0x0000000008002158       0x14 ./Core/Src/stm32f4xx_it.o
                0x0000000008002158                OTG_FS_IRQHandler
 .text._read    0x000000000800216c       0x3a ./Core/Src/syscalls.o
                0x000000000800216c                _read
 .text._write   0x00000000080021a6       0x38 ./Core/Src/syscalls.o
                0x00000000080021a6                _write
 .text._close   0x00000000080021de       0x18 ./Core/Src/syscalls.o
                0x00000000080021de                _close
 .text._fstat   0x00000000080021f6       0x20 ./Core/Src/syscalls.o
                0x00000000080021f6                _fstat
 .text._isatty  0x0000000008002216       0x16 ./Core/Src/syscalls.o
                0x0000000008002216                _isatty
 .text._lseek   0x000000000800222c       0x1a ./Core/Src/syscalls.o
                0x000000000800222c                _lseek
 *fill*         0x0000000008002246        0x2 
 .text._sbrk    0x0000000008002248       0x6c ./Core/Src/sysmem.o
                0x0000000008002248                _sbrk
 .text.SystemInit
                0x00000000080022b4       0x24 ./Core/Src/system_stm32f4xx.o
                0x00000000080022b4                SystemInit
 .text.MX_USART1_UART_Init
                0x00000000080022d8       0x54 ./Core/Src/usart.o
                0x00000000080022d8                MX_USART1_UART_Init
 .text.HAL_UART_MspInit
                0x000000000800232c       0x90 ./Core/Src/usart.o
                0x000000000800232c                HAL_UART_MspInit
 .text.Reset_Handler
                0x00000000080023bc       0x50 ./Core/Startup/startup_stm32f429zitx.o
                0x00000000080023bc                Reset_Handler
 .text.Default_Handler
                0x000000000800240c        0x2 ./Core/Startup/startup_stm32f429zitx.o
                0x000000000800240c                RTC_Alarm_IRQHandler
                0x000000000800240c                HASH_RNG_IRQHandler
                0x000000000800240c                EXTI2_IRQHandler
                0x000000000800240c                TIM8_CC_IRQHandler
                0x000000000800240c                UART8_IRQHandler
                0x000000000800240c                SPI4_IRQHandler
                0x000000000800240c                TIM1_CC_IRQHandler
                0x000000000800240c                DMA2_Stream5_IRQHandler
                0x000000000800240c                DMA1_Stream5_IRQHandler
                0x000000000800240c                PVD_IRQHandler
                0x000000000800240c                SDIO_IRQHandler
                0x000000000800240c                TAMP_STAMP_IRQHandler
                0x000000000800240c                CAN2_RX1_IRQHandler
                0x000000000800240c                EXTI3_IRQHandler
                0x000000000800240c                TIM8_TRG_COM_TIM14_IRQHandler
                0x000000000800240c                TIM1_UP_TIM10_IRQHandler
                0x000000000800240c                TIM8_UP_TIM13_IRQHandler
                0x000000000800240c                I2C3_ER_IRQHandler
                0x000000000800240c                EXTI0_IRQHandler
                0x000000000800240c                I2C2_EV_IRQHandler
                0x000000000800240c                DMA1_Stream2_IRQHandler
                0x000000000800240c                CAN1_RX0_IRQHandler
                0x000000000800240c                FPU_IRQHandler
                0x000000000800240c                OTG_HS_WKUP_IRQHandler
                0x000000000800240c                LTDC_ER_IRQHandler
                0x000000000800240c                CAN2_SCE_IRQHandler
                0x000000000800240c                DMA2_Stream2_IRQHandler
                0x000000000800240c                SPI1_IRQHandler
                0x000000000800240c                TIM6_DAC_IRQHandler
                0x000000000800240c                TIM1_BRK_TIM9_IRQHandler
                0x000000000800240c                DCMI_IRQHandler
                0x000000000800240c                CAN2_RX0_IRQHandler
                0x000000000800240c                DMA2_Stream3_IRQHandler
                0x000000000800240c                USART6_IRQHandler
                0x000000000800240c                USART3_IRQHandler
                0x000000000800240c                CAN1_RX1_IRQHandler
                0x000000000800240c                UART5_IRQHandler
                0x000000000800240c                DMA2_Stream0_IRQHandler
                0x000000000800240c                TIM4_IRQHandler
                0x000000000800240c                I2C1_EV_IRQHandler
                0x000000000800240c                DMA1_Stream6_IRQHandler
                0x000000000800240c                DMA1_Stream1_IRQHandler
                0x000000000800240c                UART4_IRQHandler
                0x000000000800240c                TIM3_IRQHandler
                0x000000000800240c                RCC_IRQHandler
                0x000000000800240c                TIM8_BRK_TIM12_IRQHandler
                0x000000000800240c                Default_Handler
                0x000000000800240c                EXTI15_10_IRQHandler
                0x000000000800240c                ADC_IRQHandler
                0x000000000800240c                DMA1_Stream7_IRQHandler
                0x000000000800240c                SPI5_IRQHandler
                0x000000000800240c                TIM7_IRQHandler
                0x000000000800240c                CAN2_TX_IRQHandler
                0x000000000800240c                TIM5_IRQHandler
                0x000000000800240c                DMA2_Stream7_IRQHandler
                0x000000000800240c                I2C3_EV_IRQHandler
                0x000000000800240c                EXTI9_5_IRQHandler
                0x000000000800240c                RTC_WKUP_IRQHandler
                0x000000000800240c                LTDC_IRQHandler
                0x000000000800240c                ETH_WKUP_IRQHandler
                0x000000000800240c                SPI2_IRQHandler
                0x000000000800240c                OTG_HS_EP1_IN_IRQHandler
                0x000000000800240c                DMA1_Stream0_IRQHandler
                0x000000000800240c                CAN1_TX_IRQHandler
                0x000000000800240c                EXTI4_IRQHandler
                0x000000000800240c                ETH_IRQHandler
                0x000000000800240c                OTG_HS_EP1_OUT_IRQHandler
                0x000000000800240c                WWDG_IRQHandler
                0x000000000800240c                SPI6_IRQHandler
                0x000000000800240c                TIM2_IRQHandler
                0x000000000800240c                OTG_FS_WKUP_IRQHandler
                0x000000000800240c                TIM1_TRG_COM_TIM11_IRQHandler
                0x000000000800240c                OTG_HS_IRQHandler
                0x000000000800240c                DMA2D_IRQHandler
                0x000000000800240c                EXTI1_IRQHandler
                0x000000000800240c                UART7_IRQHandler
                0x000000000800240c                USART2_IRQHandler
                0x000000000800240c                I2C2_ER_IRQHandler
                0x000000000800240c                DMA2_Stream1_IRQHandler
                0x000000000800240c                CAN1_SCE_IRQHandler
                0x000000000800240c                FLASH_IRQHandler
                0x000000000800240c                DMA2_Stream4_IRQHandler
                0x000000000800240c                USART1_IRQHandler
                0x000000000800240c                SPI3_IRQHandler
                0x000000000800240c                DMA1_Stream4_IRQHandler
                0x000000000800240c                I2C1_ER_IRQHandler
                0x000000000800240c                FMC_IRQHandler
                0x000000000800240c                DMA2_Stream6_IRQHandler
                0x000000000800240c                SAI1_IRQHandler
                0x000000000800240c                DMA1_Stream3_IRQHandler
 *fill*         0x000000000800240e        0x2 
 .text.HAL_Init
                0x0000000008002410       0x44 ./Drivers/STM32F4xx_HAL_Driver/Src/stm32f4xx_hal.o
                0x0000000008002410                HAL_Init
 .text.HAL_InitTick
                0x0000000008002454       0x60 ./Drivers/STM32F4xx_HAL_Driver/Src/stm32f4xx_hal.o
                0x0000000008002454                HAL_InitTick
 .text.HAL_IncTick
                0x00000000080024b4       0x28 ./Drivers/STM32F4xx_HAL_Driver/Src/stm32f4xx_hal.o
                0x00000000080024b4                HAL_IncTick
 .text.HAL_GetTick
                0x00000000080024dc       0x18 ./Drivers/STM32F4xx_HAL_Driver/Src/stm32f4xx_hal.o
                0x00000000080024dc                HAL_GetTick
 .text.HAL_Delay
                0x00000000080024f4       0x48 ./Drivers/STM32F4xx_HAL_Driver/Src/stm32f4xx_hal.o
                0x00000000080024f4                HAL_Delay
 .text.__NVIC_SetPriorityGrouping
                0x000000000800253c       0x48 ./Drivers/STM32F4xx_HAL_Driver/Src/stm32f4xx_hal_cortex.o
 .text.__NVIC_GetPriorityGrouping
                0x0000000008002584       0x1c ./Drivers/STM32F4xx_HAL_Driver/Src/stm32f4xx_hal_cortex.o
 .text.__NVIC_EnableIRQ
                0x00000000080025a0       0x3c ./Drivers/STM32F4xx_HAL_Driver/Src/stm32f4xx_hal_cortex.o
 .text.__NVIC_SetPriority
                0x00000000080025dc       0x54 ./Drivers/STM32F4xx_HAL_Driver/Src/stm32f4xx_hal_cortex.o
 .text.NVIC_EncodePriority
                0x0000000008002630       0x66 ./Drivers/STM32F4xx_HAL_Driver/Src/stm32f4xx_hal_cortex.o
 *fill*         0x0000000008002696        0x2 
 .text.SysTick_Config
                0x0000000008002698       0x44 ./Drivers/STM32F4xx_HAL_Driver/Src/stm32f4xx_hal_cortex.o
 .text.HAL_NVIC_SetPriorityGrouping
                0x00000000080026dc       0x16 ./Drivers/STM32F4xx_HAL_Driver/Src/stm32f4xx_hal_cortex.o
                0x00000000080026dc                HAL_NVIC_SetPriorityGrouping
 .text.HAL_NVIC_SetPriority
                0x00000000080026f2       0x38 ./Drivers/STM32F4xx_HAL_Driver/Src/stm32f4xx_hal_cortex.o
                0x00000000080026f2                HAL_NVIC_SetPriority
 .text.HAL_NVIC_EnableIRQ
                0x000000000800272a       0x1c ./Drivers/STM32F4xx_HAL_Driver/Src/stm32f4xx_hal_cortex.o
                0x000000000800272a                HAL_NVIC_EnableIRQ
 .text.HAL_SYSTICK_Config
                0x0000000008002746       0x18 ./Drivers/STM32F4xx_HAL_Driver/Src/stm32f4xx_hal_cortex.o
                0x0000000008002746                HAL_SYSTICK_Config
 *fill*         0x000000000800275e        0x2 
 .text.HAL_GPIO_Init
                0x0000000008002760      0x358 ./Drivers/STM32F4xx_HAL_Driver/Src/stm32f4xx_hal_gpio.o
                0x0000000008002760                HAL_GPIO_Init
 .text.HAL_GPIO_WritePin
                0x0000000008002ab8       0x32 ./Drivers/STM32F4xx_HAL_Driver/Src/stm32f4xx_hal_gpio.o
                0x0000000008002ab8                HAL_GPIO_WritePin
 .text.HAL_PCD_Init
                0x0000000008002aea      0x23a ./Drivers/STM32F4xx_HAL_Driver/Src/stm32f4xx_hal_pcd.o
                0x0000000008002aea                HAL_PCD_Init
 .text.HAL_PCD_Start
                0x0000000008002d24       0x66 ./Drivers/STM32F4xx_HAL_Driver/Src/stm32f4xx_hal_pcd.o
                0x0000000008002d24                HAL_PCD_Start
 .text.HAL_PCD_IRQHandler
                0x0000000008002d8a      0x93e ./Drivers/STM32F4xx_HAL_Driver/Src/stm32f4xx_hal_pcd.o
                0x0000000008002d8a                HAL_PCD_IRQHandler
 .text.HAL_PCD_SetAddress
                0x00000000080036c8       0x4a ./Drivers/STM32F4xx_HAL_Driver/Src/stm32f4xx_hal_pcd.o
                0x00000000080036c8                HAL_PCD_SetAddress
 .text.HAL_PCD_EP_Open
                0x0000000008003712       0xd0 ./Drivers/STM32F4xx_HAL_Driver/Src/stm32f4xx_hal_pcd.o
                0x0000000008003712                HAL_PCD_EP_Open
 .text.HAL_PCD_EP_Close
                0x00000000080037e2       0x94 ./Drivers/STM32F4xx_HAL_Driver/Src/stm32f4xx_hal_pcd.o
                0x00000000080037e2                HAL_PCD_EP_Close
 .text.HAL_PCD_EP_Receive
                0x0000000008003876       0x96 ./Drivers/STM32F4xx_HAL_Driver/Src/stm32f4xx_hal_pcd.o
                0x0000000008003876                HAL_PCD_EP_Receive
 .text.HAL_PCD_EP_GetRxCount
                0x000000000800390c       0x30 ./Drivers/STM32F4xx_HAL_Driver/Src/stm32f4xx_hal_pcd.o
                0x000000000800390c                HAL_PCD_EP_GetRxCount
 .text.HAL_PCD_EP_Transmit
                0x000000000800393c       0x94 ./Drivers/STM32F4xx_HAL_Driver/Src/stm32f4xx_hal_pcd.o
                0x000000000800393c                HAL_PCD_EP_Transmit
 .text.HAL_PCD_EP_SetStall
                0x00000000080039d0       0xc8 ./Drivers/STM32F4xx_HAL_Driver/Src/stm32f4xx_hal_pcd.o
                0x00000000080039d0                HAL_PCD_EP_SetStall
 .text.HAL_PCD_EP_ClrStall
                0x0000000008003a98       0xac ./Drivers/STM32F4xx_HAL_Driver/Src/stm32f4xx_hal_pcd.o
                0x0000000008003a98                HAL_PCD_EP_ClrStall
 .text.HAL_PCD_EP_Abort
                0x0000000008003b44       0x62 ./Drivers/STM32F4xx_HAL_Driver/Src/stm32f4xx_hal_pcd.o
                0x0000000008003b44                HAL_PCD_EP_Abort
 .text.PCD_WriteEmptyTxFifo
                0x0000000008003ba6      0x11a ./Drivers/STM32F4xx_HAL_Driver/Src/stm32f4xx_hal_pcd.o
 .text.PCD_EP_OutXfrComplete_int
                0x0000000008003cc0      0x1d0 ./Drivers/STM32F4xx_HAL_Driver/Src/stm32f4xx_hal_pcd.o
 .text.PCD_EP_OutSetupPacket_int
                0x0000000008003e90       0x8c ./Drivers/STM32F4xx_HAL_Driver/Src/stm32f4xx_hal_pcd.o
 .text.HAL_PCDEx_SetTxFiFo
                0x0000000008003f1c       0x8e ./Drivers/STM32F4xx_HAL_Driver/Src/stm32f4xx_hal_pcd_ex.o
                0x0000000008003f1c                HAL_PCDEx_SetTxFiFo
 .text.HAL_PCDEx_SetRxFiFo
                0x0000000008003faa       0x22 ./Drivers/STM32F4xx_HAL_Driver/Src/stm32f4xx_hal_pcd_ex.o
                0x0000000008003faa                HAL_PCDEx_SetRxFiFo
 .text.HAL_PCDEx_LPM_Callback
                0x0000000008003fcc       0x18 ./Drivers/STM32F4xx_HAL_Driver/Src/stm32f4xx_hal_pcd_ex.o
                0x0000000008003fcc                HAL_PCDEx_LPM_Callback
 .text.HAL_RCC_OscConfig
                0x0000000008003fe4      0x4f0 ./Drivers/STM32F4xx_HAL_Driver/Src/stm32f4xx_hal_rcc.o
                0x0000000008003fe4                HAL_RCC_OscConfig
 .text.HAL_RCC_ClockConfig
                0x00000000080044d4      0x1cc ./Drivers/STM32F4xx_HAL_Driver/Src/stm32f4xx_hal_rcc.o
                0x00000000080044d4                HAL_RCC_ClockConfig
 .text.HAL_RCC_GetSysClockFreq
                0x00000000080046a0      0x20c ./Drivers/STM32F4xx_HAL_Driver/Src/stm32f4xx_hal_rcc.o
                0x00000000080046a0                HAL_RCC_GetSysClockFreq
 .text.HAL_RCC_GetHCLKFreq
                0x00000000080048ac       0x18 ./Drivers/STM32F4xx_HAL_Driver/Src/stm32f4xx_hal_rcc.o
                0x00000000080048ac                HAL_RCC_GetHCLKFreq
 .text.HAL_RCC_GetPCLK1Freq
                0x00000000080048c4       0x28 ./Drivers/STM32F4xx_HAL_Driver/Src/stm32f4xx_hal_rcc.o
                0x00000000080048c4                HAL_RCC_GetPCLK1Freq
 .text.HAL_RCC_GetPCLK2Freq
                0x00000000080048ec       0x28 ./Drivers/STM32F4xx_HAL_Driver/Src/stm32f4xx_hal_rcc.o
                0x00000000080048ec                HAL_RCC_GetPCLK2Freq
 .text.HAL_SPI_Init
                0x0000000008004914      0x112 ./Drivers/STM32F4xx_HAL_Driver/Src/stm32f4xx_hal_spi.o
                0x0000000008004914                HAL_SPI_Init
 .text.HAL_SPI_Transmit
                0x0000000008004a26      0x278 ./Drivers/STM32F4xx_HAL_Driver/Src/stm32f4xx_hal_spi.o
                0x0000000008004a26                HAL_SPI_Transmit
 .text.HAL_SPI_Receive
                0x0000000008004c9e      0x222 ./Drivers/STM32F4xx_HAL_Driver/Src/stm32f4xx_hal_spi.o
                0x0000000008004c9e                HAL_SPI_Receive
 .text.HAL_SPI_TransmitReceive
                0x0000000008004ec0      0x344 ./Drivers/STM32F4xx_HAL_Driver/Src/stm32f4xx_hal_spi.o
                0x0000000008004ec0                HAL_SPI_TransmitReceive
 .text.SPI_WaitFlagStateUntilTimeout
                0x0000000008005204      0x110 ./Drivers/STM32F4xx_HAL_Driver/Src/stm32f4xx_hal_spi.o
 .text.SPI_EndRxTransaction
                0x0000000008005314       0xca ./Drivers/STM32F4xx_HAL_Driver/Src/stm32f4xx_hal_spi.o
 *fill*         0x00000000080053de        0x2 
 .text.SPI_EndRxTxTransaction
                0x00000000080053e0       0x84 ./Drivers/STM32F4xx_HAL_Driver/Src/stm32f4xx_hal_spi.o
 .text.HAL_UART_Init
                0x0000000008005464       0x9a ./Drivers/STM32F4xx_HAL_Driver/Src/stm32f4xx_hal_uart.o
                0x0000000008005464                HAL_UART_Init
 *fill*         0x00000000080054fe        0x2 
 .text.UART_SetConfig
                0x0000000008005500      0x4e8 ./Drivers/STM32F4xx_HAL_Driver/Src/stm32f4xx_hal_uart.o
 .text.USB_CoreInit
                0x00000000080059e8       0xc2 ./Drivers/STM32F4xx_HAL_Driver/Src/stm32f4xx_ll_usb.o
                0x00000000080059e8                USB_CoreInit
 *fill*         0x0000000008005aaa        0x2 
 .text.USB_SetTurnaroundTime
                0x0000000008005aac      0x144 ./Drivers/STM32F4xx_HAL_Driver/Src/stm32f4xx_ll_usb.o
                0x0000000008005aac                USB_SetTurnaroundTime
 .text.USB_EnableGlobalInt
                0x0000000008005bf0       0x22 ./Drivers/STM32F4xx_HAL_Driver/Src/stm32f4xx_ll_usb.o
                0x0000000008005bf0                USB_EnableGlobalInt
 .text.USB_DisableGlobalInt
                0x0000000008005c12       0x22 ./Drivers/STM32F4xx_HAL_Driver/Src/stm32f4xx_ll_usb.o
                0x0000000008005c12                USB_DisableGlobalInt
 .text.USB_SetCurrentMode
                0x0000000008005c34       0x98 ./Drivers/STM32F4xx_HAL_Driver/Src/stm32f4xx_ll_usb.o
                0x0000000008005c34                USB_SetCurrentMode
 .text.USB_DevInit
                0x0000000008005ccc      0x2c8 ./Drivers/STM32F4xx_HAL_Driver/Src/stm32f4xx_ll_usb.o
                0x0000000008005ccc                USB_DevInit
 .text.USB_FlushTxFifo
                0x0000000008005f94       0x68 ./Drivers/STM32F4xx_HAL_Driver/Src/stm32f4xx_ll_usb.o
                0x0000000008005f94                USB_FlushTxFifo
 .text.USB_FlushRxFifo
                0x0000000008005ffc       0x60 ./Drivers/STM32F4xx_HAL_Driver/Src/stm32f4xx_ll_usb.o
                0x0000000008005ffc                USB_FlushRxFifo
 .text.USB_SetDevSpeed
                0x000000000800605c       0x32 ./Drivers/STM32F4xx_HAL_Driver/Src/stm32f4xx_ll_usb.o
                0x000000000800605c                USB_SetDevSpeed
 .text.USB_GetDevSpeed
                0x000000000800608e       0x4a ./Drivers/STM32F4xx_HAL_Driver/Src/stm32f4xx_ll_usb.o
                0x000000000800608e                USB_GetDevSpeed
 .text.USB_ActivateEndpoint
                0x00000000080060d8      0x10e ./Drivers/STM32F4xx_HAL_Driver/Src/stm32f4xx_ll_usb.o
                0x00000000080060d8                USB_ActivateEndpoint
 *fill*         0x00000000080061e6        0x2 
 .text.USB_DeactivateEndpoint
                0x00000000080061e8      0x1b8 ./Drivers/STM32F4xx_HAL_Driver/Src/stm32f4xx_ll_usb.o
                0x00000000080061e8                USB_DeactivateEndpoint
 .text.USB_EPStartXfer
                0x00000000080063a0      0x490 ./Drivers/STM32F4xx_HAL_Driver/Src/stm32f4xx_ll_usb.o
                0x00000000080063a0                USB_EPStartXfer
 .text.USB_EP0StartXfer
                0x0000000008006830      0x2b0 ./Drivers/STM32F4xx_HAL_Driver/Src/stm32f4xx_ll_usb.o
                0x0000000008006830                USB_EP0StartXfer
 .text.USB_EPStopXfer
                0x0000000008006ae0      0x154 ./Drivers/STM32F4xx_HAL_Driver/Src/stm32f4xx_ll_usb.o
                0x0000000008006ae0                USB_EPStopXfer
 .text.USB_WritePacket
                0x0000000008006c34       0x7c ./Drivers/STM32F4xx_HAL_Driver/Src/stm32f4xx_ll_usb.o
                0x0000000008006c34                USB_WritePacket
 .text.USB_ReadPacket
                0x0000000008006cb0       0xb0 ./Drivers/STM32F4xx_HAL_Driver/Src/stm32f4xx_ll_usb.o
                0x0000000008006cb0                USB_ReadPacket
 .text.USB_EPSetStall
                0x0000000008006d60       0xdc ./Drivers/STM32F4xx_HAL_Driver/Src/stm32f4xx_ll_usb.o
                0x0000000008006d60                USB_EPSetStall
 .text.USB_EPClearStall
                0x0000000008006e3c       0xcc ./Drivers/STM32F4xx_HAL_Driver/Src/stm32f4xx_ll_usb.o
                0x0000000008006e3c                USB_EPClearStall
 .text.USB_SetDevAddress
                0x0000000008006f08       0x4c ./Drivers/STM32F4xx_HAL_Driver/Src/stm32f4xx_ll_usb.o
                0x0000000008006f08                USB_SetDevAddress
 .text.USB_DevConnect
                0x0000000008006f54       0x42 ./Drivers/STM32F4xx_HAL_Driver/Src/stm32f4xx_ll_usb.o
                0x0000000008006f54                USB_DevConnect
 .text.USB_DevDisconnect
                0x0000000008006f96       0x42 ./Drivers/STM32F4xx_HAL_Driver/Src/stm32f4xx_ll_usb.o
                0x0000000008006f96                USB_DevDisconnect
 .text.USB_ReadInterrupts
                0x0000000008006fd8       0x26 ./Drivers/STM32F4xx_HAL_Driver/Src/stm32f4xx_ll_usb.o
                0x0000000008006fd8                USB_ReadInterrupts
 .text.USB_ReadDevAllOutEpInterrupt
                0x0000000008006ffe       0x34 ./Drivers/STM32F4xx_HAL_Driver/Src/stm32f4xx_ll_usb.o
                0x0000000008006ffe                USB_ReadDevAllOutEpInterrupt
 .text.USB_ReadDevAllInEpInterrupt
                0x0000000008007032       0x34 ./Drivers/STM32F4xx_HAL_Driver/Src/stm32f4xx_ll_usb.o
                0x0000000008007032                USB_ReadDevAllInEpInterrupt
 .text.USB_ReadDevOutEPInterrupt
                0x0000000008007066       0x3c ./Drivers/STM32F4xx_HAL_Driver/Src/stm32f4xx_ll_usb.o
                0x0000000008007066                USB_ReadDevOutEPInterrupt
 .text.USB_ReadDevInEPInterrupt
                0x00000000080070a2       0x5c ./Drivers/STM32F4xx_HAL_Driver/Src/stm32f4xx_ll_usb.o
                0x00000000080070a2                USB_ReadDevInEPInterrupt
 .text.USB_GetMode
                0x00000000080070fe       0x1c ./Drivers/STM32F4xx_HAL_Driver/Src/stm32f4xx_ll_usb.o
                0x00000000080070fe                USB_GetMode
 .text.USB_ActivateSetup
                0x000000000800711a       0x46 ./Drivers/STM32F4xx_HAL_Driver/Src/stm32f4xx_ll_usb.o
                0x000000000800711a                USB_ActivateSetup
 .text.USB_EP0_OutStart
                0x0000000008007160       0xbc ./Drivers/STM32F4xx_HAL_Driver/Src/stm32f4xx_ll_usb.o
                0x0000000008007160                USB_EP0_OutStart
 .text.USB_CoreReset
                0x000000000800721c       0x68 ./Drivers/STM32F4xx_HAL_Driver/Src/stm32f4xx_ll_usb.o
 .text.USBD_CDC_Init
                0x0000000008007284      0x1f0 ./Middlewares/ST/STM32_USB_Device_Library/Class/CDC/Src/usbd_cdc.o
 .text.USBD_CDC_DeInit
                0x0000000008007474      0x104 ./Middlewares/ST/STM32_USB_Device_Library/Class/CDC/Src/usbd_cdc.o
 .text.USBD_CDC_Setup
                0x0000000008007578      0x1b8 ./Middlewares/ST/STM32_USB_Device_Library/Class/CDC/Src/usbd_cdc.o
 .text.USBD_CDC_DataIn
                0x0000000008007730       0xfe ./Middlewares/ST/STM32_USB_Device_Library/Class/CDC/Src/usbd_cdc.o
 .text.USBD_CDC_DataOut
                0x000000000800782e       0x70 ./Middlewares/ST/STM32_USB_Device_Library/Class/CDC/Src/usbd_cdc.o
 .text.USBD_CDC_EP0_RxReady
                0x000000000800789e       0x76 ./Middlewares/ST/STM32_USB_Device_Library/Class/CDC/Src/usbd_cdc.o
 .text.USBD_CDC_GetFSCfgDesc
                0x0000000008007914       0x70 ./Middlewares/ST/STM32_USB_Device_Library/Class/CDC/Src/usbd_cdc.o
 .text.USBD_CDC_GetHSCfgDesc
                0x0000000008007984       0x70 ./Middlewares/ST/STM32_USB_Device_Library/Class/CDC/Src/usbd_cdc.o
 .text.USBD_CDC_GetOtherSpeedCfgDesc
                0x00000000080079f4       0x70 ./Middlewares/ST/STM32_USB_Device_Library/Class/CDC/Src/usbd_cdc.o
 .text.USBD_CDC_GetDeviceQualifierDescriptor
                0x0000000008007a64       0x20 ./Middlewares/ST/STM32_USB_Device_Library/Class/CDC/Src/usbd_cdc.o
                0x0000000008007a64                USBD_CDC_GetDeviceQualifierDescriptor
 .text.USBD_CDC_RegisterInterface
                0x0000000008007a84       0x34 ./Middlewares/ST/STM32_USB_Device_Library/Class/CDC/Src/usbd_cdc.o
                0x0000000008007a84                USBD_CDC_RegisterInterface
 .text.USBD_CDC_SetTxBuffer
                0x0000000008007ab8       0x44 ./Middlewares/ST/STM32_USB_Device_Library/Class/CDC/Src/usbd_cdc.o
                0x0000000008007ab8                USBD_CDC_SetTxBuffer
 .text.USBD_CDC_SetRxBuffer
                0x0000000008007afc       0x3a ./Middlewares/ST/STM32_USB_Device_Library/Class/CDC/Src/usbd_cdc.o
                0x0000000008007afc                USBD_CDC_SetRxBuffer
 *fill*         0x0000000008007b36        0x2 
 .text.USBD_CDC_ReceivePacket
                0x0000000008007b38       0x6c ./Middlewares/ST/STM32_USB_Device_Library/Class/CDC/Src/usbd_cdc.o
                0x0000000008007b38                USBD_CDC_ReceivePacket
 .text.USBD_Init
                0x0000000008007ba4       0x60 ./Middlewares/ST/STM32_USB_Device_Library/Core/Src/usbd_core.o
                0x0000000008007ba4                USBD_Init
 .text.USBD_RegisterClass
                0x0000000008007c04       0x6c ./Middlewares/ST/STM32_USB_Device_Library/Core/Src/usbd_core.o
                0x0000000008007c04                USBD_RegisterClass
 .text.USBD_Start
                0x0000000008007c70       0x18 ./Middlewares/ST/STM32_USB_Device_Library/Core/Src/usbd_core.o
                0x0000000008007c70                USBD_Start
 .text.USBD_RunTestMode
                0x0000000008007c88       0x16 ./Middlewares/ST/STM32_USB_Device_Library/Core/Src/usbd_core.o
                0x0000000008007c88                USBD_RunTestMode
 .text.USBD_SetClassConfig
                0x0000000008007c9e       0x38 ./Middlewares/ST/STM32_USB_Device_Library/Core/Src/usbd_core.o
                0x0000000008007c9e                USBD_SetClassConfig
 .text.USBD_ClrClassConfig
                0x0000000008007cd6       0x34 ./Middlewares/ST/STM32_USB_Device_Library/Core/Src/usbd_core.o
                0x0000000008007cd6                USBD_ClrClassConfig
 .text.USBD_LL_SetupStage
                0x0000000008007d0a       0xaa ./Middlewares/ST/STM32_USB_Device_Library/Core/Src/usbd_core.o
                0x0000000008007d0a                USBD_LL_SetupStage
 .text.USBD_LL_DataOutStage
                0x0000000008007db4      0x166 ./Middlewares/ST/STM32_USB_Device_Library/Core/Src/usbd_core.o
                0x0000000008007db4                USBD_LL_DataOutStage
 .text.USBD_LL_DataInStage
                0x0000000008007f1a      0x164 ./Middlewares/ST/STM32_USB_Device_Library/Core/Src/usbd_core.o
                0x0000000008007f1a                USBD_LL_DataInStage
 .text.USBD_LL_Reset
                0x000000000800807e       0xa4 ./Middlewares/ST/STM32_USB_Device_Library/Core/Src/usbd_core.o
                0x000000000800807e                USBD_LL_Reset
 .text.USBD_LL_SetSpeed
                0x0000000008008122       0x20 ./Middlewares/ST/STM32_USB_Device_Library/Core/Src/usbd_core.o
                0x0000000008008122                USBD_LL_SetSpeed
 .text.USBD_LL_Suspend
                0x0000000008008142       0x2c ./Middlewares/ST/STM32_USB_Device_Library/Core/Src/usbd_core.o
                0x0000000008008142                USBD_LL_Suspend
 .text.USBD_LL_Resume
                0x000000000800816e       0x30 ./Middlewares/ST/STM32_USB_Device_Library/Core/Src/usbd_core.o
                0x000000000800816e                USBD_LL_Resume
 .text.USBD_LL_SOF
                0x000000000800819e       0x40 ./Middlewares/ST/STM32_USB_Device_Library/Core/Src/usbd_core.o
                0x000000000800819e                USBD_LL_SOF
 .text.USBD_LL_IsoINIncomplete
                0x00000000080081de       0x64 ./Middlewares/ST/STM32_USB_Device_Library/Core/Src/usbd_core.o
                0x00000000080081de                USBD_LL_IsoINIncomplete
 .text.USBD_LL_IsoOUTIncomplete
                0x0000000008008242       0x64 ./Middlewares/ST/STM32_USB_Device_Library/Core/Src/usbd_core.o
                0x0000000008008242                USBD_LL_IsoOUTIncomplete
 .text.USBD_LL_DevConnected
                0x00000000080082a6       0x16 ./Middlewares/ST/STM32_USB_Device_Library/Core/Src/usbd_core.o
                0x00000000080082a6                USBD_LL_DevConnected
 .text.USBD_LL_DevDisconnected
                0x00000000080082bc       0x46 ./Middlewares/ST/STM32_USB_Device_Library/Core/Src/usbd_core.o
                0x00000000080082bc                USBD_LL_DevDisconnected
 .text.USBD_CoreFindIF
                0x0000000008008302       0x1a ./Middlewares/ST/STM32_USB_Device_Library/Core/Src/usbd_core.o
                0x0000000008008302                USBD_CoreFindIF
 .text.USBD_CoreFindEP
                0x000000000800831c       0x1a ./Middlewares/ST/STM32_USB_Device_Library/Core/Src/usbd_core.o
                0x000000000800831c                USBD_CoreFindEP
 .text.USBD_GetEpDesc
                0x0000000008008336       0x74 ./Middlewares/ST/STM32_USB_Device_Library/Core/Src/usbd_core.o
                0x0000000008008336                USBD_GetEpDesc
 .text.USBD_GetNextDesc
                0x00000000080083aa       0x3a ./Middlewares/ST/STM32_USB_Device_Library/Core/Src/usbd_core.o
                0x00000000080083aa                USBD_GetNextDesc
 .text.SWAPBYTE
                0x00000000080083e4       0x3c ./Middlewares/ST/STM32_USB_Device_Library/Core/Src/usbd_ctlreq.o
 .text.USBD_StdDevReq
                0x0000000008008420       0xe4 ./Middlewares/ST/STM32_USB_Device_Library/Core/Src/usbd_ctlreq.o
                0x0000000008008420                USBD_StdDevReq
 .text.USBD_StdItfReq
                0x0000000008008504       0xd8 ./Middlewares/ST/STM32_USB_Device_Library/Core/Src/usbd_ctlreq.o
                0x0000000008008504                USBD_StdItfReq
 .text.USBD_StdEPReq
                0x00000000080085dc      0x33a ./Middlewares/ST/STM32_USB_Device_Library/Core/Src/usbd_ctlreq.o
                0x00000000080085dc                USBD_StdEPReq
 *fill*         0x0000000008008916        0x2 
 .text.USBD_GetDescriptor
                0x0000000008008918      0x2d4 ./Middlewares/ST/STM32_USB_Device_Library/Core/Src/usbd_ctlreq.o
 .text.USBD_SetAddress
                0x0000000008008bec       0x88 ./Middlewares/ST/STM32_USB_Device_Library/Core/Src/usbd_ctlreq.o
 .text.USBD_SetConfig
                0x0000000008008c74      0x154 ./Middlewares/ST/STM32_USB_Device_Library/Core/Src/usbd_ctlreq.o
 .text.USBD_GetConfig
                0x0000000008008dc8       0x6c ./Middlewares/ST/STM32_USB_Device_Library/Core/Src/usbd_ctlreq.o
 .text.USBD_GetStatus
                0x0000000008008e34       0x68 ./Middlewares/ST/STM32_USB_Device_Library/Core/Src/usbd_ctlreq.o
 .text.USBD_SetFeature
                0x0000000008008e9c       0x52 ./Middlewares/ST/STM32_USB_Device_Library/Core/Src/usbd_ctlreq.o
 .text.USBD_ClrFeature
                0x0000000008008eee       0x44 ./Middlewares/ST/STM32_USB_Device_Library/Core/Src/usbd_ctlreq.o
 .text.USBD_ParseSetupRequest
                0x0000000008008f32       0x74 ./Middlewares/ST/STM32_USB_Device_Library/Core/Src/usbd_ctlreq.o
                0x0000000008008f32                USBD_ParseSetupRequest
 .text.USBD_CtlError
                0x0000000008008fa6       0x22 ./Middlewares/ST/STM32_USB_Device_Library/Core/Src/usbd_ctlreq.o
                0x0000000008008fa6                USBD_CtlError
 .text.USBD_GetString
                0x0000000008008fc8       0x8c ./Middlewares/ST/STM32_USB_Device_Library/Core/Src/usbd_ctlreq.o
                0x0000000008008fc8                USBD_GetString
 .text.USBD_GetLen
                0x0000000008009054       0x34 ./Middlewares/ST/STM32_USB_Device_Library/Core/Src/usbd_ctlreq.o
 .text.USBD_CtlSendData
                0x0000000008009088       0x36 ./Middlewares/ST/STM32_USB_Device_Library/Core/Src/usbd_ioreq.o
                0x0000000008009088                USBD_CtlSendData
 .text.USBD_CtlContinueSendData
                0x00000000080090be       0x22 ./Middlewares/ST/STM32_USB_Device_Library/Core/Src/usbd_ioreq.o
                0x00000000080090be                USBD_CtlContinueSendData
 .text.USBD_CtlPrepareRx
                0x00000000080090e0       0x3a ./Middlewares/ST/STM32_USB_Device_Library/Core/Src/usbd_ioreq.o
                0x00000000080090e0                USBD_CtlPrepareRx
 .text.USBD_CtlContinueRx
                0x000000000800911a       0x22 ./Middlewares/ST/STM32_USB_Device_Library/Core/Src/usbd_ioreq.o
                0x000000000800911a                USBD_CtlContinueRx
 .text.USBD_CtlSendStatus
                0x000000000800913c       0x26 ./Middlewares/ST/STM32_USB_Device_Library/Core/Src/usbd_ioreq.o
                0x000000000800913c                USBD_CtlSendStatus
 .text.USBD_CtlReceiveStatus
                0x0000000008009162       0x26 ./Middlewares/ST/STM32_USB_Device_Library/Core/Src/usbd_ioreq.o
                0x0000000008009162                USBD_CtlReceiveStatus
 .text.MX_USB_DEVICE_Init
                0x0000000008009188       0x60 ./USB_DEVICE/App/usb_device.o
                0x0000000008009188                MX_USB_DEVICE_Init
 .text.CDC_Init_FS
                0x00000000080091e8       0x28 ./USB_DEVICE/App/usbd_cdc_if.o
 .text.CDC_DeInit_FS
                0x0000000008009210       0x10 ./USB_DEVICE/App/usbd_cdc_if.o
 .text.CDC_Control_FS
                0x0000000008009220       0xbc ./USB_DEVICE/App/usbd_cdc_if.o
 .text.CDC_Receive_FS
                0x00000000080092dc       0x28 ./USB_DEVICE/App/usbd_cdc_if.o
 .text.CDC_TransmitCplt_FS
                0x0000000008009304       0x22 ./USB_DEVICE/App/usbd_cdc_if.o
 *fill*         0x0000000008009326        0x2 
 .text.USBD_FS_DeviceDescriptor
                0x0000000008009328       0x24 ./USB_DEVICE/App/usbd_desc.o
                0x0000000008009328                USBD_FS_DeviceDescriptor
 .text.USBD_FS_LangIDStrDescriptor
                0x000000000800934c       0x24 ./USB_DEVICE/App/usbd_desc.o
                0x000000000800934c                USBD_FS_LangIDStrDescriptor
 .text.USBD_FS_ProductStrDescriptor
                0x0000000008009370       0x3c ./USB_DEVICE/App/usbd_desc.o
                0x0000000008009370                USBD_FS_ProductStrDescriptor
 .text.USBD_FS_ManufacturerStrDescriptor
                0x00000000080093ac       0x28 ./USB_DEVICE/App/usbd_desc.o
                0x00000000080093ac                USBD_FS_ManufacturerStrDescriptor
 .text.USBD_FS_SerialStrDescriptor
                0x00000000080093d4       0x24 ./USB_DEVICE/App/usbd_desc.o
                0x00000000080093d4                USBD_FS_SerialStrDescriptor
 .text.USBD_FS_ConfigStrDescriptor
                0x00000000080093f8       0x3c ./USB_DEVICE/App/usbd_desc.o
                0x00000000080093f8                USBD_FS_ConfigStrDescriptor
 .text.USBD_FS_InterfaceStrDescriptor
                0x0000000008009434       0x3c ./USB_DEVICE/App/usbd_desc.o
                0x0000000008009434                USBD_FS_InterfaceStrDescriptor
 .text.Get_SerialNum
                0x0000000008009470       0x58 ./USB_DEVICE/App/usbd_desc.o
 .text.IntToUnicode
                0x00000000080094c8       0x7e ./USB_DEVICE/App/usbd_desc.o
 *fill*         0x0000000008009546        0x2 
 .text.HAL_PCD_MspInit
                0x0000000008009548       0xa8 ./USB_DEVICE/Target/usbd_conf.o
                0x0000000008009548                HAL_PCD_MspInit
 .text.HAL_PCD_SetupStageCallback
                0x00000000080095f0       0x24 ./USB_DEVICE/Target/usbd_conf.o
                0x00000000080095f0                HAL_PCD_SetupStageCallback
 .text.HAL_PCD_DataOutStageCallback
                0x0000000008009614       0x36 ./USB_DEVICE/Target/usbd_conf.o
                0x0000000008009614                HAL_PCD_DataOutStageCallback
 .text.HAL_PCD_DataInStageCallback
                0x000000000800964a       0x34 ./USB_DEVICE/Target/usbd_conf.o
                0x000000000800964a                HAL_PCD_DataInStageCallback
 .text.HAL_PCD_SOFCallback
                0x000000000800967e       0x1c ./USB_DEVICE/Target/usbd_conf.o
                0x000000000800967e                HAL_PCD_SOFCallback
 .text.HAL_PCD_ResetCallback
                0x000000000800969a       0x50 ./USB_DEVICE/Target/usbd_conf.o
                0x000000000800969a                HAL_PCD_ResetCallback
 *fill*         0x00000000080096ea        0x2 
 .text.HAL_PCD_SuspendCallback
                0x00000000080096ec       0x4c ./USB_DEVICE/Target/usbd_conf.o
                0x00000000080096ec                HAL_PCD_SuspendCallback
 .text.HAL_PCD_ResumeCallback
                0x0000000008009738       0x1c ./USB_DEVICE/Target/usbd_conf.o
                0x0000000008009738                HAL_PCD_ResumeCallback
 .text.HAL_PCD_ISOOUTIncompleteCallback
                0x0000000008009754       0x24 ./USB_DEVICE/Target/usbd_conf.o
                0x0000000008009754                HAL_PCD_ISOOUTIncompleteCallback
 .text.HAL_PCD_ISOINIncompleteCallback
                0x0000000008009778       0x24 ./USB_DEVICE/Target/usbd_conf.o
                0x0000000008009778                HAL_PCD_ISOINIncompleteCallback
 .text.HAL_PCD_ConnectCallback
                0x000000000800979c       0x1c ./USB_DEVICE/Target/usbd_conf.o
                0x000000000800979c                HAL_PCD_ConnectCallback
 .text.HAL_PCD_DisconnectCallback
                0x00000000080097b8       0x1c ./USB_DEVICE/Target/usbd_conf.o
                0x00000000080097b8                HAL_PCD_DisconnectCallback
 .text.USBD_LL_Init
                0x00000000080097d4       0x98 ./USB_DEVICE/Target/usbd_conf.o
                0x00000000080097d4                USBD_LL_Init
 .text.USBD_LL_Start
                0x000000000800986c       0x36 ./USB_DEVICE/Target/usbd_conf.o
                0x000000000800986c                USBD_LL_Start
 .text.USBD_LL_OpenEP
                0x00000000080098a2       0x4c ./USB_DEVICE/Target/usbd_conf.o
                0x00000000080098a2                USBD_LL_OpenEP
 .text.USBD_LL_CloseEP
                0x00000000080098ee       0x3e ./USB_DEVICE/Target/usbd_conf.o
                0x00000000080098ee                USBD_LL_CloseEP
 .text.USBD_LL_StallEP
                0x000000000800992c       0x3e ./USB_DEVICE/Target/usbd_conf.o
                0x000000000800992c                USBD_LL_StallEP
 .text.USBD_LL_ClearStallEP
                0x000000000800996a       0x3e ./USB_DEVICE/Target/usbd_conf.o
                0x000000000800996a                USBD_LL_ClearStallEP
 .text.USBD_LL_IsStallEP
                0x00000000080099a8       0x58 ./USB_DEVICE/Target/usbd_conf.o
                0x00000000080099a8                USBD_LL_IsStallEP
 .text.USBD_LL_SetUSBAddress
                0x0000000008009a00       0x3e ./USB_DEVICE/Target/usbd_conf.o
                0x0000000008009a00                USBD_LL_SetUSBAddress
 .text.USBD_LL_Transmit
                0x0000000008009a3e       0x42 ./USB_DEVICE/Target/usbd_conf.o
                0x0000000008009a3e                USBD_LL_Transmit
 .text.USBD_LL_PrepareReceive
                0x0000000008009a80       0x42 ./USB_DEVICE/Target/usbd_conf.o
                0x0000000008009a80                USBD_LL_PrepareReceive
 .text.USBD_LL_GetRxDataSize
                0x0000000008009ac2       0x26 ./USB_DEVICE/Target/usbd_conf.o
                0x0000000008009ac2                USBD_LL_GetRxDataSize
 .text.USBD_static_malloc
                0x0000000008009ae8       0x1c ./USB_DEVICE/Target/usbd_conf.o
                0x0000000008009ae8                USBD_static_malloc
 .text.USBD_static_free
                0x0000000008009b04       0x14 ./USB_DEVICE/Target/usbd_conf.o
                0x0000000008009b04                USBD_static_free
 .text.USBD_Get_USB_Status
                0x0000000008009b18       0x58 ./USB_DEVICE/Target/usbd_conf.o
                0x0000000008009b18                USBD_Get_USB_Status
 .text.__errno  0x0000000008009b70        0xc c:/st/stm32cubeide_1.9.0/stm32cubeide/plugins/com.st.stm32cube.ide.mcu.externaltools.gnu-tools-for-stm32.10.3-2021.10.win32_1.0.0.202111181127/tools/bin/../lib/gcc/arm-none-eabi/10.3.1/../../../../arm-none-eabi/lib/thumb/v7e-m+fp/hard\libc_nano.a(lib_a-errno.o)
                0x0000000008009b70                __errno
 .text.__libc_init_array
                0x0000000008009b7c       0x48 c:/st/stm32cubeide_1.9.0/stm32cubeide/plugins/com.st.stm32cube.ide.mcu.externaltools.gnu-tools-for-stm32.10.3-2021.10.win32_1.0.0.202111181127/tools/bin/../lib/gcc/arm-none-eabi/10.3.1/../../../../arm-none-eabi/lib/thumb/v7e-m+fp/hard\libc_nano.a(lib_a-init.o)
                0x0000000008009b7c                __libc_init_array
 .text.memset   0x0000000008009bc4       0x10 c:/st/stm32cubeide_1.9.0/stm32cubeide/plugins/com.st.stm32cube.ide.mcu.externaltools.gnu-tools-for-stm32.10.3-2021.10.win32_1.0.0.202111181127/tools/bin/../lib/gcc/arm-none-eabi/10.3.1/../../../../arm-none-eabi/lib/thumb/v7e-m+fp/hard\libc_nano.a(lib_a-memset.o)
                0x0000000008009bc4                memset
 .text.printf   0x0000000008009bd4       0x30 c:/st/stm32cubeide_1.9.0/stm32cubeide/plugins/com.st.stm32cube.ide.mcu.externaltools.gnu-tools-for-stm32.10.3-2021.10.win32_1.0.0.202111181127/tools/bin/../lib/gcc/arm-none-eabi/10.3.1/../../../../arm-none-eabi/lib/thumb/v7e-m+fp/hard\libc_nano.a(lib_a-printf.o)
                0x0000000008009bd4                iprintf
                0x0000000008009bd4                printf
 .text._puts_r  0x0000000008009c04       0xdc c:/st/stm32cubeide_1.9.0/stm32cubeide/plugins/com.st.stm32cube.ide.mcu.externaltools.gnu-tools-for-stm32.10.3-2021.10.win32_1.0.0.202111181127/tools/bin/../lib/gcc/arm-none-eabi/10.3.1/../../../../arm-none-eabi/lib/thumb/v7e-m+fp/hard\libc_nano.a(lib_a-puts.o)
                0x0000000008009c04                _puts_r
 .text.puts     0x0000000008009ce0       0x10 c:/st/stm32cubeide_1.9.0/stm32cubeide/plugins/com.st.stm32cube.ide.mcu.externaltools.gnu-tools-for-stm32.10.3-2021.10.win32_1.0.0.202111181127/tools/bin/../lib/gcc/arm-none-eabi/10.3.1/../../../../arm-none-eabi/lib/thumb/v7e-m+fp/hard\libc_nano.a(lib_a-puts.o)
                0x0000000008009ce0                puts
 .text.__swbuf_r
                0x0000000008009cf0       0xa4 c:/st/stm32cubeide_1.9.0/stm32cubeide/plugins/com.st.stm32cube.ide.mcu.externaltools.gnu-tools-for-stm32.10.3-2021.10.win32_1.0.0.202111181127/tools/bin/../lib/gcc/arm-none-eabi/10.3.1/../../../../arm-none-eabi/lib/thumb/v7e-m+fp/hard\libc_nano.a(lib_a-wbuf.o)
                0x0000000008009cf0                __swbuf_r
 .text.__swsetup_r
                0x0000000008009d94       0xdc c:/st/stm32cubeide_1.9.0/stm32cubeide/plugins/com.st.stm32cube.ide.mcu.externaltools.gnu-tools-for-stm32.10.3-2021.10.win32_1.0.0.202111181127/tools/bin/../lib/gcc/arm-none-eabi/10.3.1/../../../../arm-none-eabi/lib/thumb/v7e-m+fp/hard\libc_nano.a(lib_a-wsetup.o)
                0x0000000008009d94                __swsetup_r
 .text.__sflush_r
                0x0000000008009e70      0x10c c:/st/stm32cubeide_1.9.0/stm32cubeide/plugins/com.st.stm32cube.ide.mcu.externaltools.gnu-tools-for-stm32.10.3-2021.10.win32_1.0.0.202111181127/tools/bin/../lib/gcc/arm-none-eabi/10.3.1/../../../../arm-none-eabi/lib/thumb/v7e-m+fp/hard\libc_nano.a(lib_a-fflush.o)
                0x0000000008009e70                __sflush_r
 .text._fflush_r
                0x0000000008009f7c       0x78 c:/st/stm32cubeide_1.9.0/stm32cubeide/plugins/com.st.stm32cube.ide.mcu.externaltools.gnu-tools-for-stm32.10.3-2021.10.win32_1.0.0.202111181127/tools/bin/../lib/gcc/arm-none-eabi/10.3.1/../../../../arm-none-eabi/lib/thumb/v7e-m+fp/hard\libc_nano.a(lib_a-fflush.o)
                0x0000000008009f7c                _fflush_r
 .text.std      0x0000000008009ff4       0x48 c:/st/stm32cubeide_1.9.0/stm32cubeide/plugins/com.st.stm32cube.ide.mcu.externaltools.gnu-tools-for-stm32.10.3-2021.10.win32_1.0.0.202111181127/tools/bin/../lib/gcc/arm-none-eabi/10.3.1/../../../../arm-none-eabi/lib/thumb/v7e-m+fp/hard\libc_nano.a(lib_a-findfp.o)
 .text._cleanup_r
                0x000000000800a03c        0xc c:/st/stm32cubeide_1.9.0/stm32cubeide/plugins/com.st.stm32cube.ide.mcu.externaltools.gnu-tools-for-stm32.10.3-2021.10.win32_1.0.0.202111181127/tools/bin/../lib/gcc/arm-none-eabi/10.3.1/../../../../arm-none-eabi/lib/thumb/v7e-m+fp/hard\libc_nano.a(lib_a-findfp.o)
                0x000000000800a03c                _cleanup_r
 .text.__sfmoreglue
                0x000000000800a048       0x2c c:/st/stm32cubeide_1.9.0/stm32cubeide/plugins/com.st.stm32cube.ide.mcu.externaltools.gnu-tools-for-stm32.10.3-2021.10.win32_1.0.0.202111181127/tools/bin/../lib/gcc/arm-none-eabi/10.3.1/../../../../arm-none-eabi/lib/thumb/v7e-m+fp/hard\libc_nano.a(lib_a-findfp.o)
                0x000000000800a048                __sfmoreglue
 .text.__sfp_lock_acquire
                0x000000000800a074        0xc c:/st/stm32cubeide_1.9.0/stm32cubeide/plugins/com.st.stm32cube.ide.mcu.externaltools.gnu-tools-for-stm32.10.3-2021.10.win32_1.0.0.202111181127/tools/bin/../lib/gcc/arm-none-eabi/10.3.1/../../../../arm-none-eabi/lib/thumb/v7e-m+fp/hard\libc_nano.a(lib_a-findfp.o)
                0x000000000800a074                __sfp_lock_acquire
 .text.__sfp_lock_release
                0x000000000800a080        0xc c:/st/stm32cubeide_1.9.0/stm32cubeide/plugins/com.st.stm32cube.ide.mcu.externaltools.gnu-tools-for-stm32.10.3-2021.10.win32_1.0.0.202111181127/tools/bin/../lib/gcc/arm-none-eabi/10.3.1/../../../../arm-none-eabi/lib/thumb/v7e-m+fp/hard\libc_nano.a(lib_a-findfp.o)
                0x000000000800a080                __sfp_lock_release
 .text.__sinit_lock_acquire
                0x000000000800a08c        0xc c:/st/stm32cubeide_1.9.0/stm32cubeide/plugins/com.st.stm32cube.ide.mcu.externaltools.gnu-tools-for-stm32.10.3-2021.10.win32_1.0.0.202111181127/tools/bin/../lib/gcc/arm-none-eabi/10.3.1/../../../../arm-none-eabi/lib/thumb/v7e-m+fp/hard\libc_nano.a(lib_a-findfp.o)
                0x000000000800a08c                __sinit_lock_acquire
 .text.__sinit_lock_release
                0x000000000800a098        0xc c:/st/stm32cubeide_1.9.0/stm32cubeide/plugins/com.st.stm32cube.ide.mcu.externaltools.gnu-tools-for-stm32.10.3-2021.10.win32_1.0.0.202111181127/tools/bin/../lib/gcc/arm-none-eabi/10.3.1/../../../../arm-none-eabi/lib/thumb/v7e-m+fp/hard\libc_nano.a(lib_a-findfp.o)
                0x000000000800a098                __sinit_lock_release
 .text.__sinit  0x000000000800a0a4       0x70 c:/st/stm32cubeide_1.9.0/stm32cubeide/plugins/com.st.stm32cube.ide.mcu.externaltools.gnu-tools-for-stm32.10.3-2021.10.win32_1.0.0.202111181127/tools/bin/../lib/gcc/arm-none-eabi/10.3.1/../../../../arm-none-eabi/lib/thumb/v7e-m+fp/hard\libc_nano.a(lib_a-findfp.o)
                0x000000000800a0a4                __sinit
 .text.__sfp    0x000000000800a114       0x8c c:/st/stm32cubeide_1.9.0/stm32cubeide/plugins/com.st.stm32cube.ide.mcu.externaltools.gnu-tools-for-stm32.10.3-2021.10.win32_1.0.0.202111181127/tools/bin/../lib/gcc/arm-none-eabi/10.3.1/../../../../arm-none-eabi/lib/thumb/v7e-m+fp/hard\libc_nano.a(lib_a-findfp.o)
                0x000000000800a114                __sfp
 .text._fwalk_reent
                0x000000000800a1a0       0x3e c:/st/stm32cubeide_1.9.0/stm32cubeide/plugins/com.st.stm32cube.ide.mcu.externaltools.gnu-tools-for-stm32.10.3-2021.10.win32_1.0.0.202111181127/tools/bin/../lib/gcc/arm-none-eabi/10.3.1/../../../../arm-none-eabi/lib/thumb/v7e-m+fp/hard\libc_nano.a(lib_a-fwalk.o)
                0x000000000800a1a0                _fwalk_reent
 .text.__retarget_lock_init_recursive
                0x000000000800a1de        0x2 c:/st/stm32cubeide_1.9.0/stm32cubeide/plugins/com.st.stm32cube.ide.mcu.externaltools.gnu-tools-for-stm32.10.3-2021.10.win32_1.0.0.202111181127/tools/bin/../lib/gcc/arm-none-eabi/10.3.1/../../../../arm-none-eabi/lib/thumb/v7e-m+fp/hard\libc_nano.a(lib_a-lock.o)
                0x000000000800a1de                __retarget_lock_init_recursive
 .text.__retarget_lock_acquire_recursive
                0x000000000800a1e0        0x2 c:/st/stm32cubeide_1.9.0/stm32cubeide/plugins/com.st.stm32cube.ide.mcu.externaltools.gnu-tools-for-stm32.10.3-2021.10.win32_1.0.0.202111181127/tools/bin/../lib/gcc/arm-none-eabi/10.3.1/../../../../arm-none-eabi/lib/thumb/v7e-m+fp/hard\libc_nano.a(lib_a-lock.o)
                0x000000000800a1e0                __retarget_lock_acquire_recursive
 .text.__retarget_lock_release_recursive
                0x000000000800a1e2        0x2 c:/st/stm32cubeide_1.9.0/stm32cubeide/plugins/com.st.stm32cube.ide.mcu.externaltools.gnu-tools-for-stm32.10.3-2021.10.win32_1.0.0.202111181127/tools/bin/../lib/gcc/arm-none-eabi/10.3.1/../../../../arm-none-eabi/lib/thumb/v7e-m+fp/hard\libc_nano.a(lib_a-lock.o)
                0x000000000800a1e2                __retarget_lock_release_recursive
 .text.__swhatbuf_r
                0x000000000800a1e4       0x4a c:/st/stm32cubeide_1.9.0/stm32cubeide/plugins/com.st.stm32cube.ide.mcu.externaltools.gnu-tools-for-stm32.10.3-2021.10.win32_1.0.0.202111181127/tools/bin/../lib/gcc/arm-none-eabi/10.3.1/../../../../arm-none-eabi/lib/thumb/v7e-m+fp/hard\libc_nano.a(lib_a-makebuf.o)
                0x000000000800a1e4                __swhatbuf_r
 *fill*         0x000000000800a22e        0x2 
 .text.__smakebuf_r
                0x000000000800a230       0x80 c:/st/stm32cubeide_1.9.0/stm32cubeide/plugins/com.st.stm32cube.ide.mcu.externaltools.gnu-tools-for-stm32.10.3-2021.10.win32_1.0.0.202111181127/tools/bin/../lib/gcc/arm-none-eabi/10.3.1/../../../../arm-none-eabi/lib/thumb/v7e-m+fp/hard\libc_nano.a(lib_a-makebuf.o)
                0x000000000800a230                __smakebuf_r
 .text._free_r  0x000000000800a2b0       0x98 c:/st/stm32cubeide_1.9.0/stm32cubeide/plugins/com.st.stm32cube.ide.mcu.externaltools.gnu-tools-for-stm32.10.3-2021.10.win32_1.0.0.202111181127/tools/bin/../lib/gcc/arm-none-eabi/10.3.1/../../../../arm-none-eabi/lib/thumb/v7e-m+fp/hard\libc_nano.a(lib_a-nano-freer.o)
                0x000000000800a2b0                _free_r
 .text.sbrk_aligned
                0x000000000800a348       0x40 c:/st/stm32cubeide_1.9.0/stm32cubeide/plugins/com.st.stm32cube.ide.mcu.externaltools.gnu-tools-for-stm32.10.3-2021.10.win32_1.0.0.202111181127/tools/bin/../lib/gcc/arm-none-eabi/10.3.1/../../../../arm-none-eabi/lib/thumb/v7e-m+fp/hard\libc_nano.a(lib_a-nano-mallocr.o)
 .text._malloc_r
                0x000000000800a388       0xe8 c:/st/stm32cubeide_1.9.0/stm32cubeide/plugins/com.st.stm32cube.ide.mcu.externaltools.gnu-tools-for-stm32.10.3-2021.10.win32_1.0.0.202111181127/tools/bin/../lib/gcc/arm-none-eabi/10.3.1/../../../../arm-none-eabi/lib/thumb/v7e-m+fp/hard\libc_nano.a(lib_a-nano-mallocr.o)
                0x000000000800a388                _malloc_r
 .text.__sfputc_r
                0x000000000800a470       0x2e c:/st/stm32cubeide_1.9.0/stm32cubeide/plugins/com.st.stm32cube.ide.mcu.externaltools.gnu-tools-for-stm32.10.3-2021.10.win32_1.0.0.202111181127/tools/bin/../lib/gcc/arm-none-eabi/10.3.1/../../../../arm-none-eabi/lib/thumb/v7e-m+fp/hard\libc_nano.a(lib_a-nano-vfprintf.o)
 .text.__sfputs_r
                0x000000000800a49e       0x24 c:/st/stm32cubeide_1.9.0/stm32cubeide/plugins/com.st.stm32cube.ide.mcu.externaltools.gnu-tools-for-stm32.10.3-2021.10.win32_1.0.0.202111181127/tools/bin/../lib/gcc/arm-none-eabi/10.3.1/../../../../arm-none-eabi/lib/thumb/v7e-m+fp/hard\libc_nano.a(lib_a-nano-vfprintf.o)
                0x000000000800a49e                __sfputs_r
 *fill*         0x000000000800a4c2        0x2 
 .text._vfprintf_r
                0x000000000800a4c4      0x260 c:/st/stm32cubeide_1.9.0/stm32cubeide/plugins/com.st.stm32cube.ide.mcu.externaltools.gnu-tools-for-stm32.10.3-2021.10.win32_1.0.0.202111181127/tools/bin/../lib/gcc/arm-none-eabi/10.3.1/../../../../arm-none-eabi/lib/thumb/v7e-m+fp/hard\libc_nano.a(lib_a-nano-vfprintf.o)
                0x000000000800a4c4                _vfprintf_r
                0x000000000800a4c4                _vfiprintf_r
 .text._printf_common
                0x000000000800a724       0xda c:/st/stm32cubeide_1.9.0/stm32cubeide/plugins/com.st.stm32cube.ide.mcu.externaltools.gnu-tools-for-stm32.10.3-2021.10.win32_1.0.0.202111181127/tools/bin/../lib/gcc/arm-none-eabi/10.3.1/../../../../arm-none-eabi/lib/thumb/v7e-m+fp/hard\libc_nano.a(lib_a-nano-vfprintf_i.o)
                0x000000000800a724                _printf_common
 *fill*         0x000000000800a7fe        0x2 
 .text._printf_i
                0x000000000800a800      0x24c c:/st/stm32cubeide_1.9.0/stm32cubeide/plugins/com.st.stm32cube.ide.mcu.externaltools.gnu-tools-for-stm32.10.3-2021.10.win32_1.0.0.202111181127/tools/bin/../lib/gcc/arm-none-eabi/10.3.1/../../../../arm-none-eabi/lib/thumb/v7e-m+fp/hard\libc_nano.a(lib_a-nano-vfprintf_i.o)
                0x000000000800a800                _printf_i
 .text._sbrk_r  0x000000000800aa4c       0x20 c:/st/stm32cubeide_1.9.0/stm32cubeide/plugins/com.st.stm32cube.ide.mcu.externaltools.gnu-tools-for-stm32.10.3-2021.10.win32_1.0.0.202111181127/tools/bin/../lib/gcc/arm-none-eabi/10.3.1/../../../../arm-none-eabi/lib/thumb/v7e-m+fp/hard\libc_nano.a(lib_a-sbrkr.o)
                0x000000000800aa4c                _sbrk_r
 .text.__sread  0x000000000800aa6c       0x22 c:/st/stm32cubeide_1.9.0/stm32cubeide/plugins/com.st.stm32cube.ide.mcu.externaltools.gnu-tools-for-stm32.10.3-2021.10.win32_1.0.0.202111181127/tools/bin/../lib/gcc/arm-none-eabi/10.3.1/../../../../arm-none-eabi/lib/thumb/v7e-m+fp/hard\libc_nano.a(lib_a-stdio.o)
                0x000000000800aa6c                __sread
 .text.__swrite
                0x000000000800aa8e       0x38 c:/st/stm32cubeide_1.9.0/stm32cubeide/plugins/com.st.stm32cube.ide.mcu.externaltools.gnu-tools-for-stm32.10.3-2021.10.win32_1.0.0.202111181127/tools/bin/../lib/gcc/arm-none-eabi/10.3.1/../../../../arm-none-eabi/lib/thumb/v7e-m+fp/hard\libc_nano.a(lib_a-stdio.o)
                0x000000000800aa8e                __swrite
 .text.__sseek  0x000000000800aac6       0x24 c:/st/stm32cubeide_1.9.0/stm32cubeide/plugins/com.st.stm32cube.ide.mcu.externaltools.gnu-tools-for-stm32.10.3-2021.10.win32_1.0.0.202111181127/tools/bin/../lib/gcc/arm-none-eabi/10.3.1/../../../../arm-none-eabi/lib/thumb/v7e-m+fp/hard\libc_nano.a(lib_a-stdio.o)
                0x000000000800aac6                __sseek
 .text.__sclose
                0x000000000800aaea        0x8 c:/st/stm32cubeide_1.9.0/stm32cubeide/plugins/com.st.stm32cube.ide.mcu.externaltools.gnu-tools-for-stm32.10.3-2021.10.win32_1.0.0.202111181127/tools/bin/../lib/gcc/arm-none-eabi/10.3.1/../../../../arm-none-eabi/lib/thumb/v7e-m+fp/hard\libc_nano.a(lib_a-stdio.o)
                0x000000000800aaea                __sclose
 *fill*         0x000000000800aaf2        0x2 
 .text._write_r
                0x000000000800aaf4       0x24 c:/st/stm32cubeide_1.9.0/stm32cubeide/plugins/com.st.stm32cube.ide.mcu.externaltools.gnu-tools-for-stm32.10.3-2021.10.win32_1.0.0.202111181127/tools/bin/../lib/gcc/arm-none-eabi/10.3.1/../../../../arm-none-eabi/lib/thumb/v7e-m+fp/hard\libc_nano.a(lib_a-writer.o)
                0x000000000800aaf4                _write_r
 .text._close_r
                0x000000000800ab18       0x20 c:/st/stm32cubeide_1.9.0/stm32cubeide/plugins/com.st.stm32cube.ide.mcu.externaltools.gnu-tools-for-stm32.10.3-2021.10.win32_1.0.0.202111181127/tools/bin/../lib/gcc/arm-none-eabi/10.3.1/../../../../arm-none-eabi/lib/thumb/v7e-m+fp/hard\libc_nano.a(lib_a-closer.o)
                0x000000000800ab18                _close_r
 .text._fstat_r
                0x000000000800ab38       0x24 c:/st/stm32cubeide_1.9.0/stm32cubeide/plugins/com.st.stm32cube.ide.mcu.externaltools.gnu-tools-for-stm32.10.3-2021.10.win32_1.0.0.202111181127/tools/bin/../lib/gcc/arm-none-eabi/10.3.1/../../../../arm-none-eabi/lib/thumb/v7e-m+fp/hard\libc_nano.a(lib_a-fstatr.o)
                0x000000000800ab38                _fstat_r
 .text._isatty_r
                0x000000000800ab5c       0x20 c:/st/stm32cubeide_1.9.0/stm32cubeide/plugins/com.st.stm32cube.ide.mcu.externaltools.gnu-tools-for-stm32.10.3-2021.10.win32_1.0.0.202111181127/tools/bin/../lib/gcc/arm-none-eabi/10.3.1/../../../../arm-none-eabi/lib/thumb/v7e-m+fp/hard\libc_nano.a(lib_a-isattyr.o)
                0x000000000800ab5c                _isatty_r
 .text._lseek_r
                0x000000000800ab7c       0x24 c:/st/stm32cubeide_1.9.0/stm32cubeide/plugins/com.st.stm32cube.ide.mcu.externaltools.gnu-tools-for-stm32.10.3-2021.10.win32_1.0.0.202111181127/tools/bin/../lib/gcc/arm-none-eabi/10.3.1/../../../../arm-none-eabi/lib/thumb/v7e-m+fp/hard\libc_nano.a(lib_a-lseekr.o)
                0x000000000800ab7c                _lseek_r
 .text.__malloc_lock
                0x000000000800aba0        0xc c:/st/stm32cubeide_1.9.0/stm32cubeide/plugins/com.st.stm32cube.ide.mcu.externaltools.gnu-tools-for-stm32.10.3-2021.10.win32_1.0.0.202111181127/tools/bin/../lib/gcc/arm-none-eabi/10.3.1/../../../../arm-none-eabi/lib/thumb/v7e-m+fp/hard\libc_nano.a(lib_a-mlock.o)
                0x000000000800aba0                __malloc_lock
 .text.__malloc_unlock
                0x000000000800abac        0xc c:/st/stm32cubeide_1.9.0/stm32cubeide/plugins/com.st.stm32cube.ide.mcu.externaltools.gnu-tools-for-stm32.10.3-2021.10.win32_1.0.0.202111181127/tools/bin/../lib/gcc/arm-none-eabi/10.3.1/../../../../arm-none-eabi/lib/thumb/v7e-m+fp/hard\libc_nano.a(lib_a-mlock.o)
                0x000000000800abac                __malloc_unlock
 .text._read_r  0x000000000800abb8       0x24 c:/st/stm32cubeide_1.9.0/stm32cubeide/plugins/com.st.stm32cube.ide.mcu.externaltools.gnu-tools-for-stm32.10.3-2021.10.win32_1.0.0.202111181127/tools/bin/../lib/gcc/arm-none-eabi/10.3.1/../../../../arm-none-eabi/lib/thumb/v7e-m+fp/hard\libc_nano.a(lib_a-readr.o)
                0x000000000800abb8                _read_r
 *(.glue_7)
 .glue_7        0x000000000800abdc        0x0 linker stubs
 *(.glue_7t)
 .glue_7t       0x000000000800abdc        0x0 linker stubs
 *(.eh_frame)
 .eh_frame      0x000000000800abdc        0x0 c:/st/stm32cubeide_1.9.0/stm32cubeide/plugins/com.st.stm32cube.ide.mcu.externaltools.gnu-tools-for-stm32.10.3-2021.10.win32_1.0.0.202111181127/tools/bin/../lib/gcc/arm-none-eabi/10.3.1/thumb/v7e-m+fp/hard/crtbegin.o
 *(.init)
 .init          0x000000000800abdc        0x4 c:/st/stm32cubeide_1.9.0/stm32cubeide/plugins/com.st.stm32cube.ide.mcu.externaltools.gnu-tools-for-stm32.10.3-2021.10.win32_1.0.0.202111181127/tools/bin/../lib/gcc/arm-none-eabi/10.3.1/thumb/v7e-m+fp/hard/crti.o
                0x000000000800abdc                _init
 .init          0x000000000800abe0        0x8 c:/st/stm32cubeide_1.9.0/stm32cubeide/plugins/com.st.stm32cube.ide.mcu.externaltools.gnu-tools-for-stm32.10.3-2021.10.win32_1.0.0.202111181127/tools/bin/../lib/gcc/arm-none-eabi/10.3.1/thumb/v7e-m+fp/hard/crtn.o
 *(.fini)
 .fini          0x000000000800abe8        0x4 c:/st/stm32cubeide_1.9.0/stm32cubeide/plugins/com.st.stm32cube.ide.mcu.externaltools.gnu-tools-for-stm32.10.3-2021.10.win32_1.0.0.202111181127/tools/bin/../lib/gcc/arm-none-eabi/10.3.1/thumb/v7e-m+fp/hard/crti.o
                0x000000000800abe8                _fini
 .fini          0x000000000800abec        0x8 c:/st/stm32cubeide_1.9.0/stm32cubeide/plugins/com.st.stm32cube.ide.mcu.externaltools.gnu-tools-for-stm32.10.3-2021.10.win32_1.0.0.202111181127/tools/bin/../lib/gcc/arm-none-eabi/10.3.1/thumb/v7e-m+fp/hard/crtn.o
                0x000000000800abf4                . = ALIGN (0x4)
                0x000000000800abf4                _etext = .

.vfp11_veneer   0x000000000800abf4        0x0
 .vfp11_veneer  0x000000000800abf4        0x0 linker stubs

.v4_bx          0x000000000800abf4        0x0
 .v4_bx         0x000000000800abf4        0x0 linker stubs

.iplt           0x000000000800abf4        0x0
 .iplt          0x000000000800abf4        0x0 c:/st/stm32cubeide_1.9.0/stm32cubeide/plugins/com.st.stm32cube.ide.mcu.externaltools.gnu-tools-for-stm32.10.3-2021.10.win32_1.0.0.202111181127/tools/bin/../lib/gcc/arm-none-eabi/10.3.1/thumb/v7e-m+fp/hard/crtbegin.o

.rodata         0x000000000800abf4      0x128
                0x000000000800abf4                . = ALIGN (0x4)
 *(.rodata)
 .rodata        0x000000000800abf4        0x3 ./Core/Src/icm20948.o
 *fill*         0x000000000800abf7        0x1 
 .rodata        0x000000000800abf8       0x2b ./Core/Src/main.o
 *fill*         0x000000000800ac23        0x1 
 .rodata        0x000000000800ac24       0x46 ./USB_DEVICE/App/usbd_desc.o
 *(.rodata*)
 *fill*         0x000000000800ac6a        0x2 
 .rodata.AHBPrescTable
                0x000000000800ac6c       0x10 ./Core/Src/system_stm32f4xx.o
                0x000000000800ac6c                AHBPrescTable
 .rodata.APBPrescTable
                0x000000000800ac7c        0x8 ./Core/Src/system_stm32f4xx.o
                0x000000000800ac7c                APBPrescTable
 .rodata._global_impure_ptr
                0x000000000800ac84        0x4 c:/st/stm32cubeide_1.9.0/stm32cubeide/plugins/com.st.stm32cube.ide.mcu.externaltools.gnu-tools-for-stm32.10.3-2021.10.win32_1.0.0.202111181127/tools/bin/../lib/gcc/arm-none-eabi/10.3.1/../../../../arm-none-eabi/lib/thumb/v7e-m+fp/hard\libc_nano.a(lib_a-impure.o)
                0x000000000800ac84                _global_impure_ptr
 .rodata.__sf_fake_stderr
                0x000000000800ac88       0x20 c:/st/stm32cubeide_1.9.0/stm32cubeide/plugins/com.st.stm32cube.ide.mcu.externaltools.gnu-tools-for-stm32.10.3-2021.10.win32_1.0.0.202111181127/tools/bin/../lib/gcc/arm-none-eabi/10.3.1/../../../../arm-none-eabi/lib/thumb/v7e-m+fp/hard\libc_nano.a(lib_a-findfp.o)
                0x000000000800ac88                __sf_fake_stderr
 .rodata.__sf_fake_stdin
                0x000000000800aca8       0x20 c:/st/stm32cubeide_1.9.0/stm32cubeide/plugins/com.st.stm32cube.ide.mcu.externaltools.gnu-tools-for-stm32.10.3-2021.10.win32_1.0.0.202111181127/tools/bin/../lib/gcc/arm-none-eabi/10.3.1/../../../../arm-none-eabi/lib/thumb/v7e-m+fp/hard\libc_nano.a(lib_a-findfp.o)
                0x000000000800aca8                __sf_fake_stdin
 .rodata.__sf_fake_stdout
                0x000000000800acc8       0x20 c:/st/stm32cubeide_1.9.0/stm32cubeide/plugins/com.st.stm32cube.ide.mcu.externaltools.gnu-tools-for-stm32.10.3-2021.10.win32_1.0.0.202111181127/tools/bin/../lib/gcc/arm-none-eabi/10.3.1/../../../../arm-none-eabi/lib/thumb/v7e-m+fp/hard\libc_nano.a(lib_a-findfp.o)
                0x000000000800acc8                __sf_fake_stdout
 .rodata._vfprintf_r.str1.1
                0x000000000800ace8       0x11 c:/st/stm32cubeide_1.9.0/stm32cubeide/plugins/com.st.stm32cube.ide.mcu.externaltools.gnu-tools-for-stm32.10.3-2021.10.win32_1.0.0.202111181127/tools/bin/../lib/gcc/arm-none-eabi/10.3.1/../../../../arm-none-eabi/lib/thumb/v7e-m+fp/hard\libc_nano.a(lib_a-nano-vfprintf.o)
 .rodata._printf_i.str1.1
                0x000000000800acf9       0x22 c:/st/stm32cubeide_1.9.0/stm32cubeide/plugins/com.st.stm32cube.ide.mcu.externaltools.gnu-tools-for-stm32.10.3-2021.10.win32_1.0.0.202111181127/tools/bin/../lib/gcc/arm-none-eabi/10.3.1/../../../../arm-none-eabi/lib/thumb/v7e-m+fp/hard\libc_nano.a(lib_a-nano-vfprintf_i.o)
                0x000000000800ad1c                . = ALIGN (0x4)
 *fill*         0x000000000800ad1b        0x1 

.ARM.extab      0x000000000800ad1c        0x0
                0x000000000800ad1c                . = ALIGN (0x4)
 *(.ARM.extab* .gnu.linkonce.armextab.*)
                0x000000000800ad1c                . = ALIGN (0x4)

.ARM            0x000000000800ad1c        0x8
                0x000000000800ad1c                . = ALIGN (0x4)
                0x000000000800ad1c                __exidx_start = .
 *(.ARM.exidx*)
 .ARM.exidx     0x000000000800ad1c        0x8 c:/st/stm32cubeide_1.9.0/stm32cubeide/plugins/com.st.stm32cube.ide.mcu.externaltools.gnu-tools-for-stm32.10.3-2021.10.win32_1.0.0.202111181127/tools/bin/../lib/gcc/arm-none-eabi/10.3.1/thumb/v7e-m+fp/hard\libgcc.a(_udivmoddi4.o)
                0x000000000800ad24                __exidx_end = .
                0x000000000800ad24                . = ALIGN (0x4)

.rel.dyn        0x000000000800ad24        0x0
 .rel.iplt      0x000000000800ad24        0x0 c:/st/stm32cubeide_1.9.0/stm32cubeide/plugins/com.st.stm32cube.ide.mcu.externaltools.gnu-tools-for-stm32.10.3-2021.10.win32_1.0.0.202111181127/tools/bin/../lib/gcc/arm-none-eabi/10.3.1/thumb/v7e-m+fp/hard/crtbegin.o

.preinit_array  0x000000000800ad24        0x0
                0x000000000800ad24                . = ALIGN (0x4)
                0x000000000800ad24                PROVIDE (__preinit_array_start = .)
 *(.preinit_array*)
                0x000000000800ad24                PROVIDE (__preinit_array_end = .)
                0x000000000800ad24                . = ALIGN (0x4)

.init_array     0x000000000800ad24        0x4
                0x000000000800ad24                . = ALIGN (0x4)
                0x000000000800ad24                PROVIDE (__init_array_start = .)
 *(SORT_BY_NAME(.init_array.*))
 *(.init_array*)
 .init_array    0x000000000800ad24        0x4 c:/st/stm32cubeide_1.9.0/stm32cubeide/plugins/com.st.stm32cube.ide.mcu.externaltools.gnu-tools-for-stm32.10.3-2021.10.win32_1.0.0.202111181127/tools/bin/../lib/gcc/arm-none-eabi/10.3.1/thumb/v7e-m+fp/hard/crtbegin.o
                0x000000000800ad28                PROVIDE (__init_array_end = .)
                0x000000000800ad28                . = ALIGN (0x4)

.fini_array     0x000000000800ad28        0x4
                0x000000000800ad28                . = ALIGN (0x4)
                [!provide]                        PROVIDE (__fini_array_start = .)
 *(SORT_BY_NAME(.fini_array.*))
 *(.fini_array*)
 .fini_array    0x000000000800ad28        0x4 c:/st/stm32cubeide_1.9.0/stm32cubeide/plugins/com.st.stm32cube.ide.mcu.externaltools.gnu-tools-for-stm32.10.3-2021.10.win32_1.0.0.202111181127/tools/bin/../lib/gcc/arm-none-eabi/10.3.1/thumb/v7e-m+fp/hard/crtbegin.o
                [!provide]                        PROVIDE (__fini_array_end = .)
                0x000000000800ad2c                . = ALIGN (0x4)
                0x000000000800ad2c                _sidata = LOADADDR (.data)

.data           0x0000000020000000      0x160 load address 0x000000000800ad2c
                0x0000000020000000                . = ALIGN (0x4)
                0x0000000020000000                _sdata = .
 *(.data)
 *(.data*)
 .data.SystemCoreClock
                0x0000000020000000        0x4 ./Core/Src/system_stm32f4xx.o
                0x0000000020000000                SystemCoreClock
 .data.uwTickPrio
                0x0000000020000004        0x4 ./Drivers/STM32F4xx_HAL_Driver/Src/stm32f4xx_hal.o
                0x0000000020000004                uwTickPrio
 .data.uwTickFreq
                0x0000000020000008        0x1 ./Drivers/STM32F4xx_HAL_Driver/Src/stm32f4xx_hal.o
                0x0000000020000008                uwTickFreq
 *fill*         0x0000000020000009        0x3 
 .data.USBD_CDC_DeviceQualifierDesc
                0x000000002000000c        0xa ./Middlewares/ST/STM32_USB_Device_Library/Class/CDC/Src/usbd_cdc.o
 *fill*         0x0000000020000016        0x2 
 .data.USBD_CDC
                0x0000000020000018       0x38 ./Middlewares/ST/STM32_USB_Device_Library/Class/CDC/Src/usbd_cdc.o
                0x0000000020000018                USBD_CDC
 .data.USBD_CDC_CfgDesc
                0x0000000020000050       0x43 ./Middlewares/ST/STM32_USB_Device_Library/Class/CDC/Src/usbd_cdc.o
 .data.CDCInEpAdd
                0x0000000020000093        0x1 ./Middlewares/ST/STM32_USB_Device_Library/Class/CDC/Src/usbd_cdc.o
 .data.CDCOutEpAdd
                0x0000000020000094        0x1 ./Middlewares/ST/STM32_USB_Device_Library/Class/CDC/Src/usbd_cdc.o
 .data.CDCCmdEpAdd
                0x0000000020000095        0x1 ./Middlewares/ST/STM32_USB_Device_Library/Class/CDC/Src/usbd_cdc.o
 *fill*         0x0000000020000096        0x2 
 .data.USBD_Interface_fops_FS
                0x0000000020000098       0x14 ./USB_DEVICE/App/usbd_cdc_if.o
                0x0000000020000098                USBD_Interface_fops_FS
 .data.FS_Desc  0x00000000200000ac       0x1c ./USB_DEVICE/App/usbd_desc.o
                0x00000000200000ac                FS_Desc
 .data.USBD_FS_DeviceDesc
                0x00000000200000c8       0x12 ./USB_DEVICE/App/usbd_desc.o
                0x00000000200000c8                USBD_FS_DeviceDesc
 *fill*         0x00000000200000da        0x2 
 .data.USBD_LangIDDesc
                0x00000000200000dc        0x4 ./USB_DEVICE/App/usbd_desc.o
                0x00000000200000dc                USBD_LangIDDesc
 .data.USBD_StringSerial
                0x00000000200000e0       0x1a ./USB_DEVICE/App/usbd_desc.o
                0x00000000200000e0                USBD_StringSerial
 *fill*         0x00000000200000fa        0x2 
 .data._impure_ptr
                0x00000000200000fc        0x4 c:/st/stm32cubeide_1.9.0/stm32cubeide/plugins/com.st.stm32cube.ide.mcu.externaltools.gnu-tools-for-stm32.10.3-2021.10.win32_1.0.0.202111181127/tools/bin/../lib/gcc/arm-none-eabi/10.3.1/../../../../arm-none-eabi/lib/thumb/v7e-m+fp/hard\libc_nano.a(lib_a-impure.o)
                0x00000000200000fc                _impure_ptr
 .data.impure_data
                0x0000000020000100       0x60 c:/st/stm32cubeide_1.9.0/stm32cubeide/plugins/com.st.stm32cube.ide.mcu.externaltools.gnu-tools-for-stm32.10.3-2021.10.win32_1.0.0.202111181127/tools/bin/../lib/gcc/arm-none-eabi/10.3.1/../../../../arm-none-eabi/lib/thumb/v7e-m+fp/hard\libc_nano.a(lib_a-impure.o)
 *(.RamFunc)
 *(.RamFunc*)
                0x0000000020000160                . = ALIGN (0x4)
                0x0000000020000160                _edata = .
                0x000000000800ae8c                _siccmram = LOADADDR (.ccmram)

.igot.plt       0x0000000020000160        0x0 load address 0x000000000800ae8c
 .igot.plt      0x0000000020000160        0x0 c:/st/stm32cubeide_1.9.0/stm32cubeide/plugins/com.st.stm32cube.ide.mcu.externaltools.gnu-tools-for-stm32.10.3-2021.10.win32_1.0.0.202111181127/tools/bin/../lib/gcc/arm-none-eabi/10.3.1/thumb/v7e-m+fp/hard/crtbegin.o

.ccmram         0x0000000010000000        0x0 load address 0x000000000800ae8c
                0x0000000010000000                . = ALIGN (0x4)
                0x0000000010000000                _sccmram = .
 *(.ccmram)
 *(.ccmram*)
                0x0000000010000000                . = ALIGN (0x4)
                0x0000000010000000                _eccmram = .
                0x0000000010000000                . = ALIGN (0x4)

.bss            0x0000000020000160     0x21a8
                0x0000000020000160                _sbss = .
                0x0000000020000160                __bss_start__ = _sbss
 *(.bss)
 .bss           0x0000000020000160       0x1c c:/st/stm32cubeide_1.9.0/stm32cubeide/plugins/com.st.stm32cube.ide.mcu.externaltools.gnu-tools-for-stm32.10.3-2021.10.win32_1.0.0.202111181127/tools/bin/../lib/gcc/arm-none-eabi/10.3.1/thumb/v7e-m+fp/hard/crtbegin.o
 *(.bss*)
 .bss.gyro_scale_factor
                0x000000002000017c        0x4 ./Core/Src/icm20948.o
 .bss.accel_scale_factor
                0x0000000020000180        0x4 ./Core/Src/icm20948.o
 .bss.reg_val.0
                0x0000000020000184        0x6 ./Core/Src/icm20948.o
 *fill*         0x000000002000018a        0x2 
 .bss.my_mag    0x000000002000018c        0xc ./Core/Src/main.o
                0x000000002000018c                my_mag
 .bss.buffer    0x0000000020000198      0x4b0 ./Core/Src/main.o
                0x0000000020000198                buffer
 .bss.hspi3     0x0000000020000648       0x58 ./Core/Src/spi.o
                0x0000000020000648                hspi3
 .bss.__sbrk_heap_end
                0x00000000200006a0        0x4 ./Core/Src/sysmem.o
 .bss.huart1    0x00000000200006a4       0x44 ./Core/Src/usart.o
                0x00000000200006a4                huart1
 .bss.uwTick    0x00000000200006e8        0x4 ./Drivers/STM32F4xx_HAL_Driver/Src/stm32f4xx_hal.o
                0x00000000200006e8                uwTick
 .bss.cfgidx.0  0x00000000200006ec        0x1 ./Middlewares/ST/STM32_USB_Device_Library/Core/Src/usbd_ctlreq.o
 *fill*         0x00000000200006ed        0x3 
 .bss.hUsbDeviceFS
                0x00000000200006f0      0x2dc ./USB_DEVICE/App/usb_device.o
                0x00000000200006f0                hUsbDeviceFS
 .bss.UserRxBufferFS
                0x00000000200009cc      0x800 ./USB_DEVICE/App/usbd_cdc_if.o
                0x00000000200009cc                UserRxBufferFS
 .bss.UserTxBufferFS
                0x00000000200011cc      0x800 ./USB_DEVICE/App/usbd_cdc_if.o
                0x00000000200011cc                UserTxBufferFS
 .bss.USBD_StrDesc
                0x00000000200019cc      0x200 ./USB_DEVICE/App/usbd_desc.o
                0x00000000200019cc                USBD_StrDesc
 .bss.hpcd_USB_OTG_FS
                0x0000000020001bcc      0x50c ./USB_DEVICE/Target/usbd_conf.o
                0x0000000020001bcc                hpcd_USB_OTG_FS
 .bss.mem.0     0x00000000200020d8      0x220 ./USB_DEVICE/Target/usbd_conf.o
 .bss.__lock___malloc_recursive_mutex
                0x00000000200022f8        0x1 c:/st/stm32cubeide_1.9.0/stm32cubeide/plugins/com.st.stm32cube.ide.mcu.externaltools.gnu-tools-for-stm32.10.3-2021.10.win32_1.0.0.202111181127/tools/bin/../lib/gcc/arm-none-eabi/10.3.1/../../../../arm-none-eabi/lib/thumb/v7e-m+fp/hard\libc_nano.a(lib_a-lock.o)
                0x00000000200022f8                __lock___malloc_recursive_mutex
 .bss.__lock___sfp_recursive_mutex
                0x00000000200022f9        0x1 c:/st/stm32cubeide_1.9.0/stm32cubeide/plugins/com.st.stm32cube.ide.mcu.externaltools.gnu-tools-for-stm32.10.3-2021.10.win32_1.0.0.202111181127/tools/bin/../lib/gcc/arm-none-eabi/10.3.1/../../../../arm-none-eabi/lib/thumb/v7e-m+fp/hard\libc_nano.a(lib_a-lock.o)
                0x00000000200022f9                __lock___sfp_recursive_mutex
 .bss.__lock___sinit_recursive_mutex
                0x00000000200022fa        0x1 c:/st/stm32cubeide_1.9.0/stm32cubeide/plugins/com.st.stm32cube.ide.mcu.externaltools.gnu-tools-for-stm32.10.3-2021.10.win32_1.0.0.202111181127/tools/bin/../lib/gcc/arm-none-eabi/10.3.1/../../../../arm-none-eabi/lib/thumb/v7e-m+fp/hard\libc_nano.a(lib_a-lock.o)
                0x00000000200022fa                __lock___sinit_recursive_mutex
 *fill*         0x00000000200022fb        0x1 
 .bss.__malloc_free_list
                0x00000000200022fc        0x4 c:/st/stm32cubeide_1.9.0/stm32cubeide/plugins/com.st.stm32cube.ide.mcu.externaltools.gnu-tools-for-stm32.10.3-2021.10.win32_1.0.0.202111181127/tools/bin/../lib/gcc/arm-none-eabi/10.3.1/../../../../arm-none-eabi/lib/thumb/v7e-m+fp/hard\libc_nano.a(lib_a-nano-mallocr.o)
                0x00000000200022fc                __malloc_free_list
 .bss.__malloc_sbrk_start
                0x0000000020002300        0x4 c:/st/stm32cubeide_1.9.0/stm32cubeide/plugins/com.st.stm32cube.ide.mcu.externaltools.gnu-tools-for-stm32.10.3-2021.10.win32_1.0.0.202111181127/tools/bin/../lib/gcc/arm-none-eabi/10.3.1/../../../../arm-none-eabi/lib/thumb/v7e-m+fp/hard\libc_nano.a(lib_a-nano-mallocr.o)
                0x0000000020002300                __malloc_sbrk_start
 .bss.errno     0x0000000020002304        0x4 c:/st/stm32cubeide_1.9.0/stm32cubeide/plugins/com.st.stm32cube.ide.mcu.externaltools.gnu-tools-for-stm32.10.3-2021.10.win32_1.0.0.202111181127/tools/bin/../lib/gcc/arm-none-eabi/10.3.1/../../../../arm-none-eabi/lib/thumb/v7e-m+fp/hard\libc_nano.a(lib_a-reent.o)
                0x0000000020002304                errno
 *(COMMON)