Archive member included to satisfy reference by file (symbol)

c:/st/stm32cubeide_1.9.0/stm32cubeide/plugins/com.st.stm32cube.ide.mcu.externaltools.gnu-tools-for-stm32.10.3-2021.10.win32_1.0.0.202111181127/tools/bin/../lib/gcc/arm-none-eabi/10.3.1/../../../../arm-none-eabi/lib/thumb/v7e-m+fp/hard\libc_nano.a(lib_a-errno.o)
                              ./Core/Src/syscalls.o (__errno)
c:/st/stm32cubeide_1.9.0/stm32cubeide/plugins/com.st.stm32cube.ide.mcu.externaltools.gnu-tools-for-stm32.10.3-2021.10.win32_1.0.0.202111181127/tools/bin/../lib/gcc/arm-none-eabi/10.3.1/../../../../arm-none-eabi/lib/thumb/v7e-m+fp/hard\libc_nano.a(lib_a-exit.o)
                              c:/st/stm32cubeide_1.9.0/stm32cubeide/plugins/com.st.stm32cube.ide.mcu.externaltools.gnu-tools-for-stm32.10.3-2021.10.win32_1.0.0.202111181127/tools/bin/../lib/gcc/arm-none-eabi/10.3.1/../../../../arm-none-eabi/lib/thumb/v7e-m+fp/hard/crt0.o (exit)
c:/st/stm32cubeide_1.9.0/stm32cubeide/plugins/com.st.stm32cube.ide.mcu.externaltools.gnu-tools-for-stm32.10.3-2021.10.win32_1.0.0.202111181127/tools/bin/../lib/gcc/arm-none-eabi/10.3.1/../../../../arm-none-eabi/lib/thumb/v7e-m+fp/hard\libc_nano.a(lib_a-impure.o)
                              c:/st/stm32cubeide_1.9.0/stm32cubeide/plugins/com.st.stm32cube.ide.mcu.externaltools.gnu-tools-for-stm32.10.3-2021.10.win32_1.0.0.202111181127/tools/bin/../lib/gcc/arm-none-eabi/10.3.1/../../../../arm-none-eabi/lib/thumb/v7e-m+fp/hard\libc_nano.a(lib_a-exit.o) (_global_impure_ptr)
c:/st/stm32cubeide_1.9.0/stm32cubeide/plugins/com.st.stm32cube.ide.mcu.externaltools.gnu-tools-for-stm32.10.3-2021.10.win32_1.0.0.202111181127/tools/bin/../lib/gcc/arm-none-eabi/10.3.1/../../../../arm-none-eabi/lib/thumb/v7e-m+fp/hard\libc_nano.a(lib_a-init.o)
                              c:/st/stm32cubeide_1.9.0/stm32cubeide/plugins/com.st.stm32cube.ide.mcu.externaltools.gnu-tools-for-stm32.10.3-2021.10.win32_1.0.0.202111181127/tools/bin/../lib/gcc/arm-none-eabi/10.3.1/../../../../arm-none-eabi/lib/thumb/v7e-m+fp/hard/crt0.o (__libc_init_array)
c:/st/stm32cubeide_1.9.0/stm32cubeide/plugins/com.st.stm32cube.ide.mcu.externaltools.gnu-tools-for-stm32.10.3-2021.10.win32_1.0.0.202111181127/tools/bin/../lib/gcc/arm-none-eabi/10.3.1/../../../../arm-none-eabi/lib/thumb/v7e-m+fp/hard\libc_nano.a(lib_a-memset.o)
                              c:/st/stm32cubeide_1.9.0/stm32cubeide/plugins/com.st.stm32cube.ide.mcu.externaltools.gnu-tools-for-stm32.10.3-2021.10.win32_1.0.0.202111181127/tools/bin/../lib/gcc/arm-none-eabi/10.3.1/../../../../arm-none-eabi/lib/thumb/v7e-m+fp/hard/crt0.o (memset)
c:/st/stm32cubeide_1.9.0/stm32cubeide/plugins/com.st.stm32cube.ide.mcu.externaltools.gnu-tools-for-stm32.10.3-2021.10.win32_1.0.0.202111181127/tools/bin/../lib/gcc/arm-none-eabi/10.3.1/thumb/v7e-m+fp/hard\libgcc.a(_arm_muldf3.o)
                              ./Core/Src/icm20948.o (__aeabi_dmul)
c:/st/stm32cubeide_1.9.0/stm32cubeide/plugins/com.st.stm32cube.ide.mcu.externaltools.gnu-tools-for-stm32.10.3-2021.10.win32_1.0.0.202111181127/tools/bin/../lib/gcc/arm-none-eabi/10.3.1/thumb/v7e-m+fp/hard\libgcc.a(_arm_addsubdf3.o)
                              ./Core/Src/icm20948.o (__aeabi_f2d)
c:/st/stm32cubeide_1.9.0/stm32cubeide/plugins/com.st.stm32cube.ide.mcu.externaltools.gnu-tools-for-stm32.10.3-2021.10.win32_1.0.0.202111181127/tools/bin/../lib/gcc/arm-none-eabi/10.3.1/thumb/v7e-m+fp/hard\libgcc.a(_arm_truncdfsf2.o)
                              ./Core/Src/icm20948.o (__aeabi_d2f)

Discarded input sections

 .text          0x0000000000000000        0x0 c:/st/stm32cubeide_1.9.0/stm32cubeide/plugins/com.st.stm32cube.ide.mcu.externaltools.gnu-tools-for-stm32.10.3-2021.10.win32_1.0.0.202111181127/tools/bin/../lib/gcc/arm-none-eabi/10.3.1/thumb/v7e-m+fp/hard/crti.o
 .data          0x0000000000000000        0x0 c:/st/stm32cubeide_1.9.0/stm32cubeide/plugins/com.st.stm32cube.ide.mcu.externaltools.gnu-tools-for-stm32.10.3-2021.10.win32_1.0.0.202111181127/tools/bin/../lib/gcc/arm-none-eabi/10.3.1/thumb/v7e-m+fp/hard/crti.o
 .bss           0x0000000000000000        0x0 c:/st/stm32cubeide_1.9.0/stm32cubeide/plugins/com.st.stm32cube.ide.mcu.externaltools.gnu-tools-for-stm32.10.3-2021.10.win32_1.0.0.202111181127/tools/bin/../lib/gcc/arm-none-eabi/10.3.1/thumb/v7e-m+fp/hard/crti.o
 .data          0x0000000000000000        0x4 c:/st/stm32cubeide_1.9.0/stm32cubeide/plugins/com.st.stm32cube.ide.mcu.externaltools.gnu-tools-for-stm32.10.3-2021.10.win32_1.0.0.202111181127/tools/bin/../lib/gcc/arm-none-eabi/10.3.1/thumb/v7e-m+fp/hard/crtbegin.o
 .rodata        0x0000000000000000       0x24 c:/st/stm32cubeide_1.9.0/stm32cubeide/plugins/com.st.stm32cube.ide.mcu.externaltools.gnu-tools-for-stm32.10.3-2021.10.win32_1.0.0.202111181127/tools/bin/../lib/gcc/arm-none-eabi/10.3.1/thumb/v7e-m+fp/hard/crtbegin.o
[...]
Memory Configuration

Name             Origin             Length             Attributes
RAM              0x0000000020000000 0x0000000000018000 xrw
RAM2             0x0000000010000000 0x0000000000008000 xrw
FLASH            0x0000000008000000 0x0000000000100000 xr
*default*        0x0000000000000000 0xffffffffffffffff

Linker script and memory map

LOAD c:/st/stm32cubeide_1.9.0/stm32cubeide/plugins/com.st.stm32cube.ide.mcu.externaltools.gnu-tools-for-stm32.10.3-2021.10.win32_1.0.0.202111181127/tools/bin/../lib/gcc/arm-none-eabi/10.3.1/thumb/v7e-m+fp/hard/crti.o
LOAD c:/st/stm32cubeide_1.9.0/stm32cubeide/plugins/com.st.stm32cube.ide.mcu.externaltools.gnu-tools-for-stm32.10.3-2021.10.win32_1.0.0.202111181127/tools/bin/../lib/gcc/arm-none-eabi/10.3.1/thumb/v7e-m+fp/hard/crtbegin.o
LOAD c:/st/stm32cubeide_1.9.0/stm32cubeide/plugins/com.st.stm32cube.ide.mcu.externaltools.gnu-tools-for-stm32.10.3-2021.10.win32_1.0.0.202111181127/tools/bin/../lib/gcc/arm-none-eabi/10.3.1/../../../../arm-none-eabi/lib/thumb/v7e-m+fp/hard/crt0.o
LOAD ./Core/Src/gpio.o
LOAD ./Core/Src/icm20948.o
LOAD ./Core/Src/main.o
LOAD ./Core/Src/spi.o
LOAD ./Core/Src/stm32l4xx_hal_msp.o
LOAD ./Core/Src/stm32l4xx_it.o
LOAD ./Core/Src/syscalls.o
LOAD ./Core/Src/sysmem.o
LOAD ./Core/Src/system_stm32l4xx.o
LOAD ./Core/Startup/startup_stm32l476rgtx.o
LOAD ./Drivers/STM32L4xx_HAL_Driver/Src/stm32l4xx_hal.o
LOAD ./Drivers/STM32L4xx_HAL_Driver/Src/stm32l4xx_hal_cortex.o
LOAD ./Drivers/STM32L4xx_HAL_Driver/Src/stm32l4xx_hal_dma.o
LOAD ./Drivers/STM32L4xx_HAL_Driver/Src/stm32l4xx_hal_dma_ex.o
LOAD ./Drivers/STM32L4xx_HAL_Driver/Src/stm32l4xx_hal_exti.o
LOAD ./Drivers/STM32L4xx_HAL_Driver/Src/stm32l4xx_hal_flash.o
LOAD ./Drivers/STM32L4xx_HAL_Driver/Src/stm32l4xx_hal_flash_ex.o
LOAD ./Drivers/STM32L4xx_HAL_Driver/Src/stm32l4xx_hal_flash_ramfunc.o
LOAD ./Drivers/STM32L4xx_HAL_Driver/Src/stm32l4xx_hal_gpio.o
LOAD ./Drivers/STM32L4xx_HAL_Driver/Src/stm32l4xx_hal_i2c.o
LOAD ./Drivers/STM32L4xx_HAL_Driver/Src/stm32l4xx_hal_i2c_ex.o
LOAD ./Drivers/STM32L4xx_HAL_Driver/Src/stm32l4xx_hal_pwr.o
LOAD ./Drivers/STM32L4xx_HAL_Driver/Src/stm32l4xx_hal_pwr_ex.o
LOAD ./Drivers/STM32L4xx_HAL_Driver/Src/stm32l4xx_hal_rcc.o
LOAD ./Drivers/STM32L4xx_HAL_Driver/Src/stm32l4xx_hal_rcc_ex.o
LOAD ./Drivers/STM32L4xx_HAL_Driver/Src/stm32l4xx_hal_spi.o
LOAD ./Drivers/STM32L4xx_HAL_Driver/Src/stm32l4xx_hal_spi_ex.o
LOAD ./Drivers/STM32L4xx_HAL_Driver/Src/stm32l4xx_hal_tim.o
LOAD ./Drivers/STM32L4xx_HAL_Driver/Src/stm32l4xx_hal_tim_ex.o
START GROUP
LOAD c:/st/stm32cubeide_1.9.0/stm32cubeide/plugins/com.st.stm32cube.ide.mcu.externaltools.gnu-tools-for-stm32.10.3-2021.10.win32_1.0.0.202111181127/tools/bin/../lib/gcc/arm-none-eabi/10.3.1/../../../../arm-none-eabi/lib/thumb/v7e-m+fp/hard\libstdc++_nano.a
LOAD c:/st/stm32cubeide_1.9.0/stm32cubeide/plugins/com.st.stm32cube.ide.mcu.externaltools.gnu-tools-for-stm32.10.3-2021.10.win32_1.0.0.202111181127/tools/bin/../lib/gcc/arm-none-eabi/10.3.1/../../../../arm-none-eabi/lib/thumb/v7e-m+fp/hard\libsupc++_nano.a
END GROUP
LOAD c:/st/stm32cubeide_1.9.0/stm32cubeide/plugins/com.st.stm32cube.ide.mcu.externaltools.gnu-tools-for-stm32.10.3-2021.10.win32_1.0.0.202111181127/tools/bin/../lib/gcc/arm-none-eabi/10.3.1/../../../../arm-none-eabi/lib/thumb/v7e-m+fp/hard\libstdc++_nano.a
LOAD c:/st/stm32cubeide_1.9.0/stm32cubeide/plugins/com.st.stm32cube.ide.mcu.externaltools.gnu-tools-for-stm32.10.3-2021.10.win32_1.0.0.202111181127/tools/bin/../lib/gcc/arm-none-eabi/10.3.1/../../../../arm-none-eabi/lib/thumb/v7e-m+fp/hard\libm.a
LOAD c:/st/stm32cubeide_1.9.0/stm32cubeide/plugins/com.st.stm32cube.ide.mcu.externaltools.gnu-tools-for-stm32.10.3-2021.10.win32_1.0.0.202111181127/tools/bin/../lib/gcc/arm-none-eabi/10.3.1/../../../../arm-none-eabi/lib/thumb/v7e-m+fp/hard\libc_nano.a
START GROUP
LOAD c:/st/stm32cubeide_1.9.0/stm32cubeide/plugins/com.st.stm32cube.ide.mcu.externaltools.gnu-tools-for-stm32.10.3-2021.10.win32_1.0.0.202111181127/tools/bin/../lib/gcc/arm-none-eabi/10.3.1/thumb/v7e-m+fp/hard\libgcc.a
LOAD c:/st/stm32cubeide_1.9.0/stm32cubeide/plugins/com.st.stm32cube.ide.mcu.externaltools.gnu-tools-for-stm32.10.3-2021.10.win32_1.0.0.202111181127/tools/bin/../lib/gcc/arm-none-eabi/10.3.1/../../../../arm-none-eabi/lib/thumb/v7e-m+fp/hard\libc_nano.a
END GROUP
START GROUP
LOAD c:/st/stm32cubeide_1.9.0/stm32cubeide/plugins/com.st.stm32cube.ide.mcu.externaltools.gnu-tools-for-stm32.10.3-2021.10.win32_1.0.0.202111181127/tools/bin/../lib/gcc/arm-none-eabi/10.3.1/thumb/v7e-m+fp/hard\libgcc.a
LOAD c:/st/stm32cubeide_1.9.0/stm32cubeide/plugins/com.st.stm32cube.ide.mcu.externaltools.gnu-tools-for-stm32.10.3-2021.10.win32_1.0.0.202111181127/tools/bin/../lib/gcc/arm-none-eabi/10.3.1/../../../../arm-none-eabi/lib/thumb/v7e-m+fp/hard\libc_nano.a
LOAD c:/st/stm32cubeide_1.9.0/stm32cubeide/plugins/com.st.stm32cube.ide.mcu.externaltools.gnu-tools-for-stm32.10.3-2021.10.win32_1.0.0.202111181127/tools/bin/../lib/gcc/arm-none-eabi/10.3.1/../../../../arm-none-eabi/lib/thumb/v7e-m+fp/hard\libnosys.a
END GROUP
START GROUP
LOAD c:/st/stm32cubeide_1.9.0/stm32cubeide/plugins/com.st.stm32cube.ide.mcu.externaltools.gnu-tools-for-stm32.10.3-2021.10.win32_1.0.0.202111181127/tools/bin/../lib/gcc/arm-none-eabi/10.3.1/thumb/v7e-m+fp/hard\libgcc.a
LOAD c:/st/stm32cubeide_1.9.0/stm32cubeide/plugins/com.st.stm32cube.ide.mcu.externaltools.gnu-tools-for-stm32.10.3-2021.10.win32_1.0.0.202111181127/tools/bin/../lib/gcc/arm-none-eabi/10.3.1/../../../../arm-none-eabi/lib/thumb/v7e-m+fp/hard\libc_nano.a
LOAD c:/st/stm32cubeide_1.9.0/stm32cubeide/plugins/com.st.stm32cube.ide.mcu.externaltools.gnu-tools-for-stm32.10.3-2021.10.win32_1.0.0.202111181127/tools/bin/../lib/gcc/arm-none-eabi/10.3.1/../../../../arm-none-eabi/lib/thumb/v7e-m+fp/hard\libnosys.a
END GROUP
LOAD c:/st/stm32cubeide_1.9.0/stm32cubeide/plugins/com.st.stm32cube.ide.mcu.externaltools.gnu-tools-for-stm32.10.3-2021.10.win32_1.0.0.202111181127/tools/bin/../lib/gcc/arm-none-eabi/10.3.1/thumb/v7e-m+fp/hard/crtend.o
LOAD c:/st/stm32cubeide_1.9.0/stm32cubeide/plugins/com.st.stm32cube.ide.mcu.externaltools.gnu-tools-for-stm32.10.3-2021.10.win32_1.0.0.202111181127/tools/bin/../lib/gcc/arm-none-eabi/10.3.1/thumb/v7e-m+fp/hard/crtn.o
                0x0000000020018000                _estack = (ORIGIN (RAM) + LENGTH (RAM))
                0x0000000000000200                _Min_Heap_Size = 0x200
                0x0000000000000400                _Min_Stack_Size = 0x400

.isr_vector     0x0000000008000000      0x188
                0x0000000008000000                . = ALIGN (0x4)
 *(.isr_vector)
 .isr_vector    0x0000000008000000      0x188 ./Core/Startup/startup_stm32l476rgtx.o
                0x0000000008000000                g_pfnVectors
                0x0000000008000188                . = ALIGN (0x4)

.text           0x0000000008000188     0x38fc
                0x0000000008000188                . = ALIGN (0x4)
 *(.text)
 .text          0x0000000008000188       0x40 c:/st/stm32cubeide_1.9.0/stm32cubeide/plugins/com.st.stm32cube.ide.mcu.externaltools.gnu-tools-for-stm32.10.3-2021.10.win32_1.0.0.202111181127/tools/bin/../lib/gcc/arm-none-eabi/10.3.1/thumb/v7e-m+fp/hard/crtbegin.o
 .text          0x00000000080001c8      0x254 c:/st/stm32cubeide_1.9.0/stm32cubeide/plugins/com.st.stm32cube.ide.mcu.externaltools.gnu-tools-for-stm32.10.3-2021.10.win32_1.0.0.202111181127/tools/bin/../lib/gcc/arm-none-eabi/10.3.1/thumb/v7e-m+fp/hard\libgcc.a(_arm_muldf3.o)
                0x00000000080001c8                __muldf3
                0x00000000080001c8                __aeabi_dmul
 .text          0x000000000800041c      0x378 c:/st/stm32cubeide_1.9.0/stm32cubeide/plugins/com.st.stm32cube.ide.mcu.externaltools.gnu-tools-for-stm32.10.3-2021.10.win32_1.0.0.202111181127/tools/bin/../lib/gcc/arm-none-eabi/10.3.1/thumb/v7e-m+fp/hard\libgcc.a(_arm_addsubdf3.o)
                0x000000000800041c                __aeabi_drsub
                0x0000000008000424                __aeabi_dsub
                0x0000000008000424                __subdf3
                0x0000000008000428                __aeabi_dadd
                0x0000000008000428                __adddf3
                0x00000000080006a0                __floatunsidf
                0x00000000080006a0                __aeabi_ui2d
                0x00000000080006c0                __floatsidf
                0x00000000080006c0                __aeabi_i2d
                0x00000000080006e4                __aeabi_f2d
                0x00000000080006e4                __extendsfdf2
                0x0000000008000728                __floatundidf
                0x0000000008000728                __aeabi_ul2d
                0x0000000008000738                __floatdidf
                0x0000000008000738                __aeabi_l2d
 .text          0x0000000008000794       0xa0 c:/st/stm32cubeide_1.9.0/stm32cubeide/plugins/com.st.stm32cube.ide.mcu.externaltools.gnu-tools-for-stm32.10.3-2021.10.win32_1.0.0.202111181127/tools/bin/../lib/gcc/arm-none-eabi/10.3.1/thumb/v7e-m+fp/hard\libgcc.a(_arm_truncdfsf2.o)
                0x0000000008000794                __truncdfsf2
                0x0000000008000794                __aeabi_d2f
 *(.text*)
 .text.MX_GPIO_Init
                0x0000000008000834      0x130 ./Core/Src/gpio.o
                0x0000000008000834                MX_GPIO_Init
 .text.icm20948_init
                0x0000000008000964       0x5c ./Core/Src/icm20948.o
                0x0000000008000964                icm20948_init
 .text.ak09916_init
                0x00000000080009c0       0x32 ./Core/Src/icm20948.o
                0x00000000080009c0                ak09916_init
 .text.icm20948_gyro_read
                0x00000000080009f2       0x86 ./Core/Src/icm20948.o
                0x00000000080009f2                icm20948_gyro_read
 .text.icm20948_accel_read
                0x0000000008000a78       0x94 ./Core/Src/icm20948.o
                0x0000000008000a78                icm20948_accel_read
 .text.ak09916_mag_read
                0x0000000008000b0c       0xb6 ./Core/Src/icm20948.o
                0x0000000008000b0c                ak09916_mag_read
 *fill*         0x0000000008000bc2        0x6 
 .text.ak09916_mag_read_uT
                0x0000000008000bc8       0xa8 ./Core/Src/icm20948.o
                0x0000000008000bc8                ak09916_mag_read_uT
 .text.icm20948_who_am_i
                0x0000000008000c70       0x26 ./Core/Src/icm20948.o
                0x0000000008000c70                icm20948_who_am_i
 .text.ak09916_who_am_i
                0x0000000008000c96       0x24 ./Core/Src/icm20948.o
                0x0000000008000c96                ak09916_who_am_i
 .text.icm20948_device_reset
                0x0000000008000cba       0x18 ./Core/Src/icm20948.o
                0x0000000008000cba                icm20948_device_reset
 .text.ak09916_soft_reset
                0x0000000008000cd2       0x16 ./Core/Src/icm20948.o
                0x0000000008000cd2                ak09916_soft_reset
 .text.icm20948_wakeup
                0x0000000008000ce8       0x34 ./Core/Src/icm20948.o
                0x0000000008000ce8                icm20948_wakeup
 .text.icm20948_spi_slave_enable
                0x0000000008000d1c       0x2e ./Core/Src/icm20948.o
                0x0000000008000d1c                icm20948_spi_slave_enable
 .text.icm20948_i2c_master_reset
                0x0000000008000d4a       0x2e ./Core/Src/icm20948.o
                0x0000000008000d4a                icm20948_i2c_master_reset
 .text.icm20948_i2c_master_enable
                0x0000000008000d78       0x34 ./Core/Src/icm20948.o
                0x0000000008000d78                icm20948_i2c_master_enable
 .text.icm20948_i2c_master_clk_frq
                0x0000000008000dac       0x32 ./Core/Src/icm20948.o
                0x0000000008000dac                icm20948_i2c_master_clk_frq
 .text.icm20948_clock_source
                0x0000000008000dde       0x32 ./Core/Src/icm20948.o
                0x0000000008000dde                icm20948_clock_source
 .text.icm20948_odr_align_enable
                0x0000000008000e10       0x12 ./Core/Src/icm20948.o
                0x0000000008000e10                icm20948_odr_align_enable
 .text.icm20948_gyro_low_pass_filter
                0x0000000008000e22       0x3a ./Core/Src/icm20948.o
                0x0000000008000e22                icm20948_gyro_low_pass_filter
 .text.icm20948_accel_low_pass_filter
                0x0000000008000e5c       0x3a ./Core/Src/icm20948.o
                0x0000000008000e5c                icm20948_accel_low_pass_filter
 .text.icm20948_gyro_sample_rate_divider
                0x0000000008000e96       0x1e ./Core/Src/icm20948.o
                0x0000000008000e96                icm20948_gyro_sample_rate_divider
 .text.icm20948_accel_sample_rate_divider
                0x0000000008000eb4       0x3c ./Core/Src/icm20948.o
                0x0000000008000eb4                icm20948_accel_sample_rate_divider
 .text.ak09916_operation_mode_setting
                0x0000000008000ef0       0x22 ./Core/Src/icm20948.o
                0x0000000008000ef0                ak09916_operation_mode_setting
 *fill*         0x0000000008000f12        0x2 
 .text.icm20948_gyro_calibration
                0x0000000008000f14      0x138 ./Core/Src/icm20948.o
                0x0000000008000f14                icm20948_gyro_calibration
 .text.icm20948_accel_calibration
                0x000000000800104c      0x21c ./Core/Src/icm20948.o
                0x000000000800104c                icm20948_accel_calibration
 .text.icm20948_gyro_full_scale_select
                0x0000000008001268       0x94 ./Core/Src/icm20948.o
                0x0000000008001268                icm20948_gyro_full_scale_select
 .text.icm20948_accel_full_scale_select
                0x00000000080012fc       0x8c ./Core/Src/icm20948.o
                0x00000000080012fc                icm20948_accel_full_scale_select
 .text.cs_high  0x0000000008001388       0x18 ./Core/Src/icm20948.o
 .text.cs_low   0x00000000080013a0       0x18 ./Core/Src/icm20948.o
 .text.select_user_bank
                0x00000000080013b8       0x34 ./Core/Src/icm20948.o
 .text.read_single_icm20948_reg
                0x00000000080013ec       0x58 ./Core/Src/icm20948.o
 .text.write_single_icm20948_reg
                0x0000000008001444       0x48 ./Core/Src/icm20948.o
 .text.read_multiple_icm20948_reg
                0x000000000800148c       0x60 ./Core/Src/icm20948.o
 .text.write_multiple_icm20948_reg
                0x00000000080014ec       0x58 ./Core/Src/icm20948.o
 .text.read_single_ak09916_reg
                0x0000000008001544       0x42 ./Core/Src/icm20948.o
 .text.write_single_ak09916_reg
                0x0000000008001586       0x44 ./Core/Src/icm20948.o
 .text.read_multiple_ak09916_reg
                0x00000000080015ca       0x54 ./Core/Src/icm20948.o
 *fill*         0x000000000800161e        0x2 
 .text.main     0x0000000008001620       0x28 ./Core/Src/main.o
                0x0000000008001620                main
 .text.SystemClock_Config
                0x0000000008001648       0xa2 ./Core/Src/main.o
                0x0000000008001648                SystemClock_Config
 .text.Error_Handler
                0x00000000080016ea        0xa ./Core/Src/main.o
                0x00000000080016ea                Error_Handler
 .text.MX_SPI3_Init
                0x00000000080016f4       0x7c ./Core/Src/spi.o
                0x00000000080016f4                MX_SPI3_Init
 .text.HAL_SPI_MspInit
                0x0000000008001770       0x88 ./Core/Src/spi.o
                0x0000000008001770                HAL_SPI_MspInit
 .text.HAL_MspInit
                0x00000000080017f8       0x48 ./Core/Src/stm32l4xx_hal_msp.o
                0x00000000080017f8                HAL_MspInit
 .text.NMI_Handler
                0x0000000008001840        0x6 ./Core/Src/stm32l4xx_it.o
                0x0000000008001840                NMI_Handler
 .text.HardFault_Handler
                0x0000000008001846        0x6 ./Core/Src/stm32l4xx_it.o
                0x0000000008001846                HardFault_Handler
 .text.MemManage_Handler
                0x000000000800184c        0x6 ./Core/Src/stm32l4xx_it.o
                0x000000000800184c                MemManage_Handler
 .text.BusFault_Handler
                0x0000000008001852        0x6 ./Core/Src/stm32l4xx_it.o
                0x0000000008001852                BusFault_Handler
 .text.UsageFault_Handler
                0x0000000008001858        0x6 ./Core/Src/stm32l4xx_it.o
                0x0000000008001858                UsageFault_Handler
 .text.SVC_Handler
                0x000000000800185e        0xe ./Core/Src/stm32l4xx_it.o
                0x000000000800185e                SVC_Handler
 .text.DebugMon_Handler
                0x000000000800186c        0xe ./Core/Src/stm32l4xx_it.o
                0x000000000800186c                DebugMon_Handler
 .text.PendSV_Handler
                0x000000000800187a        0xe ./Core/Src/stm32l4xx_it.o
                0x000000000800187a                PendSV_Handler
 .text.SysTick_Handler
                0x0000000008001888        0xc ./Core/Src/stm32l4xx_it.o
                0x0000000008001888                SysTick_Handler
 .text.SystemInit
                0x0000000008001894       0x24 ./Core/Src/system_stm32l4xx.o
                0x0000000008001894                SystemInit
 .text.Reset_Handler
                0x00000000080018b8       0x50 ./Core/Startup/startup_stm32l476rgtx.o
                0x00000000080018b8                Reset_Handler
 .text.Default_Handler
                0x0000000008001908        0x2 ./Core/Startup/startup_stm32l476rgtx.o
                0x0000000008001908                RTC_Alarm_IRQHandler
                0x0000000008001908                EXTI2_IRQHandler
                0x0000000008001908                TIM8_TRG_COM_IRQHandler
                0x0000000008001908                TIM8_CC_IRQHandler
                0x0000000008001908                TIM1_CC_IRQHandler
                0x0000000008001908                TSC_IRQHandler
                0x0000000008001908                TAMP_STAMP_IRQHandler
                0x0000000008001908                EXTI3_IRQHandler
                0x0000000008001908                LPTIM2_IRQHandler
                0x0000000008001908                DFSDM1_FLT1_IRQHandler
                0x0000000008001908                I2C3_ER_IRQHandler
                0x0000000008001908                DFSDM1_FLT2_IRQHandler
                0x0000000008001908                EXTI0_IRQHandler
                0x0000000008001908                I2C2_EV_IRQHandler
                0x0000000008001908                CAN1_RX0_IRQHandler
                0x0000000008001908                FPU_IRQHandler
                0x0000000008001908                TIM1_UP_TIM16_IRQHandler
                0x0000000008001908                ADC1_2_IRQHandler
                0x0000000008001908                SPI1_IRQHandler
                0x0000000008001908                TIM6_DAC_IRQHandler
                0x0000000008001908                TIM8_UP_IRQHandler
                0x0000000008001908                DMA2_Channel2_IRQHandler
                0x0000000008001908                DMA1_Channel4_IRQHandler
                0x0000000008001908                SAI2_IRQHandler
                0x0000000008001908                DFSDM1_FLT3_IRQHandler
                0x0000000008001908                USART3_IRQHandler
                0x0000000008001908                DMA1_Channel7_IRQHandler
                0x0000000008001908                CAN1_RX1_IRQHandler
                0x0000000008001908                LCD_IRQHandler
                0x0000000008001908                UART5_IRQHandler
                0x0000000008001908                ADC3_IRQHandler
                0x0000000008001908                TIM4_IRQHandler
                0x0000000008001908                DMA2_Channel1_IRQHandler
                0x0000000008001908                QUADSPI_IRQHandler
                0x0000000008001908                I2C1_EV_IRQHandler
                0x0000000008001908                DMA1_Channel6_IRQHandler
                0x0000000008001908                UART4_IRQHandler
                0x0000000008001908                DMA2_Channel4_IRQHandler
                0x0000000008001908                TIM3_IRQHandler
                0x0000000008001908                RCC_IRQHandler
                0x0000000008001908                DMA1_Channel1_IRQHandler
                0x0000000008001908                Default_Handler
                0x0000000008001908                DMA2_Channel7_IRQHandler
                0x0000000008001908                EXTI15_10_IRQHandler
                0x0000000008001908                TIM7_IRQHandler
                0x0000000008001908                SDMMC1_IRQHandler
                0x0000000008001908                TIM5_IRQHandler
                0x0000000008001908                I2C3_EV_IRQHandler
                0x0000000008001908                EXTI9_5_IRQHandler
                0x0000000008001908                RTC_WKUP_IRQHandler
                0x0000000008001908                PVD_PVM_IRQHandler
                0x0000000008001908                SPI2_IRQHandler
                0x0000000008001908                CAN1_TX_IRQHandler
                0x0000000008001908                DMA2_Channel5_IRQHandler
                0x0000000008001908                DMA1_Channel5_IRQHandler
                0x0000000008001908                EXTI4_IRQHandler
                0x0000000008001908                RNG_IRQHandler
                0x0000000008001908                TIM1_TRG_COM_TIM17_IRQHandler
                0x0000000008001908                DMA1_Channel3_IRQHandler
                0x0000000008001908                COMP_IRQHandler
                0x0000000008001908                WWDG_IRQHandler
                0x0000000008001908                LPUART1_IRQHandler
                0x0000000008001908                DMA2_Channel6_IRQHandler
                0x0000000008001908                TIM2_IRQHandler
                0x0000000008001908                EXTI1_IRQHandler
                0x0000000008001908                USART2_IRQHandler
                0x0000000008001908                DFSDM1_FLT0_IRQHandler
                0x0000000008001908                I2C2_ER_IRQHandler
                0x0000000008001908                DMA1_Channel2_IRQHandler
                0x0000000008001908                TIM8_BRK_IRQHandler
                0x0000000008001908                CAN1_SCE_IRQHandler
                0x0000000008001908                FLASH_IRQHandler
                0x0000000008001908                USART1_IRQHandler
                0x0000000008001908                OTG_FS_IRQHandler
                0x0000000008001908                SPI3_IRQHandler
                0x0000000008001908                I2C1_ER_IRQHandler
                0x0000000008001908                FMC_IRQHandler
                0x0000000008001908                SWPMI1_IRQHandler
                0x0000000008001908                LPTIM1_IRQHandler
                0x0000000008001908                SAI1_IRQHandler
                0x0000000008001908                DMA2_Channel3_IRQHandler
                0x0000000008001908                TIM1_BRK_TIM15_IRQHandler
 *fill*         0x000000000800190a        0x2 
 .text.HAL_Init
                0x000000000800190c       0x40 ./Drivers/STM32L4xx_HAL_Driver/Src/stm32l4xx_hal.o
                0x000000000800190c                HAL_Init
 .text.HAL_InitTick
                0x000000000800194c       0x78 ./Drivers/STM32L4xx_HAL_Driver/Src/stm32l4xx_hal.o
                0x000000000800194c                HAL_InitTick
 .text.HAL_IncTick
                0x00000000080019c4       0x28 ./Drivers/STM32L4xx_HAL_Driver/Src/stm32l4xx_hal.o
                0x00000000080019c4                HAL_IncTick
 .text.HAL_GetTick
                0x00000000080019ec       0x18 ./Drivers/STM32L4xx_HAL_Driver/Src/stm32l4xx_hal.o
                0x00000000080019ec                HAL_GetTick
 .text.HAL_Delay
                0x0000000008001a04       0x48 ./Drivers/STM32L4xx_HAL_Driver/Src/stm32l4xx_hal.o
                0x0000000008001a04                HAL_Delay
 .text.__NVIC_SetPriorityGrouping
                0x0000000008001a4c       0x48 ./Drivers/STM32L4xx_HAL_Driver/Src/stm32l4xx_hal_cortex.o
 .text.__NVIC_GetPriorityGrouping
                0x0000000008001a94       0x1c ./Drivers/STM32L4xx_HAL_Driver/Src/stm32l4xx_hal_cortex.o
 .text.__NVIC_SetPriority
                0x0000000008001ab0       0x54 ./Drivers/STM32L4xx_HAL_Driver/Src/stm32l4xx_hal_cortex.o
 .text.NVIC_EncodePriority
                0x0000000008001b04       0x66 ./Drivers/STM32L4xx_HAL_Driver/Src/stm32l4xx_hal_cortex.o
 *fill*         0x0000000008001b6a        0x2 
 .text.SysTick_Config
                0x0000000008001b6c       0x44 ./Drivers/STM32L4xx_HAL_Driver/Src/stm32l4xx_hal_cortex.o
 .text.HAL_NVIC_SetPriorityGrouping
                0x0000000008001bb0       0x16 ./Drivers/STM32L4xx_HAL_Driver/Src/stm32l4xx_hal_cortex.o
                0x0000000008001bb0                HAL_NVIC_SetPriorityGrouping
 .text.HAL_NVIC_SetPriority
                0x0000000008001bc6       0x38 ./Drivers/STM32L4xx_HAL_Driver/Src/stm32l4xx_hal_cortex.o
                0x0000000008001bc6                HAL_NVIC_SetPriority
 .text.HAL_SYSTICK_Config
                0x0000000008001bfe       0x18 ./Drivers/STM32L4xx_HAL_Driver/Src/stm32l4xx_hal_cortex.o
                0x0000000008001bfe                HAL_SYSTICK_Config
 *fill*         0x0000000008001c16        0x2 
 .text.HAL_GPIO_Init
                0x0000000008001c18      0x354 ./Drivers/STM32L4xx_HAL_Driver/Src/stm32l4xx_hal_gpio.o
                0x0000000008001c18                HAL_GPIO_Init
 .text.HAL_GPIO_WritePin
                0x0000000008001f6c       0x30 ./Drivers/STM32L4xx_HAL_Driver/Src/stm32l4xx_hal_gpio.o
                0x0000000008001f6c                HAL_GPIO_WritePin
 .text.HAL_PWREx_GetVoltageRange
                0x0000000008001f9c       0x1c ./Drivers/STM32L4xx_HAL_Driver/Src/stm32l4xx_hal_pwr_ex.o
                0x0000000008001f9c                HAL_PWREx_GetVoltageRange
 .text.HAL_PWREx_ControlVoltageScaling
                0x0000000008001fb8       0xac ./Drivers/STM32L4xx_HAL_Driver/Src/stm32l4xx_hal_pwr_ex.o
                0x0000000008001fb8                HAL_PWREx_ControlVoltageScaling
 .text.HAL_RCC_OscConfig
                0x0000000008002064      0x7b8 ./Drivers/STM32L4xx_HAL_Driver/Src/stm32l4xx_hal_rcc.o
                0x0000000008002064                HAL_RCC_OscConfig
 .text.HAL_RCC_ClockConfig
                0x000000000800281c      0x200 ./Drivers/STM32L4xx_HAL_Driver/Src/stm32l4xx_hal_rcc.o
                0x000000000800281c                HAL_RCC_ClockConfig
 .text.HAL_RCC_GetSysClockFreq
                0x0000000008002a1c      0x118 ./Drivers/STM32L4xx_HAL_Driver/Src/stm32l4xx_hal_rcc.o
                0x0000000008002a1c                HAL_RCC_GetSysClockFreq
 .text.RCC_SetFlashLatencyFromMSIRange
                0x0000000008002b34       0xc0 ./Drivers/STM32L4xx_HAL_Driver/Src/stm32l4xx_hal_rcc.o
 .text.HAL_SPI_Init
                0x0000000008002bf4      0x146 ./Drivers/STM32L4xx_HAL_Driver/Src/stm32l4xx_hal_spi.o
                0x0000000008002bf4                HAL_SPI_Init
 .text.HAL_SPI_Transmit
                0x0000000008002d3a      0x2dc ./Drivers/STM32L4xx_HAL_Driver/Src/stm32l4xx_hal_spi.o
                0x0000000008002d3a                HAL_SPI_Transmit
 .text.HAL_SPI_Receive
                0x0000000008003016      0x260 ./Drivers/STM32L4xx_HAL_Driver/Src/stm32l4xx_hal_spi.o
                0x0000000008003016                HAL_SPI_Receive
 .text.HAL_SPI_TransmitReceive
                0x0000000008003276      0x426 ./Drivers/STM32L4xx_HAL_Driver/Src/stm32l4xx_hal_spi.o
                0x0000000008003276                HAL_SPI_TransmitReceive
 .text.SPI_WaitFlagStateUntilTimeout
                0x000000000800369c      0x110 ./Drivers/STM32L4xx_HAL_Driver/Src/stm32l4xx_hal_spi.o
 .text.SPI_WaitFifoStateUntilTimeout
                0x00000000080037ac      0x12c ./Drivers/STM32L4xx_HAL_Driver/Src/stm32l4xx_hal_spi.o
 .text.SPI_EndRxTransaction
                0x00000000080038d8       0xb0 ./Drivers/STM32L4xx_HAL_Driver/Src/stm32l4xx_hal_spi.o
 .text.SPI_EndRxTxTransaction
                0x0000000008003988       0x8c ./Drivers/STM32L4xx_HAL_Driver/Src/stm32l4xx_hal_spi.o
 .text.__libc_init_array
                0x0000000008003a14       0x48 c:/st/stm32cubeide_1.9.0/stm32cubeide/plugins/com.st.stm32cube.ide.mcu.externaltools.gnu-tools-for-stm32.10.3-2021.10.win32_1.0.0.202111181127/tools/bin/../lib/gcc/arm-none-eabi/10.3.1/../../../../arm-none-eabi/lib/thumb/v7e-m+fp/hard\libc_nano.a(lib_a-init.o)
                0x0000000008003a14                __libc_init_array
 .text.memset   0x0000000008003a5c       0x10 c:/st/stm32cubeide_1.9.0/stm32cubeide/plugins/com.st.stm32cube.ide.mcu.externaltools.gnu-tools-for-stm32.10.3-2021.10.win32_1.0.0.202111181127/tools/bin/../lib/gcc/arm-none-eabi/10.3.1/../../../../arm-none-eabi/lib/thumb/v7e-m+fp/hard\libc_nano.a(lib_a-memset.o)
                0x0000000008003a5c                memset
 *(.glue_7)
 .glue_7        0x0000000008003a6c        0x0 linker stubs
 *(.glue_7t)
 .glue_7t       0x0000000008003a6c        0x0 linker stubs
 *(.eh_frame)
 .eh_frame      0x0000000008003a6c        0x0 c:/st/stm32cubeide_1.9.0/stm32cubeide/plugins/com.st.stm32cube.ide.mcu.externaltools.gnu-tools-for-stm32.10.3-2021.10.win32_1.0.0.202111181127/tools/bin/../lib/gcc/arm-none-eabi/10.3.1/thumb/v7e-m+fp/hard/crtbegin.o
 *(.init)
 .init          0x0000000008003a6c        0x4 c:/st/stm32cubeide_1.9.0/stm32cubeide/plugins/com.st.stm32cube.ide.mcu.externaltools.gnu-tools-for-stm32.10.3-2021.10.win32_1.0.0.202111181127/tools/bin/../lib/gcc/arm-none-eabi/10.3.1/thumb/v7e-m+fp/hard/crti.o
                0x0000000008003a6c                _init
 .init          0x0000000008003a70        0x8 c:/st/stm32cubeide_1.9.0/stm32cubeide/plugins/com.st.stm32cube.ide.mcu.externaltools.gnu-tools-for-stm32.10.3-2021.10.win32_1.0.0.202111181127/tools/bin/../lib/gcc/arm-none-eabi/10.3.1/thumb/v7e-m+fp/hard/crtn.o
 *(.fini)
 .fini          0x0000000008003a78        0x4 c:/st/stm32cubeide_1.9.0/stm32cubeide/plugins/com.st.stm32cube.ide.mcu.externaltools.gnu-tools-for-stm32.10.3-2021.10.win32_1.0.0.202111181127/tools/bin/../lib/gcc/arm-none-eabi/10.3.1/thumb/v7e-m+fp/hard/crti.o
                0x0000000008003a78                _fini
 .fini          0x0000000008003a7c        0x8 c:/st/stm32cubeide_1.9.0/stm32cubeide/plugins/com.st.stm32cube.ide.mcu.externaltools.gnu-tools-for-stm32.10.3-2021.10.win32_1.0.0.202111181127/tools/bin/../lib/gcc/arm-none-eabi/10.3.1/thumb/v7e-m+fp/hard/crtn.o
                0x0000000008003a84                . = ALIGN (0x4)
                0x0000000008003a84                _etext = .

.vfp11_veneer   0x0000000008003a84        0x0
 .vfp11_veneer  0x0000000008003a84        0x0 linker stubs

.v4_bx          0x0000000008003a84        0x0
 .v4_bx         0x0000000008003a84        0x0 linker stubs

.iplt           0x0000000008003a84        0x0
 .iplt          0x0000000008003a84        0x0 c:/st/stm32cubeide_1.9.0/stm32cubeide/plugins/com.st.stm32cube.ide.mcu.externaltools.gnu-tools-for-stm32.10.3-2021.10.win32_1.0.0.202111181127/tools/bin/../lib/gcc/arm-none-eabi/10.3.1/thumb/v7e-m+fp/hard/crtbegin.o

.rodata         0x0000000008003a84       0x44
                0x0000000008003a84                . = ALIGN (0x4)
 *(.rodata)
 .rodata        0x0000000008003a84        0x3 ./Core/Src/icm20948.o
 *(.rodata*)
 *fill*         0x0000000008003a87        0x1 
 .rodata.AHBPrescTable
                0x0000000008003a88       0x10 ./Core/Src/system_stm32l4xx.o
                0x0000000008003a88                AHBPrescTable
 .rodata.MSIRangeTable
                0x0000000008003a98       0x30 ./Core/Src/system_stm32l4xx.o
                0x0000000008003a98                MSIRangeTable
                0x0000000008003ac8                . = ALIGN (0x4)

.rel.dyn        0x0000000008003ac8        0x0
 .rel.iplt      0x0000000008003ac8        0x0 c:/st/stm32cubeide_1.9.0/stm32cubeide/plugins/com.st.stm32cube.ide.mcu.externaltools.gnu-tools-for-stm32.10.3-2021.10.win32_1.0.0.202111181127/tools/bin/../lib/gcc/arm-none-eabi/10.3.1/thumb/v7e-m+fp/hard/crtbegin.o

.ARM.extab      0x0000000008003ac8        0x0
                0x0000000008003ac8                . = ALIGN (0x4)
 *(.ARM.extab* .gnu.linkonce.armextab.*)
                0x0000000008003ac8                . = ALIGN (0x4)

.ARM            0x0000000008003ac8        0x0
                0x0000000008003ac8                . = ALIGN (0x4)
                0x0000000008003ac8                __exidx_start = .
 *(.ARM.exidx*)
                0x0000000008003ac8                __exidx_end = .
                0x0000000008003ac8                . = ALIGN (0x4)

.preinit_array  0x0000000008003ac8        0x0
                0x0000000008003ac8                . = ALIGN (0x4)
                0x0000000008003ac8                PROVIDE (__preinit_array_start = .)
 *(.preinit_array*)
                0x0000000008003ac8                PROVIDE (__preinit_array_end = .)
                0x0000000008003ac8                . = ALIGN (0x4)

.init_array     0x0000000008003ac8        0x4
                0x0000000008003ac8                . = ALIGN (0x4)
                0x0000000008003ac8                PROVIDE (__init_array_start = .)
 *(SORT_BY_NAME(.init_array.*))
 *(.init_array*)
 .init_array    0x0000000008003ac8        0x4 c:/st/stm32cubeide_1.9.0/stm32cubeide/plugins/com.st.stm32cube.ide.mcu.externaltools.gnu-tools-for-stm32.10.3-2021.10.win32_1.0.0.202111181127/tools/bin/../lib/gcc/arm-none-eabi/10.3.1/thumb/v7e-m+fp/hard/crtbegin.o
                0x0000000008003acc                PROVIDE (__init_array_end = .)
                0x0000000008003acc                . = ALIGN (0x4)

.fini_array     0x0000000008003acc        0x4
                0x0000000008003acc                . = ALIGN (0x4)
                [!provide]                        PROVIDE (__fini_array_start = .)
 *(SORT_BY_NAME(.fini_array.*))
 *(.fini_array*)
 .fini_array    0x0000000008003acc        0x4 c:/st/stm32cubeide_1.9.0/stm32cubeide/plugins/com.st.stm32cube.ide.mcu.externaltools.gnu-tools-for-stm32.10.3-2021.10.win32_1.0.0.202111181127/tools/bin/../lib/gcc/arm-none-eabi/10.3.1/thumb/v7e-m+fp/hard/crtbegin.o
                [!provide]                        PROVIDE (__fini_array_end = .)
                0x0000000008003ad0                . = ALIGN (0x4)
                0x0000000008003ad0                _sidata = LOADADDR (.data)

.data           0x0000000020000000        0xc load address 0x0000000008003ad0
                0x0000000020000000                . = ALIGN (0x4)
                0x0000000020000000                _sdata = .
 *(.data)
 *(.data*)
 .data.SystemCoreClock
                0x0000000020000000        0x4 ./Core/Src/system_stm32l4xx.o
                0x0000000020000000                SystemCoreClock
 .data.uwTickPrio
                0x0000000020000004        0x4 ./Drivers/STM32L4xx_HAL_Driver/Src/stm32l4xx_hal.o
                0x0000000020000004                uwTickPrio
 .data.uwTickFreq
                0x0000000020000008        0x1 ./Drivers/STM32L4xx_HAL_Driver/Src/stm32l4xx_hal.o
                0x0000000020000008                uwTickFreq
 *(.RamFunc)
 *(.RamFunc*)
                0x000000002000000c                . = ALIGN (0x4)
 *fill*         0x0000000020000009        0x3 
                0x000000002000000c                _edata = .

.igot.plt       0x000000002000000c        0x0 load address 0x0000000008003adc
 .igot.plt      0x000000002000000c        0x0 c:/st/stm32cubeide_1.9.0/stm32cubeide/plugins/com.st.stm32cube.ide.mcu.externaltools.gnu-tools-for-stm32.10.3-2021.10.win32_1.0.0.202111181127/tools/bin/../lib/gcc/arm-none-eabi/10.3.1/thumb/v7e-m+fp/hard/crtbegin.o
                0x000000002000000c                . = ALIGN (0x4)

.bss            0x000000002000000c       0xa0 load address 0x0000000008003adc
                0x000000002000000c                _sbss = .
                0x000000002000000c                __bss_start__ = _sbss
 *(.bss)
 .bss           0x000000002000000c       0x1c c:/st/stm32cubeide_1.9.0/stm32cubeide/plugins/com.st.stm32cube.ide.mcu.externaltools.gnu-tools-for-stm32.10.3-2021.10.win32_1.0.0.202111181127/tools/bin/../lib/gcc/arm-none-eabi/10.3.1/thumb/v7e-m+fp/hard/crtbegin.o
 *(.bss*)
 .bss.gyro_scale_factor
                0x0000000020000028        0x4 ./Core/Src/icm20948.o
 .bss.accel_scale_factor
                0x000000002000002c        0x4 ./Core/Src/icm20948.o
 .bss.reg_val.0
                0x0000000020000030        0x6 ./Core/Src/icm20948.o
 *fill*         0x0000000020000036        0x2 
 .bss.my_mag    0x0000000020000038        0xc ./Core/Src/main.o
                0x0000000020000038                my_mag
 .bss.hspi3     0x0000000020000044       0x64 ./Core/Src/spi.o
                0x0000000020000044                hspi3
 .bss.uwTick    0x00000000200000a8        0x4 ./Drivers/STM32L4xx_HAL_Driver/Src/stm32l4xx_hal.o
                0x00000000200000a8                uwTick
 *(COMMON)
                0x00000000200000ac                . = ALIGN (0x4)
                0x00000000200000ac                _ebss = .
                0x00000000200000ac                __bss_end__ = _ebss

._user_heap_stack
                0x00000000200000ac      0x604 load address 0x0000000008003adc
                0x00000000200000b0                . = ALIGN (0x8)
 *fill*         0x00000000200000ac        0x4 
                [!provide]                        PROVIDE (end = .)
                0x00000000200000b0                PROVIDE (_end = .)
                0x00000000200002b0                . = (. + _Min_Heap_Size)
 *fill*         0x00000000200000b0      0x200 
                0x00000000200006b0                . = (. + _Min_Stack_Size)
 *fill*         0x00000000200002b0      0x400 
                0x00000000200006b0                . = ALIGN (0x8)

/DISCARD/
 libc.a(*)
 libm.a(*)
 libgcc.a(*)

.ARM.attributes
                0x0000000000000000       0x30
 *(.ARM.attributes)
 .ARM.attributes
                0x0000000000000000       0x1e c:/st/stm32cubeide_1.9.0/stm32cubeide/plugins/com.st.stm32cube.ide.mcu.externaltools.gnu-tools-for-stm32.10.3-2021.10.win32_1.0.0.202111181127/tools/bin/../lib/gcc/arm-none-eabi/10.3.1/thumb/v7e-m+fp/hard/crti.o
 .ARM.attributes
                0x000000000000001e       0x34 c:/st/stm32cubeide_1.9.0/stm32cubeide/plugins/com.st.stm32cube.ide.mcu.externaltools.gnu-tools-for-stm32.10.3-2021.10.win32_1.0.0.202111181127/tools/bin/../lib/gcc/arm-none-eabi/10.3.1/thumb/v7e-m+fp/hard/crtbegin.o
 .ARM.attributes
                0x0000000000000052       0x34 ./Core/Src/gpio.o
 .ARM.attributes
                0x0000000000000086       0x34 ./Core/Src/icm20948.o
 .ARM.attributes
                0x00000000000000ba       0x34 ./Core/Src/main.o
 .ARM.attributes
                0x00000000000000ee       0x34 ./Core/Src/spi.o
 .ARM.attributes
                0x0000000000000122       0x34 ./Core/Src/stm32l4xx_hal_msp.o
 .ARM.attributes
                0x0000000000000156       0x34 ./Core/Src/stm32l4xx_it.o
 .ARM.attributes
                0x000000000000018a       0x34 ./Core/Src/system_stm32l4xx.o
 .ARM.attributes
                0x00000000000001be       0x21 ./Core/Startup/startup_stm32l476rgtx.o
 .ARM.attributes
                0x00000000000001df       0x34 ./Drivers/STM32L4xx_HAL_Driver/Src/stm32l4xx_hal.o
 .ARM.attributes
                0x0000000000000213       0x34 ./Drivers/STM32L4xx_HAL_Driver/Src/stm32l4xx_hal_cortex.o
 .ARM.attributes
                0x0000000000000247       0x34 ./Drivers/STM32L4xx_HAL_Driver/Src/stm32l4xx_hal_gpio.o
 .ARM.attributes
                0x000000000000027b       0x34 ./Drivers/STM32L4xx_HAL_Driver/Src/stm32l4xx_hal_pwr_ex.o
 .ARM.attributes
                0x00000000000002af       0x34 ./Drivers/STM32L4xx_HAL_Driver/Src/stm32l4xx_hal_rcc.o
 .ARM.attributes
                0x00000000000002e3       0x34 ./Drivers/STM32L4xx_HAL_Driver/Src/stm32l4xx_hal_spi.o
 .ARM.attributes
                0x0000000000000317       0x34 c:/st/stm32cubeide_1.9.0/stm32cubeide/plugins/com.st.stm32cube.ide.mcu.externaltools.gnu-tools-for-stm32.10.3-2021.10.win32_1.0.0.202111181127/tools/bin/../lib/gcc/arm-none-eabi/10.3.1/../../../../arm-none-eabi/lib/thumb/v7e-m+fp/hard\libc_nano.a(lib_a-init.o)
 .ARM.attributes
                0x000000000000034b       0x34 c:/st/stm32cubeide_1.9.0/stm32cubeide/plugins/com.st.stm32cube.ide.mcu.externaltools.gnu-tools-for-stm32.10.3-2021.10.win32_1.0.0.202111181127/tools/bin/../lib/gcc/arm-none-eabi/10.3.1/../../../../arm-none-eabi/lib/thumb/v7e-m+fp/hard\libc_nano.a(lib_a-memset.o)
 .ARM.attributes
                0x000000000000037f       0x1e c:/st/stm32cubeide_1.9.0/stm32cubeide/plugins/com.st.stm32cube.ide.mcu.externaltools.gnu-tools-for-stm32.10.3-2021.10.win32_1.0.0.202111181127/tools/bin/../lib/gcc/arm-none-eabi/10.3.1/thumb/v7e-m+fp/hard\libgcc.a(_arm_muldf3.o)
 .ARM.attributes
                0x000000000000039d       0x1e c:/st/stm32cubeide_1.9.0/stm32cubeide/plugins/com.st.stm32cube.ide.mcu.externaltools.gnu-tools-for-stm32.10.3-2021.10.win32_1.0.0.202111181127/tools/bin/../lib/gcc/arm-none-eabi/10.3.1/thumb/v7e-m+fp/hard\libgcc.a(_arm_addsubdf3.o)
 .ARM.attributes
                0x00000000000003bb       0x1e c:/st/stm32cubeide_1.9.0/stm32cubeide/plugins/com.st.stm32cube.ide.mcu.externaltools.gnu-tools-for-stm32.10.3-2021.10.win32_1.0.0.202111181127/tools/bin/../lib/gcc/arm-none-eabi/10.3.1/thumb/v7e-m+fp/hard\libgcc.a(_arm_truncdfsf2.o)
 .ARM.attributes
                0x00000000000003d9       0x1e c:/st/stm32cubeide_1.9.0/stm32cubeide/plugins/com.st.stm32cube.ide.mcu.externaltools.gnu-tools-for-stm32.10.3-2021.10.win32_1.0.0.202111181127/tools/bin/../lib/gcc/arm-none-eabi/10.3.1/thumb/v7e-m+fp/hard/crtn.o
OUTPUT(proj_sensor_v2.elf elf32-littlearm)
LOAD linker stubs
LOAD c:/st/stm32cubeide_1.9.0/stm32cubeide/plugins/com.st.stm32cube.ide.mcu.externaltools.gnu-tools-for-stm32.10.3-2021.10.win32_1.0.0.202111181127/tools/bin/../lib/gcc/arm-none-eabi/10.3.1/../../../../arm-none-eabi/lib/thumb/v7e-m+fp/hard\libc.a
LOAD c:/st/stm32cubeide_1.9.0/stm32cubeide/plugins/com.st.stm32cube.ide.mcu.externaltools.gnu-tools-for-stm32.10.3-2021.10.win32_1.0.0.202111181127/tools/bin/../lib/gcc/arm-none-eabi/10.3.1/../../../../arm-none-eabi/lib/thumb/v7e-m+fp/hard\libm.a
LOAD c:/st/stm32cubeide_1.9.0/stm32cubeide/plugins/com.st.stm32cube.ide.mcu.externaltools.gnu-tools-for-stm32.10.3-2021.10.win32_1.0.0.202111181127/tools/bin/../lib/gcc/arm-none-eabi/10.3.1/thumb/v7e-m+fp/hard\libgcc.a

.debug_info     0x0000000000000000     0x7fc6
 .debug_info    0x0000000000000000      0x524 ./Core/Src/gpio.o
 .debug_info    0x0000000000000524     0x1157 ./Core/Src/icm20948.o
 .debug_info    0x000000000000167b      0x408 ./Core/Src/main.o
 .debug_info    0x0000000000001a83      0xa39 ./Core/Src/spi.o
 .debug_info    0x00000000000024bc      0x308 ./Core/Src/stm32l4xx_hal_msp.o
 .debug_info    0x00000000000027c4      0x122 ./Core/Src/stm32l4xx_it.o
 .debug_info    0x00000000000028e6      0x5c6 ./Core/Src/system_stm32l4xx.o
 .debug_info    0x0000000000002eac       0x22 ./Core/Startup/startup_stm32l476rgtx.o
 .debug_info    0x0000000000002ece      0xc57 ./Drivers/STM32L4xx_HAL_Driver/Src/stm32l4xx_hal.o
 .debug_info    0x0000000000003b25      0xe21 ./Drivers/STM32L4xx_HAL_Driver/Src/stm32l4xx_hal_cortex.o
 .debug_info    0x0000000000004946      0x821 ./Drivers/STM32L4xx_HAL_Driver/Src/stm32l4xx_hal_gpio.o
 .debug_info    0x0000000000005167      0x9f0 ./Drivers/STM32L4xx_HAL_Driver/Src/stm32l4xx_hal_pwr_ex.o
 .debug_info    0x0000000000005b57      0xced ./Drivers/STM32L4xx_HAL_Driver/Src/stm32l4xx_hal_rcc.o
 .debug_info    0x0000000000006844     0x1782 ./Drivers/STM32L4xx_HAL_Driver/Src/stm32l4xx_hal_spi.o

.debug_abbrev   0x0000000000000000     0x1808
 .debug_abbrev  0x0000000000000000      0x146 ./Core/Src/gpio.o
 .debug_abbrev  0x0000000000000146      0x2d4 ./Core/Src/icm20948.o
 .debug_abbrev  0x000000000000041a      0x1a1 ./Core/Src/main.o
 .debug_abbrev  0x00000000000005bb      0x1e0 ./Core/Src/spi.o
 .debug_abbrev  0x000000000000079b       0xc2 ./Core/Src/stm32l4xx_hal_msp.o
 .debug_abbrev  0x000000000000085d       0x74 ./Core/Src/stm32l4xx_it.o
 .debug_abbrev  0x00000000000008d1      0x116 ./Core/Src/system_stm32l4xx.o
 .debug_abbrev  0x00000000000009e7       0x12 ./Core/Startup/startup_stm32l476rgtx.o
 .debug_abbrev  0x00000000000009f9      0x23a ./Drivers/STM32L4xx_HAL_Driver/Src/stm32l4xx_hal.o
 .debug_abbrev  0x0000000000000c33      0x316 ./Drivers/STM32L4xx_HAL_Driver/Src/stm32l4xx_hal_cortex.o
 .debug_abbrev  0x0000000000000f49      0x1bb ./Drivers/STM32L4xx_HAL_Driver/Src/stm32l4xx_hal_gpio.o
 .debug_abbrev  0x0000000000001104      0x1f3 ./Drivers/STM32L4xx_HAL_Driver/Src/stm32l4xx_hal_pwr_ex.o
 .debug_abbrev  0x00000000000012f7      0x2bd ./Drivers/STM32L4xx_HAL_Driver/Src/stm32l4xx_hal_rcc.o
 .debug_abbrev  0x00000000000015b4      0x254 ./Drivers/STM32L4xx_HAL_Driver/Src/stm32l4xx_hal_spi.o

.debug_aranges  0x0000000000000000      0x908
 .debug_aranges
                0x0000000000000000       0x20 ./Core/Src/gpio.o
 .debug_aranges
                0x0000000000000020      0x150 ./Core/Src/icm20948.o
 .debug_aranges
                0x0000000000000170       0x30 ./Core/Src/main.o
 .debug_aranges
                0x00000000000001a0       0x30 ./Core/Src/spi.o
 .debug_aranges
                0x00000000000001d0       0x20 ./Core/Src/stm32l4xx_hal_msp.o
 .debug_aranges
                0x00000000000001f0       0x60 ./Core/Src/stm32l4xx_it.o
 .debug_aranges
                0x0000000000000250       0x28 ./Core/Src/system_stm32l4xx.o
 .debug_aranges
                0x0000000000000278       0x28 ./Core/Startup/startup_stm32l476rgtx.o
 .debug_aranges
                0x00000000000002a0      0x130 ./Drivers/STM32L4xx_HAL_Driver/Src/stm32l4xx_hal.o
 .debug_aranges
                0x00000000000003d0      0x118 ./Drivers/STM32L4xx_HAL_Driver/Src/stm32l4xx_hal_cortex.o
 .debug_aranges
                0x00000000000004e8       0x58 ./Drivers/STM32L4xx_HAL_Driver/Src/stm32l4xx_hal_gpio.o
 .debug_aranges
                0x0000000000000540      0x160 ./Drivers/STM32L4xx_HAL_Driver/Src/stm32l4xx_hal_pwr_ex.o
 .debug_aranges
                0x00000000000006a0       0x90 ./Drivers/STM32L4xx_HAL_Driver/Src/stm32l4xx_hal_rcc.o
 .debug_aranges
                0x0000000000000730      0x1d8 ./Drivers/STM32L4xx_HAL_Driver/Src/stm32l4xx_hal_spi.o

.debug_ranges   0x0000000000000000      0x830
 .debug_ranges  0x0000000000000000       0x10 ./Core/Src/gpio.o
 .debug_ranges  0x0000000000000010      0x140 ./Core/Src/icm20948.o
 .debug_ranges  0x0000000000000150       0x20 ./Core/Src/main.o
 .debug_ranges  0x0000000000000170       0x20 ./Core/Src/spi.o
 .debug_ranges  0x0000000000000190       0x10 ./Core/Src/stm32l4xx_hal_msp.o
 .debug_ranges  0x00000000000001a0       0x50 ./Core/Src/stm32l4xx_it.o
 .debug_ranges  0x00000000000001f0       0x18 ./Core/Src/system_stm32l4xx.o
 .debug_ranges  0x0000000000000208       0x20 ./Core/Startup/startup_stm32l476rgtx.o
 .debug_ranges  0x0000000000000228      0x120 ./Drivers/STM32L4xx_HAL_Driver/Src/stm32l4xx_hal.o
 .debug_ranges  0x0000000000000348      0x108 ./Drivers/STM32L4xx_HAL_Driver/Src/stm32l4xx_hal_cortex.o
 .debug_ranges  0x0000000000000450       0x48 ./Drivers/STM32L4xx_HAL_Driver/Src/stm32l4xx_hal_gpio.o
 .debug_ranges  0x0000000000000498      0x150 ./Drivers/STM32L4xx_HAL_Driver/Src/stm32l4xx_hal_pwr_ex.o
 .debug_ranges  0x00000000000005e8       0x80 ./Drivers/STM32L4xx_HAL_Driver/Src/stm32l4xx_hal_rcc.o
 .debug_ranges  0x0000000000000668      0x1c8 ./Drivers/STM32L4xx_HAL_Driver/Src/stm32l4xx_hal_spi.o

.debug_macro    0x0000000000000000    0x254ff
 .debug_macro   0x0000000000000000      0x1df ./Core/Src/gpio.o
 .debug_macro   0x00000000000001df      0xa78 ./Core/Src/gpio.o
 .debug_macro   0x0000000000000c57      0x1a7 ./Core/Src/gpio.o
 .debug_macro   0x0000000000000dfe       0x2e ./Core/Src/gpio.o
 .debug_macro   0x0000000000000e2c       0x28 ./Core/Src/gpio.o
 .debug_macro   0x0000000000000e54       0x22 ./Core/Src/gpio.o
 .debug_macro   0x0000000000000e76       0x8e ./Core/Src/gpio.o
 .debug_macro   0x0000000000000f04       0x51 ./Core/Src/gpio.o
 .debug_macro   0x0000000000000f55      0x103 ./Core/Src/gpio.o
 .debug_macro   0x0000000000001058       0x6a ./Core/Src/gpio.o
 .debug_macro   0x00000000000010c2      0x1df ./Core/Src/gpio.o
 .debug_macro   0x00000000000012a1       0x1c ./Core/Src/gpio.o
 .debug_macro   0x00000000000012bd       0x22 ./Core/Src/gpio.o
 .debug_macro   0x00000000000012df       0xfb ./Core/Src/gpio.o
 .debug_macro   0x00000000000013da     0x1011 ./Core/Src/gpio.o
 .debug_macro   0x00000000000023eb      0x11f ./Core/Src/gpio.o
 .debug_macro   0x000000000000250a    0x1a17a ./Core/Src/gpio.o
 .debug_macro   0x000000000001c684       0x6d ./Core/Src/gpio.o
 .debug_macro   0x000000000001c6f1     0x38e6 ./Core/Src/gpio.o
 .debug_macro   0x000000000001ffd7      0x174 ./Core/Src/gpio.o
 .debug_macro   0x000000000002014b       0x5c ./Core/Src/gpio.o
 .debug_macro   0x00000000000201a7     0x159e ./Core/Src/gpio.o
 .debug_macro   0x0000000000021745      0x5a5 ./Core/Src/gpio.o
 .debug_macro   0x0000000000021cea      0x1b9 ./Core/Src/gpio.o
 .debug_macro   0x0000000000021ea3      0x18b ./Core/Src/gpio.o
 .debug_macro   0x000000000002202e      0x26b ./Core/Src/gpio.o
 .debug_macro   0x0000000000022299      0x23d ./Core/Src/gpio.o
 .debug_macro   0x00000000000224d6      0x241 ./Core/Src/gpio.o
 .debug_macro   0x0000000000022717      0x37c ./Core/Src/gpio.o
 .debug_macro   0x0000000000022a93       0xd6 ./Core/Src/gpio.o
 .debug_macro   0x0000000000022b69      0x22c ./Core/Src/gpio.o
 .debug_macro   0x0000000000022d95       0x61 ./Core/Src/gpio.o
 .debug_macro   0x0000000000022df6       0xa5 ./Core/Src/gpio.o
 .debug_macro   0x0000000000022e9b      0x122 ./Core/Src/gpio.o
 .debug_macro   0x0000000000022fbd      0x3ef ./Core/Src/gpio.o
 .debug_macro   0x00000000000233ac      0x2fe ./Core/Src/gpio.o
 .debug_macro   0x00000000000236aa      0x330 ./Core/Src/gpio.o
 .debug_macro   0x00000000000239da       0x64 ./Core/Src/gpio.o
 .debug_macro   0x0000000000023a3e      0x1f7 ./Core/Src/icm20948.o
 .debug_macro   0x0000000000023c35       0x22 ./Core/Src/icm20948.o
 .debug_macro   0x0000000000023c57      0x3df ./Core/Src/icm20948.o
 .debug_macro   0x0000000000024036      0x209 ./Core/Src/main.o
 .debug_macro   0x000000000002423f      0x1df ./Core/Src/spi.o
 .debug_macro   0x000000000002441e      0x1d5 ./Core/Src/stm32l4xx_hal_msp.o
 .debug_macro   0x00000000000245f3      0x1df ./Core/Src/stm32l4xx_it.o
 .debug_macro   0x00000000000247d2      0x1c6 ./Core/Src/system_stm32l4xx.o
 .debug_macro   0x0000000000024998      0x214 ./Drivers/STM32L4xx_HAL_Driver/Src/stm32l4xx_hal.o
 .debug_macro   0x0000000000024bac      0x1c6 ./Drivers/STM32L4xx_HAL_Driver/Src/stm32l4xx_hal_cortex.o
 .debug_macro   0x0000000000024d72      0x1cd ./Drivers/STM32L4xx_HAL_Driver/Src/stm32l4xx_hal_gpio.o
 .debug_macro   0x0000000000024f3f      0x1ea ./Drivers/STM32L4xx_HAL_Driver/Src/stm32l4xx_hal_pwr_ex.o
 .debug_macro   0x0000000000025129      0x208 ./Drivers/STM32L4xx_HAL_Driver/Src/stm32l4xx_hal_rcc.o
 .debug_macro   0x0000000000025331      0x1ce ./Drivers/STM32L4xx_HAL_Driver/Src/stm32l4xx_hal_spi.o

.debug_line     0x0000000000000000     0x9685
 .debug_line    0x0000000000000000      0x6ef ./Core/Src/gpio.o
 .debug_line    0x00000000000006ef      0xe58 ./Core/Src/icm20948.o
 .debug_line    0x0000000000001547      0x75e ./Core/Src/main.o
 .debug_line    0x0000000000001ca5      0x72f ./Core/Src/spi.o
 .debug_line    0x00000000000023d4      0x6b6 ./Core/Src/stm32l4xx_hal_msp.o
 .debug_line    0x0000000000002a8a      0x779 ./Core/Src/stm32l4xx_it.o
 .debug_line    0x0000000000003203      0x74e ./Core/Src/system_stm32l4xx.o
 .debug_line    0x0000000000003951       0x88 ./Core/Startup/startup_stm32l476rgtx.o
 .debug_line    0x00000000000039d9      0xaa7 ./Drivers/STM32L4xx_HAL_Driver/Src/stm32l4xx_hal.o
 .debug_line    0x0000000000004480      0xc4d ./Drivers/STM32L4xx_HAL_Driver/Src/stm32l4xx_hal_cortex.o
 .debug_line    0x00000000000050cd      0xb1a ./Drivers/STM32L4xx_HAL_Driver/Src/stm32l4xx_hal_gpio.o
 .debug_line    0x0000000000005be7      0xc9e ./Drivers/STM32L4xx_HAL_Driver/Src/stm32l4xx_hal_pwr_ex.o
 .debug_line    0x0000000000006885      0xf20 ./Drivers/STM32L4xx_HAL_Driver/Src/stm32l4xx_hal_rcc.o
 .debug_line    0x00000000000077a5     0x1ee0 ./Drivers/STM32L4xx_HAL_Driver/Src/stm32l4xx_hal_spi.o

.debug_str      0x0000000000000000    0xe3626
 .debug_str     0x0000000000000000    0xdfe95 ./Core/Src/gpio.o
                                      0xe013a (size before relaxing)
 .debug_str     0x00000000000dfe95     0x15ed ./Core/Src/icm20948.o
                                      0xe1603 (size before relaxing)
 .debug_str     0x00000000000e1482      0x211 ./Core/Src/main.o
                                      0xe0ded (size before relaxing)
 .debug_str     0x00000000000e1693       0x5b ./Core/Src/spi.o
                                      0xe0554 (size before relaxing)
 .debug_str     0x00000000000e16ee       0x2c ./Core/Src/stm32l4xx_hal_msp.o
                                      0xe0058 (size before relaxing)
 .debug_str     0x00000000000e171a       0xc9 ./Core/Src/stm32l4xx_it.o
                                      0xdff91 (size before relaxing)
 .debug_str     0x00000000000e17e3       0xf2 ./Core/Src/system_stm32l4xx.o
                                      0xdffca (size before relaxing)
 .debug_str     0x00000000000e18d5       0x36 ./Core/Startup/startup_stm32l476rgtx.o
                                         0x77 (size before relaxing)
 .debug_str     0x00000000000e190b      0xafb ./Drivers/STM32L4xx_HAL_Driver/Src/stm32l4xx_hal.o
                                      0xe0bc9 (size before relaxing)
 .debug_str     0x00000000000e2406      0x33a ./Drivers/STM32L4xx_HAL_Driver/Src/stm32l4xx_hal_cortex.o
                                      0xe0811 (size before relaxing)
 .debug_str     0x00000000000e2740      0x123 ./Drivers/STM32L4xx_HAL_Driver/Src/stm32l4xx_hal_gpio.o
                                      0xe0143 (size before relaxing)
 .debug_str     0x00000000000e2863      0x4e3 ./Drivers/STM32L4xx_HAL_Driver/Src/stm32l4xx_hal_pwr_ex.o
                                      0xe0525 (size before relaxing)
 .debug_str     0x00000000000e2d46      0x33f ./Drivers/STM32L4xx_HAL_Driver/Src/stm32l4xx_hal_rcc.o
                                      0xe0610 (size before relaxing)
 .debug_str     0x00000000000e3085      0x5a1 ./Drivers/STM32L4xx_HAL_Driver/Src/stm32l4xx_hal_spi.o
                                      0xe07eb (size before relaxing)

.comment        0x0000000000000000       0x50
 .comment       0x0000000000000000       0x50 ./Core/Src/gpio.o
                                         0x51 (size before relaxing)
 .comment       0x0000000000000050       0x51 ./Core/Src/icm20948.o
 .comment       0x0000000000000050       0x51 ./Core/Src/main.o
 .comment       0x0000000000000050       0x51 ./Core/Src/spi.o
 .comment       0x0000000000000050       0x51 ./Core/Src/stm32l4xx_hal_msp.o
 .comment       0x0000000000000050       0x51 ./Core/Src/stm32l4xx_it.o
 .comment       0x0000000000000050       0x51 ./Core/Src/system_stm32l4xx.o
 .comment       0x0000000000000050       0x51 ./Drivers/STM32L4xx_HAL_Driver/Src/stm32l4xx_hal.o
 .comment       0x0000000000000050       0x51 ./Drivers/STM32L4xx_HAL_Driver/Src/stm32l4xx_hal_cortex.o
 .comment       0x0000000000000050       0x51 ./Drivers/STM32L4xx_HAL_Driver/Src/stm32l4xx_hal_gpio.o
 .comment       0x0000000000000050       0x51 ./Drivers/STM32L4xx_HAL_Driver/Src/stm32l4xx_hal_pwr_ex.o
 .comment       0x0000000000000050       0x51 ./Drivers/STM32L4xx_HAL_Driver/Src/stm32l4xx_hal_rcc.o
 .comment       0x0000000000000050       0x51 ./Drivers/STM32L4xx_HAL_Driver/Src/stm32l4xx_hal_spi.o

.debug_frame    0x0000000000000000     0x23c4
 .debug_frame   0x0000000000000000       0x34 ./Core/Src/gpio.o
 .debug_frame   0x0000000000000034      0x558 ./Core/Src/icm20948.o
 .debug_frame   0x000000000000058c       0x68 ./Core/Src/main.o
 .debug_frame   0x00000000000005f4       0x74 ./Core/Src/spi.o
 .debug_frame   0x0000000000000668       0x38 ./Core/Src/stm32l4xx_hal_msp.o
 .debug_frame   0x00000000000006a0      0x104 ./Core/Src/stm32l4xx_it.o
 .debug_frame   0x00000000000007a4       0x58 ./Core/Src/system_stm32l4xx.o
 .debug_frame   0x00000000000007fc      0x498 ./Drivers/STM32L4xx_HAL_Driver/Src/stm32l4xx_hal.o
 .debug_frame   0x0000000000000c94      0x498 ./Drivers/STM32L4xx_HAL_Driver/Src/stm32l4xx_hal_cortex.o
 .debug_frame   0x000000000000112c      0x14c ./Drivers/STM32L4xx_HAL_Driver/Src/stm32l4xx_hal_gpio.o
 .debug_frame   0x0000000000001278      0x584 ./Drivers/STM32L4xx_HAL_Driver/Src/stm32l4xx_hal_pwr_ex.o
 .debug_frame   0x00000000000017fc      0x21c ./Drivers/STM32L4xx_HAL_Driver/Src/stm32l4xx_hal_rcc.o
 .debug_frame   0x0000000000001a18      0x860 ./Drivers/STM32L4xx_HAL_Driver/Src/stm32l4xx_hal_spi.o
 .debug_frame   0x0000000000002278       0x2c c:/st/stm32cubeide_1.9.0/stm32cubeide/plugins/com.st.stm32cube.ide.mcu.externaltools.gnu-tools-for-stm32.10.3-2021.10.win32_1.0.0.202111181127/tools/bin/../lib/gcc/arm-none-eabi/10.3.1/../../../../arm-none-eabi/lib/thumb/v7e-m+fp/hard\libc_nano.a(lib_a-init.o)
 .debug_frame   0x00000000000022a4       0x20 c:/st/stm32cubeide_1.9.0/stm32cubeide/plugins/com.st.stm32cube.ide.mcu.externaltools.gnu-tools-for-stm32.10.3-2021.10.win32_1.0.0.202111181127/tools/bin/../lib/gcc/arm-none-eabi/10.3.1/../../../../arm-none-eabi/lib/thumb/v7e-m+fp/hard\libc_nano.a(lib_a-memset.o)
 .debug_frame   0x00000000000022c4       0x30 c:/st/stm32cubeide_1.9.0/stm32cubeide/plugins/com.st.stm32cube.ide.mcu.externaltools.gnu-tools-for-stm32.10.3-2021.10.win32_1.0.0.202111181127/tools/bin/../lib/gcc/arm-none-eabi/10.3.1/thumb/v7e-m+fp/hard\libgcc.a(_arm_muldf3.o)
 .debug_frame   0x00000000000022f4       0xac c:/st/stm32cubeide_1.9.0/stm32cubeide/plugins/com.st.stm32cube.ide.mcu.externaltools.gnu-tools-for-stm32.10.3-2021.10.win32_1.0.0.202111181127/tools/bin/../lib/gcc/arm-none-eabi/10.3.1/thumb/v7e-m+fp/hard\libgcc.a(_arm_addsubdf3.o)
 .debug_frame   0x00000000000023a0       0x24 c:/st/stm32cubeide_1.9.0/stm32cubeide/plugins/com.st.stm32cube.ide.mcu.externaltools.gnu-tools-for-stm32.10.3-2021.10.win32_1.0.0.202111181127/tools/bin/../lib/gcc/arm-none-eabi/10.3.1/thumb/v7e-m+fp/hard\libgcc.a(_arm_truncdfsf2.o)
