C:/Users/thomas/Desktop/Magnet_detector/Core/Src/main.c:858:13:SPI5_Write	16	static
C:/Users/thomas/Desktop/Magnet_detector/Core/Src/main.c:970:13:TouchGFX_Task	8	static
C:/Users/thomas/Desktop/Magnet_detector/Core/Src/main.c:988:6:SPI_Read_Func	8	static
C:/Users/thomas/Desktop/Magnet_detector/Core/Src/main.c:245:6:SystemClock_Config	96	static
C:/Users/thomas/Desktop/Magnet_detector/Core/Src/main.c:155:5:main	120	static
C:/Users/thomas/Desktop/Magnet_detector/Core/Src/main.c:702:6:IOE_Init	0	static
C:/Users/thomas/Desktop/Magnet_detector/Core/Src/main.c:711:6:IOE_ITConfig	0	static
C:/Users/thomas/Desktop/Magnet_detector/Core/Src/main.c:723:6:IOE_Write	32	static
C:/Users/thomas/Desktop/Magnet_detector/Core/Src/main.c:734:9:IOE_Read	32	static
C:/Users/thomas/Desktop/Magnet_detector/Core/Src/main.c:747:10:IOE_ReadMultiple	24	static
C:/Users/thomas/Desktop/Magnet_detector/Core/Src/main.c:756:6:IOE_Delay	0	static
C:/Users/thomas/Desktop/Magnet_detector/Core/Src/main.c:884:6:LCD_IO_Init	8	static
C:/Users/thomas/Desktop/Magnet_detector/Core/Src/main.c:894:6:LCD_IO_WriteData	16	static
C:/Users/thomas/Desktop/Magnet_detector/Core/Src/main.c:910:6:LCD_IO_WriteReg	16	static
C:/Users/thomas/Desktop/Magnet_detector/Core/Src/main.c:929:10:LCD_IO_ReadData	32	static
C:/Users/thomas/Desktop/Magnet_detector/Core/Src/main.c:956:6:LCD_Delay	0	static
C:/Users/thomas/Desktop/Magnet_detector/Core/Src/main.c:1010:6:HAL_TIM_PeriodElapsedCallback	0	static
C:/Users/thomas/Desktop/Magnet_detector/Core/Src/main.c:1027:6:Error_Handler	0	static
